[2.517s] Invoking command in '/home/rokey/ROKEY_P3_A1/cobot3_ws/build/nav_to_goal': DEBUGINFOD_URLS=https://debuginfod.ubuntu.com PYTHONPATH=/home/rokey/ROKEY_P3_A1/cobot3_ws/build/nav_to_goal/prefix_override:/usr/lib/python3/dist-packages/colcon_core/task/python/colcon_distutils_commands:/home/rokey/ROKEY_P3_A1/cobot3_ws/install/nav_to_goal/lib/python3.12/site-packages:${PYTHONPATH} /usr/bin/python3 -W ignore:setup.py install is deprecated -W ignore:easy_install command is deprecated setup.py develop --editable --build-directory /home/rokey/ROKEY_P3_A1/cobot3_ws/build/nav_to_goal/build --no-deps symlink_data
[3.006s] running develop
[3.294s] running egg_info
[3.295s] creating nav_to_goal.egg-info
[3.322s] writing nav_to_goal.egg-info/PKG-INFO
[3.323s] writing dependency_links to nav_to_goal.egg-info/dependency_links.txt
[3.323s] writing entry points to nav_to_goal.egg-info/entry_points.txt
[3.323s] writing requirements to nav_to_goal.egg-info/requires.txt
[3.323s] writing top-level names to nav_to_goal.egg-info/top_level.txt
[3.323s] writing manifest file 'nav_to_goal.egg-info/SOURCES.txt'
[3.381s] reading manifest file 'nav_to_goal.egg-info/SOURCES.txt'
[3.381s] writing manifest file 'nav_to_goal.egg-info/SOURCES.txt'
[3.412s] running build_ext
[3.412s] Creating /home/rokey/ROKEY_P3_A1/cobot3_ws/install/nav_to_goal/lib/python3.12/site-packages/nav-to-goal.egg-link (link to .)
[3.413s] Installing detector script to /home/rokey/ROKEY_P3_A1/cobot3_ws/install/nav_to_goal/lib/nav_to_goal
[3.413s] Installing nav_through_pose script to /home/rokey/ROKEY_P3_A1/cobot3_ws/install/nav_to_goal/lib/nav_to_goal
[3.413s] Installing nav_to_pose script to /home/rokey/ROKEY_P3_A1/cobot3_ws/install/nav_to_goal/lib/nav_to_goal
[3.414s] 
[3.414s] Installed /home/rokey/ROKEY_P3_A1/cobot3_ws/build/nav_to_goal
[3.414s] running symlink_data
[3.414s] creating /home/rokey/ROKEY_P3_A1/cobot3_ws/install/nav_to_goal/share/ament_index
[3.414s] creating /home/rokey/ROKEY_P3_A1/cobot3_ws/install/nav_to_goal/share/ament_index/resource_index
[3.415s] creating /home/rokey/ROKEY_P3_A1/cobot3_ws/install/nav_to_goal/share/ament_index/resource_index/packages
[3.415s] symbolically linking /home/rokey/ROKEY_P3_A1/cobot3_ws/build/nav_to_goal/resource/nav_to_goal -> /home/rokey/ROKEY_P3_A1/cobot3_ws/install/nav_to_goal/share/ament_index/resource_index/packages
[3.415s] symbolically linking /home/rokey/ROKEY_P3_A1/cobot3_ws/build/nav_to_goal/package.xml -> /home/rokey/ROKEY_P3_A1/cobot3_ws/install/nav_to_goal/share/nav_to_goal
[3.471s] Invoked command in '/home/rokey/ROKEY_P3_A1/cobot3_ws/build/nav_to_goal' returned '0': DEBUGINFOD_URLS=https://debuginfod.ubuntu.com PYTHONPATH=/home/rokey/ROKEY_P3_A1/cobot3_ws/build/nav_to_goal/prefix_override:/usr/lib/python3/dist-packages/colcon_core/task/python/colcon_distutils_commands:/home/rokey/ROKEY_P3_A1/cobot3_ws/install/nav_to_goal/lib/python3.12/site-packages:${PYTHONPATH} /usr/bin/python3 -W ignore:setup.py install is deprecated -W ignore:easy_install command is deprecated setup.py develop --editable --build-directory /home/rokey/ROKEY_P3_A1/cobot3_ws/build/nav_to_goal/build --no-deps symlink_data
