[0.008s] Invoking command in '/home/shbong/ROKEY_P3_A1/cobot3_ws/build/smart_farm_interfaces': CMAKE_PREFIX_PATH=${CMAKE_PREFIX_PATH}:/opt/ros/jazzy DEBUGINFOD_URLS=https://debuginfod.ubuntu.com /usr/bin/cmake --build /home/shbong/ROKEY_P3_A1/cobot3_ws/build/smart_farm_interfaces -- -j22 -l22
[0.054s] [  2%] Built target smart_farm_interfaces__rosidl_generator_type_description
[0.055s] [  5%] Built target smart_farm_interfaces__rs
[0.062s] [  5%] Built target ament_cmake_python_copy_smart_farm_interfaces
[0.072s] [  8%] Built target smart_farm_interfaces__cpp
[0.076s] [ 22%] Built target smart_farm_interfaces__rosidl_generator_c
[0.092s] [ 31%] Built target smart_farm_interfaces__rosidl_typesupport_c
[0.093s] [ 40%] Built target smart_farm_interfaces__rosidl_typesupport_fastrtps_cpp
[0.094s] [ 48%] Built target smart_farm_interfaces__rosidl_typesupport_cpp
[0.096s] [ 57%] Built target smart_farm_interfaces__rosidl_typesupport_introspection_cpp
[0.097s] [ 65%] Built target smart_farm_interfaces__rosidl_typesupport_introspection_c
[0.100s] [ 74%] Built target smart_farm_interfaces__rosidl_typesupport_fastrtps_c
[0.116s] [ 74%] Built target smart_farm_interfaces
[0.135s] [ 77%] Built target smart_farm_interfaces__py
[0.155s] [ 82%] Built target smart_farm_interfaces__rosidl_generator_py
[0.175s] [ 88%] Built target smart_farm_interfaces_s__rosidl_typesupport_introspection_c
[0.177s] [ 94%] Built target smart_farm_interfaces_s__rosidl_typesupport_c
[0.177s] [100%] Built target smart_farm_interfaces_s__rosidl_typesupport_fastrtps_c
[0.251s] running egg_info
[0.271s] writing smart_farm_interfaces.egg-info/PKG-INFO
[0.271s] writing dependency_links to smart_farm_interfaces.egg-info/dependency_links.txt
[0.271s] writing top-level names to smart_farm_interfaces.egg-info/top_level.txt
[0.328s] reading manifest file 'smart_farm_interfaces.egg-info/SOURCES.txt'
[0.329s] writing manifest file 'smart_farm_interfaces.egg-info/SOURCES.txt'
[0.352s] [100%] Built target ament_cmake_python_build_smart_farm_interfaces_egg
[0.366s] Invoked command in '/home/shbong/ROKEY_P3_A1/cobot3_ws/build/smart_farm_interfaces' returned '0': CMAKE_PREFIX_PATH=${CMAKE_PREFIX_PATH}:/opt/ros/jazzy DEBUGINFOD_URLS=https://debuginfod.ubuntu.com /usr/bin/cmake --build /home/shbong/ROKEY_P3_A1/cobot3_ws/build/smart_farm_interfaces -- -j22 -l22
[0.375s] Invoking command in '/home/shbong/ROKEY_P3_A1/cobot3_ws/build/smart_farm_interfaces': CMAKE_PREFIX_PATH=${CMAKE_PREFIX_PATH}:/opt/ros/jazzy DEBUGINFOD_URLS=https://debuginfod.ubuntu.com /usr/bin/cmake --install /home/shbong/ROKEY_P3_A1/cobot3_ws/build/smart_farm_interfaces
[0.383s] -- Install configuration: ""
[0.383s] -- Up-to-date: /home/shbong/ROKEY_P3_A1/cobot3_ws/install/smart_farm_interfaces/share/ament_index/resource_index/rosidl_interfaces/smart_farm_interfaces
[0.383s] -- Up-to-date: /home/shbong/ROKEY_P3_A1/cobot3_ws/install/smart_farm_interfaces/share/smart_farm_interfaces/srv/StartCycle.json
[0.383s] -- Up-to-date: /home/shbong/ROKEY_P3_A1/cobot3_ws/install/smart_farm_interfaces/include/smart_farm_interfaces/smart_farm_interfaces
[0.383s] -- Up-to-date: /home/shbong/ROKEY_P3_A1/cobot3_ws/install/smart_farm_interfaces/include/smart_farm_interfaces/smart_farm_interfaces/srv
[0.383s] -- Up-to-date: /home/shbong/ROKEY_P3_A1/cobot3_ws/install/smart_farm_interfaces/include/smart_farm_interfaces/smart_farm_interfaces/srv/start_cycle.h
[0.383s] -- Up-to-date: /home/shbong/ROKEY_P3_A1/cobot3_ws/install/smart_farm_interfaces/include/smart_farm_interfaces/smart_farm_interfaces/srv/detail
[0.384s] -- Up-to-date: /home/shbong/ROKEY_P3_A1/cobot3_ws/install/smart_farm_interfaces/include/smart_farm_interfaces/smart_farm_interfaces/srv/detail/start_cycle__type_support.h
[0.384s] -- Up-to-date: /home/shbong/ROKEY_P3_A1/cobot3_ws/install/smart_farm_interfaces/include/smart_farm_interfaces/smart_farm_interfaces/srv/detail/start_cycle__description.c
[0.384s] -- Up-to-date: /home/shbong/ROKEY_P3_A1/cobot3_ws/install/smart_farm_interfaces/include/smart_farm_interfaces/smart_farm_interfaces/srv/detail/start_cycle__functions.h
[0.384s] -- Up-to-date: /home/shbong/ROKEY_P3_A1/cobot3_ws/install/smart_farm_interfaces/include/smart_farm_interfaces/smart_farm_interfaces/srv/detail/start_cycle__type_support.c
[0.384s] -- Up-to-date: /home/shbong/ROKEY_P3_A1/cobot3_ws/install/smart_farm_interfaces/include/smart_farm_interfaces/smart_farm_interfaces/srv/detail/start_cycle__functions.c
[0.384s] -- Up-to-date: /home/shbong/ROKEY_P3_A1/cobot3_ws/install/smart_farm_interfaces/include/smart_farm_interfaces/smart_farm_interfaces/srv/detail/start_cycle__struct.h
[0.384s] -- Up-to-date: /home/shbong/ROKEY_P3_A1/cobot3_ws/install/smart_farm_interfaces/include/smart_farm_interfaces/smart_farm_interfaces/msg
[0.384s] -- Up-to-date: /home/shbong/ROKEY_P3_A1/cobot3_ws/install/smart_farm_interfaces/include/smart_farm_interfaces/smart_farm_interfaces/msg/rosidl_generator_c__visibility_control.h
[0.384s] -- Up-to-date: /home/shbong/ROKEY_P3_A1/cobot3_ws/install/smart_farm_interfaces/share/smart_farm_interfaces/environment/library_path.sh
[0.384s] -- Up-to-date: /home/shbong/ROKEY_P3_A1/cobot3_ws/install/smart_farm_interfaces/share/smart_farm_interfaces/environment/library_path.dsv
[0.384s] -- Up-to-date: /home/shbong/ROKEY_P3_A1/cobot3_ws/install/smart_farm_interfaces/lib/libsmart_farm_interfaces__rosidl_generator_c.so
[0.384s] -- Up-to-date: /home/shbong/ROKEY_P3_A1/cobot3_ws/install/smart_farm_interfaces/include/smart_farm_interfaces/smart_farm_interfaces
[0.384s] -- Up-to-date: /home/shbong/ROKEY_P3_A1/cobot3_ws/install/smart_farm_interfaces/include/smart_farm_interfaces/smart_farm_interfaces/srv
[0.384s] -- Up-to-date: /home/shbong/ROKEY_P3_A1/cobot3_ws/install/smart_farm_interfaces/include/smart_farm_interfaces/smart_farm_interfaces/srv/detail
[0.384s] -- Up-to-date: /home/shbong/ROKEY_P3_A1/cobot3_ws/install/smart_farm_interfaces/include/smart_farm_interfaces/smart_farm_interfaces/srv/detail/start_cycle__rosidl_typesupport_fastrtps_c.h
[0.385s] -- Up-to-date: /home/shbong/ROKEY_P3_A1/cobot3_ws/install/smart_farm_interfaces/include/smart_farm_interfaces/smart_farm_interfaces/msg
[0.385s] -- Up-to-date: /home/shbong/ROKEY_P3_A1/cobot3_ws/install/smart_farm_interfaces/include/smart_farm_interfaces/smart_farm_interfaces/msg/rosidl_typesupport_fastrtps_c__visibility_control.h
[0.385s] -- Up-to-date: /home/shbong/ROKEY_P3_A1/cobot3_ws/install/smart_farm_interfaces/lib/libsmart_farm_interfaces__rosidl_typesupport_fastrtps_c.so
[0.385s] -- Up-to-date: /home/shbong/ROKEY_P3_A1/cobot3_ws/install/smart_farm_interfaces/include/smart_farm_interfaces/smart_farm_interfaces
[0.385s] -- Up-to-date: /home/shbong/ROKEY_P3_A1/cobot3_ws/install/smart_farm_interfaces/include/smart_farm_interfaces/smart_farm_interfaces/srv
[0.385s] -- Up-to-date: /home/shbong/ROKEY_P3_A1/cobot3_ws/install/smart_farm_interfaces/include/smart_farm_interfaces/smart_farm_interfaces/srv/detail
[0.385s] -- Up-to-date: /home/shbong/ROKEY_P3_A1/cobot3_ws/install/smart_farm_interfaces/include/smart_farm_interfaces/smart_farm_interfaces/srv/detail/start_cycle__type_support.c
[0.385s] -- Up-to-date: /home/shbong/ROKEY_P3_A1/cobot3_ws/install/smart_farm_interfaces/include/smart_farm_interfaces/smart_farm_interfaces/srv/detail/start_cycle__rosidl_typesupport_introspection_c.h
[0.385s] -- Up-to-date: /home/shbong/ROKEY_P3_A1/cobot3_ws/install/smart_farm_interfaces/include/smart_farm_interfaces/smart_farm_interfaces/msg
[0.385s] -- Up-to-date: /home/shbong/ROKEY_P3_A1/cobot3_ws/install/smart_farm_interfaces/include/smart_farm_interfaces/smart_farm_interfaces/msg/rosidl_typesupport_introspection_c__visibility_control.h
[0.385s] -- Up-to-date: /home/shbong/ROKEY_P3_A1/cobot3_ws/install/smart_farm_interfaces/lib/libsmart_farm_interfaces__rosidl_typesupport_introspection_c.so
[0.385s] -- Up-to-date: /home/shbong/ROKEY_P3_A1/cobot3_ws/install/smart_farm_interfaces/lib/libsmart_farm_interfaces__rosidl_typesupport_c.so
[0.385s] -- Up-to-date: /home/shbong/ROKEY_P3_A1/cobot3_ws/install/smart_farm_interfaces/include/smart_farm_interfaces/smart_farm_interfaces
[0.385s] -- Up-to-date: /home/shbong/ROKEY_P3_A1/cobot3_ws/install/smart_farm_interfaces/include/smart_farm_interfaces/smart_farm_interfaces/srv
[0.385s] -- Up-to-date: /home/shbong/ROKEY_P3_A1/cobot3_ws/install/smart_farm_interfaces/include/smart_farm_interfaces/smart_farm_interfaces/srv/start_cycle.hpp
[0.385s] -- Up-to-date: /home/shbong/ROKEY_P3_A1/cobot3_ws/install/smart_farm_interfaces/include/smart_farm_interfaces/smart_farm_interfaces/srv/detail
[0.385s] -- Up-to-date: /home/shbong/ROKEY_P3_A1/cobot3_ws/install/smart_farm_interfaces/include/smart_farm_interfaces/smart_farm_interfaces/srv/detail/start_cycle__struct.hpp
[0.385s] -- Up-to-date: /home/shbong/ROKEY_P3_A1/cobot3_ws/install/smart_farm_interfaces/include/smart_farm_interfaces/smart_farm_interfaces/srv/detail/start_cycle__builder.hpp
[0.385s] -- Up-to-date: /home/shbong/ROKEY_P3_A1/cobot3_ws/install/smart_farm_interfaces/include/smart_farm_interfaces/smart_farm_interfaces/srv/detail/start_cycle__type_support.hpp
[0.385s] -- Up-to-date: /home/shbong/ROKEY_P3_A1/cobot3_ws/install/smart_farm_interfaces/include/smart_farm_interfaces/smart_farm_interfaces/srv/detail/start_cycle__traits.hpp
[0.385s] -- Up-to-date: /home/shbong/ROKEY_P3_A1/cobot3_ws/install/smart_farm_interfaces/include/smart_farm_interfaces/smart_farm_interfaces/msg
[0.386s] -- Up-to-date: /home/shbong/ROKEY_P3_A1/cobot3_ws/install/smart_farm_interfaces/include/smart_farm_interfaces/smart_farm_interfaces/msg/rosidl_generator_cpp__visibility_control.hpp
[0.386s] -- Up-to-date: /home/shbong/ROKEY_P3_A1/cobot3_ws/install/smart_farm_interfaces/include/smart_farm_interfaces/smart_farm_interfaces
[0.386s] -- Up-to-date: /home/shbong/ROKEY_P3_A1/cobot3_ws/install/smart_farm_interfaces/include/smart_farm_interfaces/smart_farm_interfaces/srv
[0.386s] -- Up-to-date: /home/shbong/ROKEY_P3_A1/cobot3_ws/install/smart_farm_interfaces/include/smart_farm_interfaces/smart_farm_interfaces/srv/detail
[0.386s] -- Up-to-date: /home/shbong/ROKEY_P3_A1/cobot3_ws/install/smart_farm_interfaces/include/smart_farm_interfaces/smart_farm_interfaces/srv/detail/start_cycle__rosidl_typesupport_fastrtps_cpp.hpp
[0.386s] -- Up-to-date: /home/shbong/ROKEY_P3_A1/cobot3_ws/install/smart_farm_interfaces/include/smart_farm_interfaces/smart_farm_interfaces/srv/detail/dds_fastrtps
[0.386s] -- Up-to-date: /home/shbong/ROKEY_P3_A1/cobot3_ws/install/smart_farm_interfaces/include/smart_farm_interfaces/smart_farm_interfaces/msg
[0.386s] -- Up-to-date: /home/shbong/ROKEY_P3_A1/cobot3_ws/install/smart_farm_interfaces/include/smart_farm_interfaces/smart_farm_interfaces/msg/rosidl_typesupport_fastrtps_cpp__visibility_control.h
[0.386s] -- Up-to-date: /home/shbong/ROKEY_P3_A1/cobot3_ws/install/smart_farm_interfaces/lib/libsmart_farm_interfaces__rosidl_typesupport_fastrtps_cpp.so
[0.386s] -- Up-to-date: /home/shbong/ROKEY_P3_A1/cobot3_ws/install/smart_farm_interfaces/include/smart_farm_interfaces/smart_farm_interfaces
[0.386s] -- Up-to-date: /home/shbong/ROKEY_P3_A1/cobot3_ws/install/smart_farm_interfaces/include/smart_farm_interfaces/smart_farm_interfaces/srv
[0.386s] -- Up-to-date: /home/shbong/ROKEY_P3_A1/cobot3_ws/install/smart_farm_interfaces/include/smart_farm_interfaces/smart_farm_interfaces/srv/detail
[0.386s] -- Up-to-date: /home/shbong/ROKEY_P3_A1/cobot3_ws/install/smart_farm_interfaces/include/smart_farm_interfaces/smart_farm_interfaces/srv/detail/start_cycle__rosidl_typesupport_introspection_cpp.hpp
[0.386s] -- Up-to-date: /home/shbong/ROKEY_P3_A1/cobot3_ws/install/smart_farm_interfaces/include/smart_farm_interfaces/smart_farm_interfaces/srv/detail/start_cycle__type_support.cpp
[0.386s] -- Up-to-date: /home/shbong/ROKEY_P3_A1/cobot3_ws/install/smart_farm_interfaces/lib/libsmart_farm_interfaces__rosidl_typesupport_introspection_cpp.so
[0.386s] -- Up-to-date: /home/shbong/ROKEY_P3_A1/cobot3_ws/install/smart_farm_interfaces/lib/libsmart_farm_interfaces__rosidl_typesupport_cpp.so
[0.386s] -- Up-to-date: /home/shbong/ROKEY_P3_A1/cobot3_ws/install/smart_farm_interfaces/share/smart_farm_interfaces/environment/pythonpath.sh
[0.386s] -- Up-to-date: /home/shbong/ROKEY_P3_A1/cobot3_ws/install/smart_farm_interfaces/share/smart_farm_interfaces/environment/pythonpath.dsv
[0.386s] -- Up-to-date: /home/shbong/ROKEY_P3_A1/cobot3_ws/install/smart_farm_interfaces/lib/python3.12/site-packages/smart_farm_interfaces-0.0.0-py3.12.egg-info
[0.387s] -- Installing: /home/shbong/ROKEY_P3_A1/cobot3_ws/install/smart_farm_interfaces/lib/python3.12/site-packages/smart_farm_interfaces-0.0.0-py3.12.egg-info/PKG-INFO
[0.387s] -- Installing: /home/shbong/ROKEY_P3_A1/cobot3_ws/install/smart_farm_interfaces/lib/python3.12/site-packages/smart_farm_interfaces-0.0.0-py3.12.egg-info/top_level.txt
[0.387s] -- Installing: /home/shbong/ROKEY_P3_A1/cobot3_ws/install/smart_farm_interfaces/lib/python3.12/site-packages/smart_farm_interfaces-0.0.0-py3.12.egg-info/dependency_links.txt
[0.387s] -- Installing: /home/shbong/ROKEY_P3_A1/cobot3_ws/install/smart_farm_interfaces/lib/python3.12/site-packages/smart_farm_interfaces-0.0.0-py3.12.egg-info/SOURCES.txt
[0.387s] -- Up-to-date: /home/shbong/ROKEY_P3_A1/cobot3_ws/install/smart_farm_interfaces/lib/python3.12/site-packages/smart_farm_interfaces
[0.387s] -- Up-to-date: /home/shbong/ROKEY_P3_A1/cobot3_ws/install/smart_farm_interfaces/lib/python3.12/site-packages/smart_farm_interfaces/srv
[0.387s] -- Up-to-date: /home/shbong/ROKEY_P3_A1/cobot3_ws/install/smart_farm_interfaces/lib/python3.12/site-packages/smart_farm_interfaces/srv/_start_cycle.py
[0.387s] -- Up-to-date: /home/shbong/ROKEY_P3_A1/cobot3_ws/install/smart_farm_interfaces/lib/python3.12/site-packages/smart_farm_interfaces/srv/_start_cycle_s.c
[0.387s] -- Up-to-date: /home/shbong/ROKEY_P3_A1/cobot3_ws/install/smart_farm_interfaces/lib/python3.12/site-packages/smart_farm_interfaces/srv/__init__.py
[0.387s] -- Up-to-date: /home/shbong/ROKEY_P3_A1/cobot3_ws/install/smart_farm_interfaces/lib/python3.12/site-packages/smart_farm_interfaces/smart_farm_interfaces_s__rosidl_typesupport_fastrtps_c.so
[0.387s] -- Up-to-date: /home/shbong/ROKEY_P3_A1/cobot3_ws/install/smart_farm_interfaces/lib/python3.12/site-packages/smart_farm_interfaces/_smart_farm_interfaces_s.ep.rosidl_typesupport_c.c
[0.387s] -- Up-to-date: /home/shbong/ROKEY_P3_A1/cobot3_ws/install/smart_farm_interfaces/lib/python3.12/site-packages/smart_farm_interfaces/_smart_farm_interfaces_s.ep.rosidl_typesupport_fastrtps_c.c
[0.387s] -- Up-to-date: /home/shbong/ROKEY_P3_A1/cobot3_ws/install/smart_farm_interfaces/lib/python3.12/site-packages/smart_farm_interfaces/smart_farm_interfaces_s__rosidl_typesupport_introspection_c.so
[0.387s] -- Up-to-date: /home/shbong/ROKEY_P3_A1/cobot3_ws/install/smart_farm_interfaces/lib/python3.12/site-packages/smart_farm_interfaces/smart_farm_interfaces_s__rosidl_typesupport_c.so
[0.387s] -- Up-to-date: /home/shbong/ROKEY_P3_A1/cobot3_ws/install/smart_farm_interfaces/lib/python3.12/site-packages/smart_farm_interfaces/__init__.py
[0.387s] -- Up-to-date: /home/shbong/ROKEY_P3_A1/cobot3_ws/install/smart_farm_interfaces/lib/python3.12/site-packages/smart_farm_interfaces/_smart_farm_interfaces_s.ep.rosidl_typesupport_introspection_c.c
[0.410s] Listing '/home/shbong/ROKEY_P3_A1/cobot3_ws/install/smart_farm_interfaces/lib/python3.12/site-packages/smart_farm_interfaces'...
[0.410s] Listing '/home/shbong/ROKEY_P3_A1/cobot3_ws/install/smart_farm_interfaces/lib/python3.12/site-packages/smart_farm_interfaces/srv'...
[0.413s] -- Up-to-date: /home/shbong/ROKEY_P3_A1/cobot3_ws/install/smart_farm_interfaces/lib/python3.12/site-packages/smart_farm_interfaces/smart_farm_interfaces_s__rosidl_typesupport_fastrtps_c.so
[0.413s] -- Up-to-date: /home/shbong/ROKEY_P3_A1/cobot3_ws/install/smart_farm_interfaces/lib/python3.12/site-packages/smart_farm_interfaces/smart_farm_interfaces_s__rosidl_typesupport_introspection_c.so
[0.413s] -- Up-to-date: /home/shbong/ROKEY_P3_A1/cobot3_ws/install/smart_farm_interfaces/lib/python3.12/site-packages/smart_farm_interfaces/smart_farm_interfaces_s__rosidl_typesupport_c.so
[0.413s] -- Up-to-date: /home/shbong/ROKEY_P3_A1/cobot3_ws/install/smart_farm_interfaces/lib/libsmart_farm_interfaces__rosidl_generator_py.so
[0.413s] -- Up-to-date: /home/shbong/ROKEY_P3_A1/cobot3_ws/install/smart_farm_interfaces/share/ament_index/resource_index/rust_packages/smart_farm_interfaces
[0.413s] -- Up-to-date: /home/shbong/ROKEY_P3_A1/cobot3_ws/install/smart_farm_interfaces/share/smart_farm_interfaces/rust
[0.413s] -- Up-to-date: /home/shbong/ROKEY_P3_A1/cobot3_ws/install/smart_farm_interfaces/share/smart_farm_interfaces/rust/build.rs
[0.414s] -- Up-to-date: /home/shbong/ROKEY_P3_A1/cobot3_ws/install/smart_farm_interfaces/share/smart_farm_interfaces/rust/src
[0.414s] -- Up-to-date: /home/shbong/ROKEY_P3_A1/cobot3_ws/install/smart_farm_interfaces/share/smart_farm_interfaces/rust/src/srv
[0.414s] -- Up-to-date: /home/shbong/ROKEY_P3_A1/cobot3_ws/install/smart_farm_interfaces/share/smart_farm_interfaces/rust/src/srv/rmw.rs
[0.414s] -- Up-to-date: /home/shbong/ROKEY_P3_A1/cobot3_ws/install/smart_farm_interfaces/share/smart_farm_interfaces/rust/src/srv.rs
[0.414s] -- Up-to-date: /home/shbong/ROKEY_P3_A1/cobot3_ws/install/smart_farm_interfaces/share/smart_farm_interfaces/rust/src/lib.rs
[0.415s] -- Up-to-date: /home/shbong/ROKEY_P3_A1/cobot3_ws/install/smart_farm_interfaces/share/smart_farm_interfaces/rust/Cargo.toml
[0.415s] -- Up-to-date: /home/shbong/ROKEY_P3_A1/cobot3_ws/install/smart_farm_interfaces/share/smart_farm_interfaces/srv/StartCycle.idl
[0.415s] -- Up-to-date: /home/shbong/ROKEY_P3_A1/cobot3_ws/install/smart_farm_interfaces/share/smart_farm_interfaces/srv/StartCycle.srv
[0.415s] -- Up-to-date: /home/shbong/ROKEY_P3_A1/cobot3_ws/install/smart_farm_interfaces/share/ament_index/resource_index/package_run_dependencies/smart_farm_interfaces
[0.415s] -- Up-to-date: /home/shbong/ROKEY_P3_A1/cobot3_ws/install/smart_farm_interfaces/share/ament_index/resource_index/parent_prefix_path/smart_farm_interfaces
[0.415s] -- Up-to-date: /home/shbong/ROKEY_P3_A1/cobot3_ws/install/smart_farm_interfaces/share/smart_farm_interfaces/environment/ament_prefix_path.sh
[0.415s] -- Up-to-date: /home/shbong/ROKEY_P3_A1/cobot3_ws/install/smart_farm_interfaces/share/smart_farm_interfaces/environment/ament_prefix_path.dsv
[0.415s] -- Up-to-date: /home/shbong/ROKEY_P3_A1/cobot3_ws/install/smart_farm_interfaces/share/smart_farm_interfaces/environment/path.sh
[0.415s] -- Up-to-date: /home/shbong/ROKEY_P3_A1/cobot3_ws/install/smart_farm_interfaces/share/smart_farm_interfaces/environment/path.dsv
[0.415s] -- Up-to-date: /home/shbong/ROKEY_P3_A1/cobot3_ws/install/smart_farm_interfaces/share/smart_farm_interfaces/local_setup.bash
[0.415s] -- Up-to-date: /home/shbong/ROKEY_P3_A1/cobot3_ws/install/smart_farm_interfaces/share/smart_farm_interfaces/local_setup.sh
[0.416s] -- Up-to-date: /home/shbong/ROKEY_P3_A1/cobot3_ws/install/smart_farm_interfaces/share/smart_farm_interfaces/local_setup.zsh
[0.416s] -- Up-to-date: /home/shbong/ROKEY_P3_A1/cobot3_ws/install/smart_farm_interfaces/share/smart_farm_interfaces/local_setup.dsv
[0.416s] -- Installing: /home/shbong/ROKEY_P3_A1/cobot3_ws/install/smart_farm_interfaces/share/smart_farm_interfaces/package.dsv
[0.417s] -- Up-to-date: /home/shbong/ROKEY_P3_A1/cobot3_ws/install/smart_farm_interfaces/share/ament_index/resource_index/packages/smart_farm_interfaces
[0.417s] -- Up-to-date: /home/shbong/ROKEY_P3_A1/cobot3_ws/install/smart_farm_interfaces/share/smart_farm_interfaces/cmake/export_smart_farm_interfaces__rosidl_generator_cExport.cmake
[0.417s] -- Up-to-date: /home/shbong/ROKEY_P3_A1/cobot3_ws/install/smart_farm_interfaces/share/smart_farm_interfaces/cmake/export_smart_farm_interfaces__rosidl_generator_cExport-noconfig.cmake
[0.417s] -- Up-to-date: /home/shbong/ROKEY_P3_A1/cobot3_ws/install/smart_farm_interfaces/share/smart_farm_interfaces/cmake/export_smart_farm_interfaces__rosidl_typesupport_fastrtps_cExport.cmake
[0.418s] -- Up-to-date: /home/shbong/ROKEY_P3_A1/cobot3_ws/install/smart_farm_interfaces/share/smart_farm_interfaces/cmake/export_smart_farm_interfaces__rosidl_typesupport_fastrtps_cExport-noconfig.cmake
[0.418s] -- Up-to-date: /home/shbong/ROKEY_P3_A1/cobot3_ws/install/smart_farm_interfaces/share/smart_farm_interfaces/cmake/smart_farm_interfaces__rosidl_typesupport_introspection_cExport.cmake
[0.418s] -- Up-to-date: /home/shbong/ROKEY_P3_A1/cobot3_ws/install/smart_farm_interfaces/share/smart_farm_interfaces/cmake/smart_farm_interfaces__rosidl_typesupport_introspection_cExport-noconfig.cmake
[0.418s] -- Up-to-date: /home/shbong/ROKEY_P3_A1/cobot3_ws/install/smart_farm_interfaces/share/smart_farm_interfaces/cmake/smart_farm_interfaces__rosidl_typesupport_cExport.cmake
[0.418s] -- Up-to-date: /home/shbong/ROKEY_P3_A1/cobot3_ws/install/smart_farm_interfaces/share/smart_farm_interfaces/cmake/smart_farm_interfaces__rosidl_typesupport_cExport-noconfig.cmake
[0.418s] -- Up-to-date: /home/shbong/ROKEY_P3_A1/cobot3_ws/install/smart_farm_interfaces/share/smart_farm_interfaces/cmake/export_smart_farm_interfaces__rosidl_generator_cppExport.cmake
[0.419s] -- Up-to-date: /home/shbong/ROKEY_P3_A1/cobot3_ws/install/smart_farm_interfaces/share/smart_farm_interfaces/cmake/export_smart_farm_interfaces__rosidl_typesupport_fastrtps_cppExport.cmake
[0.419s] -- Up-to-date: /home/shbong/ROKEY_P3_A1/cobot3_ws/install/smart_farm_interfaces/share/smart_farm_interfaces/cmake/export_smart_farm_interfaces__rosidl_typesupport_fastrtps_cppExport-noconfig.cmake
[0.419s] -- Up-to-date: /home/shbong/ROKEY_P3_A1/cobot3_ws/install/smart_farm_interfaces/share/smart_farm_interfaces/cmake/smart_farm_interfaces__rosidl_typesupport_introspection_cppExport.cmake
[0.419s] -- Up-to-date: /home/shbong/ROKEY_P3_A1/cobot3_ws/install/smart_farm_interfaces/share/smart_farm_interfaces/cmake/smart_farm_interfaces__rosidl_typesupport_introspection_cppExport-noconfig.cmake
[0.420s] -- Up-to-date: /home/shbong/ROKEY_P3_A1/cobot3_ws/install/smart_farm_interfaces/share/smart_farm_interfaces/cmake/smart_farm_interfaces__rosidl_typesupport_cppExport.cmake
[0.420s] -- Up-to-date: /home/shbong/ROKEY_P3_A1/cobot3_ws/install/smart_farm_interfaces/share/smart_farm_interfaces/cmake/smart_farm_interfaces__rosidl_typesupport_cppExport-noconfig.cmake
[0.420s] -- Up-to-date: /home/shbong/ROKEY_P3_A1/cobot3_ws/install/smart_farm_interfaces/share/smart_farm_interfaces/cmake/export_smart_farm_interfaces__rosidl_generator_pyExport.cmake
[0.420s] -- Up-to-date: /home/shbong/ROKEY_P3_A1/cobot3_ws/install/smart_farm_interfaces/share/smart_farm_interfaces/cmake/export_smart_farm_interfaces__rosidl_generator_pyExport-noconfig.cmake
[0.420s] -- Up-to-date: /home/shbong/ROKEY_P3_A1/cobot3_ws/install/smart_farm_interfaces/share/smart_farm_interfaces/cmake/rosidl_cmake-extras.cmake
[0.420s] -- Up-to-date: /home/shbong/ROKEY_P3_A1/cobot3_ws/install/smart_farm_interfaces/share/smart_farm_interfaces/cmake/ament_cmake_export_dependencies-extras.cmake
[0.420s] -- Up-to-date: /home/shbong/ROKEY_P3_A1/cobot3_ws/install/smart_farm_interfaces/share/smart_farm_interfaces/cmake/ament_cmake_export_include_directories-extras.cmake
[0.420s] -- Up-to-date: /home/shbong/ROKEY_P3_A1/cobot3_ws/install/smart_farm_interfaces/share/smart_farm_interfaces/cmake/ament_cmake_export_libraries-extras.cmake
[0.421s] -- Up-to-date: /home/shbong/ROKEY_P3_A1/cobot3_ws/install/smart_farm_interfaces/share/smart_farm_interfaces/cmake/ament_cmake_export_targets-extras.cmake
[0.421s] -- Up-to-date: /home/shbong/ROKEY_P3_A1/cobot3_ws/install/smart_farm_interfaces/share/smart_farm_interfaces/cmake/rosidl_cmake_export_typesupport_targets-extras.cmake
[0.421s] -- Up-to-date: /home/shbong/ROKEY_P3_A1/cobot3_ws/install/smart_farm_interfaces/share/smart_farm_interfaces/cmake/rosidl_cmake_export_typesupport_libraries-extras.cmake
[0.421s] -- Up-to-date: /home/shbong/ROKEY_P3_A1/cobot3_ws/install/smart_farm_interfaces/share/smart_farm_interfaces/cmake/rosidl_cmake_aggregate_target-extras.cmake
[0.421s] -- Up-to-date: /home/shbong/ROKEY_P3_A1/cobot3_ws/install/smart_farm_interfaces/share/smart_farm_interfaces/cmake/smart_farm_interfacesConfig.cmake
[0.421s] -- Up-to-date: /home/shbong/ROKEY_P3_A1/cobot3_ws/install/smart_farm_interfaces/share/smart_farm_interfaces/cmake/smart_farm_interfacesConfig-version.cmake
[0.421s] -- Up-to-date: /home/shbong/ROKEY_P3_A1/cobot3_ws/install/smart_farm_interfaces/share/smart_farm_interfaces/package.xml
[0.421s] Invoked command in '/home/shbong/ROKEY_P3_A1/cobot3_ws/build/smart_farm_interfaces' returned '0': CMAKE_PREFIX_PATH=${CMAKE_PREFIX_PATH}:/opt/ros/jazzy DEBUGINFOD_URLS=https://debuginfod.ubuntu.com /usr/bin/cmake --install /home/shbong/ROKEY_P3_A1/cobot3_ws/build/smart_farm_interfaces
