[  2%] Built target smart_farm_interfaces__rosidl_generator_type_description
[  2%] Built target ament_cmake_python_symlink_smart_farm_interfaces
[  5%] Built target smart_farm_interfaces__rs
[  8%] Built target smart_farm_interfaces__cpp
[ 22%] Built target smart_farm_interfaces__rosidl_generator_c
[ 31%] Built target smart_farm_interfaces__rosidl_typesupport_c
[ 48%] Built target smart_farm_interfaces__rosidl_typesupport_introspection_cpp
[ 51%] Built target smart_farm_interfaces__rosidl_typesupport_cpp
[ 57%] Built target smart_farm_interfaces__rosidl_typesupport_introspection_c
[ 65%] Built target smart_farm_interfaces__rosidl_typesupport_fastrtps_c
[ 74%] Built target smart_farm_interfaces__rosidl_typesupport_fastrtps_cpp
[ 74%] Built target smart_farm_interfaces
[ 77%] Built target smart_farm_interfaces__py
[ 82%] Built target smart_farm_interfaces__rosidl_generator_py
[ 94%] Built target smart_farm_interfaces_s__rosidl_typesupport_introspection_c
[ 94%] Built target smart_farm_interfaces_s__rosidl_typesupport_c
[100%] Built target smart_farm_interfaces_s__rosidl_typesupport_fastrtps_c
running egg_info
writing smart_farm_interfaces.egg-info/PKG-INFO
writing dependency_links to smart_farm_interfaces.egg-info/dependency_links.txt
writing top-level names to smart_farm_interfaces.egg-info/top_level.txt
reading manifest file 'smart_farm_interfaces.egg-info/SOURCES.txt'
writing manifest file 'smart_farm_interfaces.egg-info/SOURCES.txt'
[100%] Built target ament_cmake_python_build_smart_farm_interfaces_egg
-- Install configuration: ""
-- Execute custom install script
-- Up-to-date symlink: /home/rokey/ROKEY_P3_A1/cobot3_ws/install/smart_farm_interfaces/share/ament_index/resource_index/rosidl_interfaces/smart_farm_interfaces
-- Up-to-date symlink: /home/rokey/ROKEY_P3_A1/cobot3_ws/install/smart_farm_interfaces/share/smart_farm_interfaces/srv/StartCycle.json
-- Up-to-date symlink: /home/rokey/ROKEY_P3_A1/cobot3_ws/install/smart_farm_interfaces/include/smart_farm_interfaces/smart_farm_interfaces/msg/rosidl_generator_c__visibility_control.h
-- Up-to-date symlink: /home/rokey/ROKEY_P3_A1/cobot3_ws/install/smart_farm_interfaces/include/smart_farm_interfaces/smart_farm_interfaces/srv/detail/start_cycle__functions.h
-- Up-to-date symlink: /home/rokey/ROKEY_P3_A1/cobot3_ws/install/smart_farm_interfaces/include/smart_farm_interfaces/smart_farm_interfaces/srv/detail/start_cycle__struct.h
-- Up-to-date symlink: /home/rokey/ROKEY_P3_A1/cobot3_ws/install/smart_farm_interfaces/include/smart_farm_interfaces/smart_farm_interfaces/srv/detail/start_cycle__type_support.h
-- Up-to-date symlink: /home/rokey/ROKEY_P3_A1/cobot3_ws/install/smart_farm_interfaces/include/smart_farm_interfaces/smart_farm_interfaces/srv/start_cycle.h
-- Up-to-date symlink: /home/rokey/ROKEY_P3_A1/cobot3_ws/install/smart_farm_interfaces/share/smart_farm_interfaces/environment/library_path.sh
-- Up-to-date symlink: /home/rokey/ROKEY_P3_A1/cobot3_ws/install/smart_farm_interfaces/share/smart_farm_interfaces/environment/library_path.dsv
-- Up-to-date symlink: /home/rokey/ROKEY_P3_A1/cobot3_ws/install/smart_farm_interfaces/include/smart_farm_interfaces/smart_farm_interfaces/msg/rosidl_typesupport_fastrtps_c__visibility_control.h
-- Up-to-date symlink: /home/rokey/ROKEY_P3_A1/cobot3_ws/install/smart_farm_interfaces/include/smart_farm_interfaces/smart_farm_interfaces/srv/detail/start_cycle__rosidl_typesupport_fastrtps_c.h
-- Up-to-date symlink: /home/rokey/ROKEY_P3_A1/cobot3_ws/install/smart_farm_interfaces/include/smart_farm_interfaces/smart_farm_interfaces/msg/rosidl_typesupport_introspection_c__visibility_control.h
-- Up-to-date symlink: /home/rokey/ROKEY_P3_A1/cobot3_ws/install/smart_farm_interfaces/include/smart_farm_interfaces/smart_farm_interfaces/srv/detail/start_cycle__rosidl_typesupport_introspection_c.h
-- Up-to-date symlink: /home/rokey/ROKEY_P3_A1/cobot3_ws/install/smart_farm_interfaces/include/smart_farm_interfaces/smart_farm_interfaces/msg/rosidl_generator_cpp__visibility_control.hpp
-- Up-to-date symlink: /home/rokey/ROKEY_P3_A1/cobot3_ws/install/smart_farm_interfaces/include/smart_farm_interfaces/smart_farm_interfaces/srv/detail/start_cycle__builder.hpp
-- Up-to-date symlink: /home/rokey/ROKEY_P3_A1/cobot3_ws/install/smart_farm_interfaces/include/smart_farm_interfaces/smart_farm_interfaces/srv/detail/start_cycle__struct.hpp
-- Up-to-date symlink: /home/rokey/ROKEY_P3_A1/cobot3_ws/install/smart_farm_interfaces/include/smart_farm_interfaces/smart_farm_interfaces/srv/detail/start_cycle__traits.hpp
-- Up-to-date symlink: /home/rokey/ROKEY_P3_A1/cobot3_ws/install/smart_farm_interfaces/include/smart_farm_interfaces/smart_farm_interfaces/srv/detail/start_cycle__type_support.hpp
-- Up-to-date symlink: /home/rokey/ROKEY_P3_A1/cobot3_ws/install/smart_farm_interfaces/include/smart_farm_interfaces/smart_farm_interfaces/srv/start_cycle.hpp
-- Up-to-date symlink: /home/rokey/ROKEY_P3_A1/cobot3_ws/install/smart_farm_interfaces/include/smart_farm_interfaces/smart_farm_interfaces/msg/rosidl_typesupport_fastrtps_cpp__visibility_control.h
-- Up-to-date symlink: /home/rokey/ROKEY_P3_A1/cobot3_ws/install/smart_farm_interfaces/include/smart_farm_interfaces/smart_farm_interfaces/srv/detail/start_cycle__rosidl_typesupport_fastrtps_cpp.hpp
-- Up-to-date symlink: /home/rokey/ROKEY_P3_A1/cobot3_ws/install/smart_farm_interfaces/include/smart_farm_interfaces/smart_farm_interfaces/srv/detail/start_cycle__rosidl_typesupport_introspection_cpp.hpp
-- Up-to-date symlink: /home/rokey/ROKEY_P3_A1/cobot3_ws/install/smart_farm_interfaces/share/smart_farm_interfaces/environment/pythonpath.sh
-- Up-to-date symlink: /home/rokey/ROKEY_P3_A1/cobot3_ws/install/smart_farm_interfaces/share/smart_farm_interfaces/environment/pythonpath.dsv
-- Up-to-date symlink: /home/rokey/ROKEY_P3_A1/cobot3_ws/install/smart_farm_interfaces/lib/python3.12/site-packages/smart_farm_interfaces-0.0.0-py3.12.egg-info/PKG-INFO
-- Up-to-date symlink: /home/rokey/ROKEY_P3_A1/cobot3_ws/install/smart_farm_interfaces/lib/python3.12/site-packages/smart_farm_interfaces-0.0.0-py3.12.egg-info/SOURCES.txt
-- Up-to-date symlink: /home/rokey/ROKEY_P3_A1/cobot3_ws/install/smart_farm_interfaces/lib/python3.12/site-packages/smart_farm_interfaces-0.0.0-py3.12.egg-info/dependency_links.txt
-- Up-to-date symlink: /home/rokey/ROKEY_P3_A1/cobot3_ws/install/smart_farm_interfaces/lib/python3.12/site-packages/smart_farm_interfaces-0.0.0-py3.12.egg-info/top_level.txt
-- Up-to-date symlink: /home/rokey/ROKEY_P3_A1/cobot3_ws/install/smart_farm_interfaces/lib/python3.12/site-packages/smart_farm_interfaces/__init__.py
-- Up-to-date symlink: /home/rokey/ROKEY_P3_A1/cobot3_ws/install/smart_farm_interfaces/lib/python3.12/site-packages/smart_farm_interfaces/_smart_farm_interfaces_s.ep.rosidl_typesupport_c.c
-- Up-to-date symlink: /home/rokey/ROKEY_P3_A1/cobot3_ws/install/smart_farm_interfaces/lib/python3.12/site-packages/smart_farm_interfaces/_smart_farm_interfaces_s.ep.rosidl_typesupport_fastrtps_c.c
-- Up-to-date symlink: /home/rokey/ROKEY_P3_A1/cobot3_ws/install/smart_farm_interfaces/lib/python3.12/site-packages/smart_farm_interfaces/_smart_farm_interfaces_s.ep.rosidl_typesupport_introspection_c.c
-- Up-to-date symlink: /home/rokey/ROKEY_P3_A1/cobot3_ws/install/smart_farm_interfaces/lib/python3.12/site-packages/smart_farm_interfaces/smart_farm_interfaces_s__rosidl_typesupport_c.so
-- Up-to-date symlink: /home/rokey/ROKEY_P3_A1/cobot3_ws/install/smart_farm_interfaces/lib/python3.12/site-packages/smart_farm_interfaces/smart_farm_interfaces_s__rosidl_typesupport_fastrtps_c.so
-- Up-to-date symlink: /home/rokey/ROKEY_P3_A1/cobot3_ws/install/smart_farm_interfaces/lib/python3.12/site-packages/smart_farm_interfaces/smart_farm_interfaces_s__rosidl_typesupport_introspection_c.so
-- Up-to-date symlink: /home/rokey/ROKEY_P3_A1/cobot3_ws/install/smart_farm_interfaces/lib/python3.12/site-packages/smart_farm_interfaces/srv/__init__.py
-- Up-to-date symlink: /home/rokey/ROKEY_P3_A1/cobot3_ws/install/smart_farm_interfaces/lib/python3.12/site-packages/smart_farm_interfaces/srv/_start_cycle.py
-- Up-to-date symlink: /home/rokey/ROKEY_P3_A1/cobot3_ws/install/smart_farm_interfaces/lib/python3.12/site-packages/smart_farm_interfaces/srv/_start_cycle_s.c
-- Up-to-date symlink: /home/rokey/ROKEY_P3_A1/cobot3_ws/install/smart_farm_interfaces/lib/python3.12/site-packages/smart_farm_interfaces/smart_farm_interfaces_s__rosidl_typesupport_fastrtps_c.so
-- Up-to-date symlink: /home/rokey/ROKEY_P3_A1/cobot3_ws/install/smart_farm_interfaces/lib/python3.12/site-packages/smart_farm_interfaces/smart_farm_interfaces_s__rosidl_typesupport_introspection_c.so
-- Up-to-date symlink: /home/rokey/ROKEY_P3_A1/cobot3_ws/install/smart_farm_interfaces/lib/python3.12/site-packages/smart_farm_interfaces/smart_farm_interfaces_s__rosidl_typesupport_c.so
-- Up-to-date symlink: /home/rokey/ROKEY_P3_A1/cobot3_ws/install/smart_farm_interfaces/share/smart_farm_interfaces/rust/Cargo.toml
-- Up-to-date symlink: /home/rokey/ROKEY_P3_A1/cobot3_ws/install/smart_farm_interfaces/share/smart_farm_interfaces/rust/build.rs
-- Up-to-date symlink: /home/rokey/ROKEY_P3_A1/cobot3_ws/install/smart_farm_interfaces/share/smart_farm_interfaces/rust/src/lib.rs
-- Up-to-date symlink: /home/rokey/ROKEY_P3_A1/cobot3_ws/install/smart_farm_interfaces/share/smart_farm_interfaces/rust/src/srv.rs
-- Up-to-date symlink: /home/rokey/ROKEY_P3_A1/cobot3_ws/install/smart_farm_interfaces/share/smart_farm_interfaces/rust/src/srv/rmw.rs
-- Up-to-date symlink: /home/rokey/ROKEY_P3_A1/cobot3_ws/install/smart_farm_interfaces/share/smart_farm_interfaces/srv/StartCycle.idl
-- Up-to-date symlink: /home/rokey/ROKEY_P3_A1/cobot3_ws/install/smart_farm_interfaces/share/smart_farm_interfaces/srv/StartCycle.srv
-- Up-to-date symlink: /home/rokey/ROKEY_P3_A1/cobot3_ws/install/smart_farm_interfaces/share/ament_index/resource_index/package_run_dependencies/smart_farm_interfaces
-- Up-to-date symlink: /home/rokey/ROKEY_P3_A1/cobot3_ws/install/smart_farm_interfaces/share/ament_index/resource_index/parent_prefix_path/smart_farm_interfaces
-- Up-to-date symlink: /home/rokey/ROKEY_P3_A1/cobot3_ws/install/smart_farm_interfaces/share/smart_farm_interfaces/environment/ament_prefix_path.sh
-- Up-to-date symlink: /home/rokey/ROKEY_P3_A1/cobot3_ws/install/smart_farm_interfaces/share/smart_farm_interfaces/environment/ament_prefix_path.dsv
-- Up-to-date symlink: /home/rokey/ROKEY_P3_A1/cobot3_ws/install/smart_farm_interfaces/share/smart_farm_interfaces/environment/path.sh
-- Up-to-date symlink: /home/rokey/ROKEY_P3_A1/cobot3_ws/install/smart_farm_interfaces/share/smart_farm_interfaces/environment/path.dsv
-- Up-to-date symlink: /home/rokey/ROKEY_P3_A1/cobot3_ws/install/smart_farm_interfaces/share/smart_farm_interfaces/local_setup.bash
-- Up-to-date symlink: /home/rokey/ROKEY_P3_A1/cobot3_ws/install/smart_farm_interfaces/share/smart_farm_interfaces/local_setup.sh
-- Up-to-date symlink: /home/rokey/ROKEY_P3_A1/cobot3_ws/install/smart_farm_interfaces/share/smart_farm_interfaces/local_setup.zsh
-- Up-to-date symlink: /home/rokey/ROKEY_P3_A1/cobot3_ws/install/smart_farm_interfaces/share/smart_farm_interfaces/local_setup.dsv
-- Symlinking: /home/rokey/ROKEY_P3_A1/cobot3_ws/install/smart_farm_interfaces/share/smart_farm_interfaces/package.dsv
-- Up-to-date symlink: /home/rokey/ROKEY_P3_A1/cobot3_ws/install/smart_farm_interfaces/share/ament_index/resource_index/packages/smart_farm_interfaces
-- Up-to-date symlink: /home/rokey/ROKEY_P3_A1/cobot3_ws/install/smart_farm_interfaces/share/smart_farm_interfaces/cmake/rosidl_cmake-extras.cmake
-- Up-to-date symlink: /home/rokey/ROKEY_P3_A1/cobot3_ws/install/smart_farm_interfaces/share/smart_farm_interfaces/cmake/ament_cmake_export_dependencies-extras.cmake
-- Up-to-date symlink: /home/rokey/ROKEY_P3_A1/cobot3_ws/install/smart_farm_interfaces/share/smart_farm_interfaces/cmake/ament_cmake_export_include_directories-extras.cmake
-- Up-to-date symlink: /home/rokey/ROKEY_P3_A1/cobot3_ws/install/smart_farm_interfaces/share/smart_farm_interfaces/cmake/ament_cmake_export_libraries-extras.cmake
-- Up-to-date symlink: /home/rokey/ROKEY_P3_A1/cobot3_ws/install/smart_farm_interfaces/share/smart_farm_interfaces/cmake/ament_cmake_export_targets-extras.cmake
-- Up-to-date symlink: /home/rokey/ROKEY_P3_A1/cobot3_ws/install/smart_farm_interfaces/share/smart_farm_interfaces/cmake/rosidl_cmake_export_typesupport_targets-extras.cmake
-- Up-to-date symlink: /home/rokey/ROKEY_P3_A1/cobot3_ws/install/smart_farm_interfaces/share/smart_farm_interfaces/cmake/rosidl_cmake_export_typesupport_libraries-extras.cmake
-- Up-to-date symlink: /home/rokey/ROKEY_P3_A1/cobot3_ws/install/smart_farm_interfaces/share/smart_farm_interfaces/cmake/rosidl_cmake_aggregate_target-extras.cmake
-- Up-to-date symlink: /home/rokey/ROKEY_P3_A1/cobot3_ws/install/smart_farm_interfaces/share/smart_farm_interfaces/cmake/smart_farm_interfacesConfig.cmake
-- Up-to-date symlink: /home/rokey/ROKEY_P3_A1/cobot3_ws/install/smart_farm_interfaces/share/smart_farm_interfaces/cmake/smart_farm_interfacesConfig-version.cmake
-- Up-to-date symlink: /home/rokey/ROKEY_P3_A1/cobot3_ws/install/smart_farm_interfaces/share/smart_farm_interfaces/package.xml
-- Up-to-date: /home/rokey/ROKEY_P3_A1/cobot3_ws/install/smart_farm_interfaces/lib/libsmart_farm_interfaces__rosidl_generator_c.so
-- Up-to-date: /home/rokey/ROKEY_P3_A1/cobot3_ws/install/smart_farm_interfaces/lib/libsmart_farm_interfaces__rosidl_typesupport_fastrtps_c.so
-- Up-to-date: /home/rokey/ROKEY_P3_A1/cobot3_ws/install/smart_farm_interfaces/lib/libsmart_farm_interfaces__rosidl_typesupport_introspection_c.so
-- Up-to-date: /home/rokey/ROKEY_P3_A1/cobot3_ws/install/smart_farm_interfaces/lib/libsmart_farm_interfaces__rosidl_typesupport_c.so
-- Up-to-date: /home/rokey/ROKEY_P3_A1/cobot3_ws/install/smart_farm_interfaces/lib/libsmart_farm_interfaces__rosidl_typesupport_fastrtps_cpp.so
-- Up-to-date: /home/rokey/ROKEY_P3_A1/cobot3_ws/install/smart_farm_interfaces/lib/libsmart_farm_interfaces__rosidl_typesupport_introspection_cpp.so
-- Up-to-date: /home/rokey/ROKEY_P3_A1/cobot3_ws/install/smart_farm_interfaces/lib/libsmart_farm_interfaces__rosidl_typesupport_cpp.so
Listing '/home/rokey/ROKEY_P3_A1/cobot3_ws/install/smart_farm_interfaces/lib/python3.12/site-packages/smart_farm_interfaces'...
Listing '/home/rokey/ROKEY_P3_A1/cobot3_ws/install/smart_farm_interfaces/lib/python3.12/site-packages/smart_farm_interfaces/srv'...
-- Up-to-date: /home/rokey/ROKEY_P3_A1/cobot3_ws/install/smart_farm_interfaces/lib/libsmart_farm_interfaces__rosidl_generator_py.so
-- Up-to-date: /home/rokey/ROKEY_P3_A1/cobot3_ws/install/smart_farm_interfaces/share/smart_farm_interfaces/cmake/export_smart_farm_interfaces__rosidl_generator_cExport.cmake
-- Up-to-date: /home/rokey/ROKEY_P3_A1/cobot3_ws/install/smart_farm_interfaces/share/smart_farm_interfaces/cmake/export_smart_farm_interfaces__rosidl_generator_cExport-noconfig.cmake
-- Up-to-date: /home/rokey/ROKEY_P3_A1/cobot3_ws/install/smart_farm_interfaces/share/smart_farm_interfaces/cmake/export_smart_farm_interfaces__rosidl_typesupport_fastrtps_cExport.cmake
-- Up-to-date: /home/rokey/ROKEY_P3_A1/cobot3_ws/install/smart_farm_interfaces/share/smart_farm_interfaces/cmake/export_smart_farm_interfaces__rosidl_typesupport_fastrtps_cExport-noconfig.cmake
-- Up-to-date: /home/rokey/ROKEY_P3_A1/cobot3_ws/install/smart_farm_interfaces/share/smart_farm_interfaces/cmake/smart_farm_interfaces__rosidl_typesupport_introspection_cExport.cmake
-- Up-to-date: /home/rokey/ROKEY_P3_A1/cobot3_ws/install/smart_farm_interfaces/share/smart_farm_interfaces/cmake/smart_farm_interfaces__rosidl_typesupport_introspection_cExport-noconfig.cmake
-- Up-to-date: /home/rokey/ROKEY_P3_A1/cobot3_ws/install/smart_farm_interfaces/share/smart_farm_interfaces/cmake/smart_farm_interfaces__rosidl_typesupport_cExport.cmake
-- Up-to-date: /home/rokey/ROKEY_P3_A1/cobot3_ws/install/smart_farm_interfaces/share/smart_farm_interfaces/cmake/smart_farm_interfaces__rosidl_typesupport_cExport-noconfig.cmake
-- Up-to-date: /home/rokey/ROKEY_P3_A1/cobot3_ws/install/smart_farm_interfaces/share/smart_farm_interfaces/cmake/export_smart_farm_interfaces__rosidl_generator_cppExport.cmake
-- Up-to-date: /home/rokey/ROKEY_P3_A1/cobot3_ws/install/smart_farm_interfaces/share/smart_farm_interfaces/cmake/export_smart_farm_interfaces__rosidl_typesupport_fastrtps_cppExport.cmake
-- Up-to-date: /home/rokey/ROKEY_P3_A1/cobot3_ws/install/smart_farm_interfaces/share/smart_farm_interfaces/cmake/export_smart_farm_interfaces__rosidl_typesupport_fastrtps_cppExport-noconfig.cmake
-- Up-to-date: /home/rokey/ROKEY_P3_A1/cobot3_ws/install/smart_farm_interfaces/share/smart_farm_interfaces/cmake/smart_farm_interfaces__rosidl_typesupport_introspection_cppExport.cmake
-- Up-to-date: /home/rokey/ROKEY_P3_A1/cobot3_ws/install/smart_farm_interfaces/share/smart_farm_interfaces/cmake/smart_farm_interfaces__rosidl_typesupport_introspection_cppExport-noconfig.cmake
-- Up-to-date: /home/rokey/ROKEY_P3_A1/cobot3_ws/install/smart_farm_interfaces/share/smart_farm_interfaces/cmake/smart_farm_interfaces__rosidl_typesupport_cppExport.cmake
-- Up-to-date: /home/rokey/ROKEY_P3_A1/cobot3_ws/install/smart_farm_interfaces/share/smart_farm_interfaces/cmake/smart_farm_interfaces__rosidl_typesupport_cppExport-noconfig.cmake
-- Up-to-date: /home/rokey/ROKEY_P3_A1/cobot3_ws/install/smart_farm_interfaces/share/smart_farm_interfaces/cmake/export_smart_farm_interfaces__rosidl_generator_pyExport.cmake
-- Up-to-date: /home/rokey/ROKEY_P3_A1/cobot3_ws/install/smart_farm_interfaces/share/smart_farm_interfaces/cmake/export_smart_farm_interfaces__rosidl_generator_pyExport-noconfig.cmake
