[1.080s] Invoking command in '/home/rokey/ROKEY_P3_A1/cobot3_ws/build/smart_farm_interfaces': CMAKE_PREFIX_PATH=${CMAKE_PREFIX_PATH}:/opt/ros/jazzy DEBUGINFOD_URLS=https://debuginfod.ubuntu.com /usr/bin/cmake --build /home/rokey/ROKEY_P3_A1/cobot3_ws/build/smart_farm_interfaces -- -j8 -l8
[1.227s] [  2%] Built target smart_farm_interfaces__rosidl_generator_type_description
[1.243s] [  2%] Built target ament_cmake_python_symlink_smart_farm_interfaces
[1.256s] [  5%] Built target smart_farm_interfaces__rs
[1.288s] [  8%] Built target smart_farm_interfaces__cpp
[1.302s] [ 22%] Built target smart_farm_interfaces__rosidl_generator_c
[1.376s] [ 31%] Built target smart_farm_interfaces__rosidl_typesupport_c
[1.395s] [ 48%] Built target smart_farm_interfaces__rosidl_typesupport_introspection_cpp
[1.395s] [ 51%] Built target smart_farm_interfaces__rosidl_typesupport_cpp
[1.395s] [ 57%] Built target smart_farm_interfaces__rosidl_typesupport_introspection_c
[1.407s] [ 65%] Built target smart_farm_interfaces__rosidl_typesupport_fastrtps_c
[1.409s] [ 74%] Built target smart_farm_interfaces__rosidl_typesupport_fastrtps_cpp
[1.459s] [ 74%] Built target smart_farm_interfaces
[1.500s] [ 77%] Built target smart_farm_interfaces__py
[1.570s] [ 82%] Built target smart_farm_interfaces__rosidl_generator_py
[1.675s] [ 94%] Built target smart_farm_interfaces_s__rosidl_typesupport_introspection_c
[1.675s] [ 94%] Built target smart_farm_interfaces_s__rosidl_typesupport_c
[1.697s] [100%] Built target smart_farm_interfaces_s__rosidl_typesupport_fastrtps_c
[2.016s] running egg_info
[2.067s] writing smart_farm_interfaces.egg-info/PKG-INFO
[2.067s] writing dependency_links to smart_farm_interfaces.egg-info/dependency_links.txt
[2.068s] writing top-level names to smart_farm_interfaces.egg-info/top_level.txt
[2.199s] reading manifest file 'smart_farm_interfaces.egg-info/SOURCES.txt'
[2.200s] writing manifest file 'smart_farm_interfaces.egg-info/SOURCES.txt'
[2.290s] [100%] Built target ament_cmake_python_build_smart_farm_interfaces_egg
[2.314s] Invoked command in '/home/rokey/ROKEY_P3_A1/cobot3_ws/build/smart_farm_interfaces' returned '0': CMAKE_PREFIX_PATH=${CMAKE_PREFIX_PATH}:/opt/ros/jazzy DEBUGINFOD_URLS=https://debuginfod.ubuntu.com /usr/bin/cmake --build /home/rokey/ROKEY_P3_A1/cobot3_ws/build/smart_farm_interfaces -- -j8 -l8
[2.336s] Invoking command in '/home/rokey/ROKEY_P3_A1/cobot3_ws/build/smart_farm_interfaces': CMAKE_PREFIX_PATH=${CMAKE_PREFIX_PATH}:/opt/ros/jazzy DEBUGINFOD_URLS=https://debuginfod.ubuntu.com /usr/bin/cmake --install /home/rokey/ROKEY_P3_A1/cobot3_ws/build/smart_farm_interfaces
[2.357s] -- Install configuration: ""
[2.360s] -- Execute custom install script
[2.360s] -- Up-to-date symlink: /home/rokey/ROKEY_P3_A1/cobot3_ws/install/smart_farm_interfaces/share/ament_index/resource_index/rosidl_interfaces/smart_farm_interfaces
[2.361s] -- Up-to-date symlink: /home/rokey/ROKEY_P3_A1/cobot3_ws/install/smart_farm_interfaces/share/smart_farm_interfaces/srv/StartCycle.json
[2.363s] -- Up-to-date symlink: /home/rokey/ROKEY_P3_A1/cobot3_ws/install/smart_farm_interfaces/include/smart_farm_interfaces/smart_farm_interfaces/msg/rosidl_generator_c__visibility_control.h
[2.364s] -- Up-to-date symlink: /home/rokey/ROKEY_P3_A1/cobot3_ws/install/smart_farm_interfaces/include/smart_farm_interfaces/smart_farm_interfaces/srv/detail/start_cycle__functions.h
[2.365s] -- Up-to-date symlink: /home/rokey/ROKEY_P3_A1/cobot3_ws/install/smart_farm_interfaces/include/smart_farm_interfaces/smart_farm_interfaces/srv/detail/start_cycle__struct.h
[2.365s] -- Up-to-date symlink: /home/rokey/ROKEY_P3_A1/cobot3_ws/install/smart_farm_interfaces/include/smart_farm_interfaces/smart_farm_interfaces/srv/detail/start_cycle__type_support.h
[2.365s] -- Up-to-date symlink: /home/rokey/ROKEY_P3_A1/cobot3_ws/install/smart_farm_interfaces/include/smart_farm_interfaces/smart_farm_interfaces/srv/start_cycle.h
[2.366s] -- Up-to-date symlink: /home/rokey/ROKEY_P3_A1/cobot3_ws/install/smart_farm_interfaces/share/smart_farm_interfaces/environment/library_path.sh
[2.367s] -- Up-to-date symlink: /home/rokey/ROKEY_P3_A1/cobot3_ws/install/smart_farm_interfaces/share/smart_farm_interfaces/environment/library_path.dsv
[2.368s] -- Up-to-date symlink: /home/rokey/ROKEY_P3_A1/cobot3_ws/install/smart_farm_interfaces/include/smart_farm_interfaces/smart_farm_interfaces/msg/rosidl_typesupport_fastrtps_c__visibility_control.h
[2.368s] -- Up-to-date symlink: /home/rokey/ROKEY_P3_A1/cobot3_ws/install/smart_farm_interfaces/include/smart_farm_interfaces/smart_farm_interfaces/srv/detail/start_cycle__rosidl_typesupport_fastrtps_c.h
[2.369s] -- Up-to-date symlink: /home/rokey/ROKEY_P3_A1/cobot3_ws/install/smart_farm_interfaces/include/smart_farm_interfaces/smart_farm_interfaces/msg/rosidl_typesupport_introspection_c__visibility_control.h
[2.370s] -- Up-to-date symlink: /home/rokey/ROKEY_P3_A1/cobot3_ws/install/smart_farm_interfaces/include/smart_farm_interfaces/smart_farm_interfaces/srv/detail/start_cycle__rosidl_typesupport_introspection_c.h
[2.371s] -- Up-to-date symlink: /home/rokey/ROKEY_P3_A1/cobot3_ws/install/smart_farm_interfaces/include/smart_farm_interfaces/smart_farm_interfaces/msg/rosidl_generator_cpp__visibility_control.hpp
[2.371s] -- Up-to-date symlink: /home/rokey/ROKEY_P3_A1/cobot3_ws/install/smart_farm_interfaces/include/smart_farm_interfaces/smart_farm_interfaces/srv/detail/start_cycle__builder.hpp
[2.372s] -- Up-to-date symlink: /home/rokey/ROKEY_P3_A1/cobot3_ws/install/smart_farm_interfaces/include/smart_farm_interfaces/smart_farm_interfaces/srv/detail/start_cycle__struct.hpp
[2.372s] -- Up-to-date symlink: /home/rokey/ROKEY_P3_A1/cobot3_ws/install/smart_farm_interfaces/include/smart_farm_interfaces/smart_farm_interfaces/srv/detail/start_cycle__traits.hpp
[2.372s] -- Up-to-date symlink: /home/rokey/ROKEY_P3_A1/cobot3_ws/install/smart_farm_interfaces/include/smart_farm_interfaces/smart_farm_interfaces/srv/detail/start_cycle__type_support.hpp
[2.373s] -- Up-to-date symlink: /home/rokey/ROKEY_P3_A1/cobot3_ws/install/smart_farm_interfaces/include/smart_farm_interfaces/smart_farm_interfaces/srv/start_cycle.hpp
[2.374s] -- Up-to-date symlink: /home/rokey/ROKEY_P3_A1/cobot3_ws/install/smart_farm_interfaces/include/smart_farm_interfaces/smart_farm_interfaces/msg/rosidl_typesupport_fastrtps_cpp__visibility_control.h
[2.375s] -- Up-to-date symlink: /home/rokey/ROKEY_P3_A1/cobot3_ws/install/smart_farm_interfaces/include/smart_farm_interfaces/smart_farm_interfaces/srv/detail/start_cycle__rosidl_typesupport_fastrtps_cpp.hpp
[2.375s] -- Up-to-date symlink: /home/rokey/ROKEY_P3_A1/cobot3_ws/install/smart_farm_interfaces/include/smart_farm_interfaces/smart_farm_interfaces/srv/detail/start_cycle__rosidl_typesupport_introspection_cpp.hpp
[2.376s] -- Up-to-date symlink: /home/rokey/ROKEY_P3_A1/cobot3_ws/install/smart_farm_interfaces/share/smart_farm_interfaces/environment/pythonpath.sh
[2.377s] -- Up-to-date symlink: /home/rokey/ROKEY_P3_A1/cobot3_ws/install/smart_farm_interfaces/share/smart_farm_interfaces/environment/pythonpath.dsv
[2.380s] -- Up-to-date symlink: /home/rokey/ROKEY_P3_A1/cobot3_ws/install/smart_farm_interfaces/lib/python3.12/site-packages/smart_farm_interfaces-0.0.0-py3.12.egg-info/PKG-INFO
[2.380s] -- Up-to-date symlink: /home/rokey/ROKEY_P3_A1/cobot3_ws/install/smart_farm_interfaces/lib/python3.12/site-packages/smart_farm_interfaces-0.0.0-py3.12.egg-info/SOURCES.txt
[2.381s] -- Up-to-date symlink: /home/rokey/ROKEY_P3_A1/cobot3_ws/install/smart_farm_interfaces/lib/python3.12/site-packages/smart_farm_interfaces-0.0.0-py3.12.egg-info/dependency_links.txt
[2.381s] -- Up-to-date symlink: /home/rokey/ROKEY_P3_A1/cobot3_ws/install/smart_farm_interfaces/lib/python3.12/site-packages/smart_farm_interfaces-0.0.0-py3.12.egg-info/top_level.txt
[2.382s] -- Up-to-date symlink: /home/rokey/ROKEY_P3_A1/cobot3_ws/install/smart_farm_interfaces/lib/python3.12/site-packages/smart_farm_interfaces/__init__.py
[2.382s] -- Up-to-date symlink: /home/rokey/ROKEY_P3_A1/cobot3_ws/install/smart_farm_interfaces/lib/python3.12/site-packages/smart_farm_interfaces/_smart_farm_interfaces_s.ep.rosidl_typesupport_c.c
[2.382s] -- Up-to-date symlink: /home/rokey/ROKEY_P3_A1/cobot3_ws/install/smart_farm_interfaces/lib/python3.12/site-packages/smart_farm_interfaces/_smart_farm_interfaces_s.ep.rosidl_typesupport_fastrtps_c.c
[2.383s] -- Up-to-date symlink: /home/rokey/ROKEY_P3_A1/cobot3_ws/install/smart_farm_interfaces/lib/python3.12/site-packages/smart_farm_interfaces/_smart_farm_interfaces_s.ep.rosidl_typesupport_introspection_c.c
[2.383s] -- Up-to-date symlink: /home/rokey/ROKEY_P3_A1/cobot3_ws/install/smart_farm_interfaces/lib/python3.12/site-packages/smart_farm_interfaces/smart_farm_interfaces_s__rosidl_typesupport_c.so
[2.383s] -- Up-to-date symlink: /home/rokey/ROKEY_P3_A1/cobot3_ws/install/smart_farm_interfaces/lib/python3.12/site-packages/smart_farm_interfaces/smart_farm_interfaces_s__rosidl_typesupport_fastrtps_c.so
[2.384s] -- Up-to-date symlink: /home/rokey/ROKEY_P3_A1/cobot3_ws/install/smart_farm_interfaces/lib/python3.12/site-packages/smart_farm_interfaces/smart_farm_interfaces_s__rosidl_typesupport_introspection_c.so
[2.386s] -- Up-to-date symlink: /home/rokey/ROKEY_P3_A1/cobot3_ws/install/smart_farm_interfaces/lib/python3.12/site-packages/smart_farm_interfaces/srv/__init__.py
[2.387s] -- Up-to-date symlink: /home/rokey/ROKEY_P3_A1/cobot3_ws/install/smart_farm_interfaces/lib/python3.12/site-packages/smart_farm_interfaces/srv/_start_cycle.py
[2.387s] -- Up-to-date symlink: /home/rokey/ROKEY_P3_A1/cobot3_ws/install/smart_farm_interfaces/lib/python3.12/site-packages/smart_farm_interfaces/srv/_start_cycle_s.c
[2.387s] -- Up-to-date symlink: /home/rokey/ROKEY_P3_A1/cobot3_ws/install/smart_farm_interfaces/lib/python3.12/site-packages/smart_farm_interfaces/smart_farm_interfaces_s__rosidl_typesupport_fastrtps_c.so
[2.387s] -- Up-to-date symlink: /home/rokey/ROKEY_P3_A1/cobot3_ws/install/smart_farm_interfaces/lib/python3.12/site-packages/smart_farm_interfaces/smart_farm_interfaces_s__rosidl_typesupport_introspection_c.so
[2.388s] -- Up-to-date symlink: /home/rokey/ROKEY_P3_A1/cobot3_ws/install/smart_farm_interfaces/lib/python3.12/site-packages/smart_farm_interfaces/smart_farm_interfaces_s__rosidl_typesupport_c.so
[2.388s] -- Up-to-date symlink: /home/rokey/ROKEY_P3_A1/cobot3_ws/install/smart_farm_interfaces/share/smart_farm_interfaces/rust/Cargo.toml
[2.388s] -- Up-to-date symlink: /home/rokey/ROKEY_P3_A1/cobot3_ws/install/smart_farm_interfaces/share/smart_farm_interfaces/rust/build.rs
[2.388s] -- Up-to-date symlink: /home/rokey/ROKEY_P3_A1/cobot3_ws/install/smart_farm_interfaces/share/smart_farm_interfaces/rust/src/lib.rs
[2.389s] -- Up-to-date symlink: /home/rokey/ROKEY_P3_A1/cobot3_ws/install/smart_farm_interfaces/share/smart_farm_interfaces/rust/src/srv.rs
[2.389s] -- Up-to-date symlink: /home/rokey/ROKEY_P3_A1/cobot3_ws/install/smart_farm_interfaces/share/smart_farm_interfaces/rust/src/srv/rmw.rs
[2.390s] -- Up-to-date symlink: /home/rokey/ROKEY_P3_A1/cobot3_ws/install/smart_farm_interfaces/share/smart_farm_interfaces/srv/StartCycle.idl
[2.390s] -- Up-to-date symlink: /home/rokey/ROKEY_P3_A1/cobot3_ws/install/smart_farm_interfaces/share/smart_farm_interfaces/srv/StartCycle.srv
[2.390s] -- Up-to-date symlink: /home/rokey/ROKEY_P3_A1/cobot3_ws/install/smart_farm_interfaces/share/ament_index/resource_index/package_run_dependencies/smart_farm_interfaces
[2.391s] -- Up-to-date symlink: /home/rokey/ROKEY_P3_A1/cobot3_ws/install/smart_farm_interfaces/share/ament_index/resource_index/parent_prefix_path/smart_farm_interfaces
[2.391s] -- Up-to-date symlink: /home/rokey/ROKEY_P3_A1/cobot3_ws/install/smart_farm_interfaces/share/smart_farm_interfaces/environment/ament_prefix_path.sh
[2.392s] -- Up-to-date symlink: /home/rokey/ROKEY_P3_A1/cobot3_ws/install/smart_farm_interfaces/share/smart_farm_interfaces/environment/ament_prefix_path.dsv
[2.393s] -- Up-to-date symlink: /home/rokey/ROKEY_P3_A1/cobot3_ws/install/smart_farm_interfaces/share/smart_farm_interfaces/environment/path.sh
[2.393s] -- Up-to-date symlink: /home/rokey/ROKEY_P3_A1/cobot3_ws/install/smart_farm_interfaces/share/smart_farm_interfaces/environment/path.dsv
[2.394s] -- Up-to-date symlink: /home/rokey/ROKEY_P3_A1/cobot3_ws/install/smart_farm_interfaces/share/smart_farm_interfaces/local_setup.bash
[2.395s] -- Up-to-date symlink: /home/rokey/ROKEY_P3_A1/cobot3_ws/install/smart_farm_interfaces/share/smart_farm_interfaces/local_setup.sh
[2.395s] -- Up-to-date symlink: /home/rokey/ROKEY_P3_A1/cobot3_ws/install/smart_farm_interfaces/share/smart_farm_interfaces/local_setup.zsh
[2.396s] -- Up-to-date symlink: /home/rokey/ROKEY_P3_A1/cobot3_ws/install/smart_farm_interfaces/share/smart_farm_interfaces/local_setup.dsv
[2.396s] -- Symlinking: /home/rokey/ROKEY_P3_A1/cobot3_ws/install/smart_farm_interfaces/share/smart_farm_interfaces/package.dsv
[2.408s] -- Up-to-date symlink: /home/rokey/ROKEY_P3_A1/cobot3_ws/install/smart_farm_interfaces/share/ament_index/resource_index/packages/smart_farm_interfaces
[2.409s] -- Up-to-date symlink: /home/rokey/ROKEY_P3_A1/cobot3_ws/install/smart_farm_interfaces/share/smart_farm_interfaces/cmake/rosidl_cmake-extras.cmake
[2.410s] -- Up-to-date symlink: /home/rokey/ROKEY_P3_A1/cobot3_ws/install/smart_farm_interfaces/share/smart_farm_interfaces/cmake/ament_cmake_export_dependencies-extras.cmake
[2.411s] -- Up-to-date symlink: /home/rokey/ROKEY_P3_A1/cobot3_ws/install/smart_farm_interfaces/share/smart_farm_interfaces/cmake/ament_cmake_export_include_directories-extras.cmake
[2.412s] -- Up-to-date symlink: /home/rokey/ROKEY_P3_A1/cobot3_ws/install/smart_farm_interfaces/share/smart_farm_interfaces/cmake/ament_cmake_export_libraries-extras.cmake
[2.412s] -- Up-to-date symlink: /home/rokey/ROKEY_P3_A1/cobot3_ws/install/smart_farm_interfaces/share/smart_farm_interfaces/cmake/ament_cmake_export_targets-extras.cmake
[2.413s] -- Up-to-date symlink: /home/rokey/ROKEY_P3_A1/cobot3_ws/install/smart_farm_interfaces/share/smart_farm_interfaces/cmake/rosidl_cmake_export_typesupport_targets-extras.cmake
[2.413s] -- Up-to-date symlink: /home/rokey/ROKEY_P3_A1/cobot3_ws/install/smart_farm_interfaces/share/smart_farm_interfaces/cmake/rosidl_cmake_export_typesupport_libraries-extras.cmake
[2.414s] -- Up-to-date symlink: /home/rokey/ROKEY_P3_A1/cobot3_ws/install/smart_farm_interfaces/share/smart_farm_interfaces/cmake/rosidl_cmake_aggregate_target-extras.cmake
[2.414s] -- Up-to-date symlink: /home/rokey/ROKEY_P3_A1/cobot3_ws/install/smart_farm_interfaces/share/smart_farm_interfaces/cmake/smart_farm_interfacesConfig.cmake
[2.414s] -- Up-to-date symlink: /home/rokey/ROKEY_P3_A1/cobot3_ws/install/smart_farm_interfaces/share/smart_farm_interfaces/cmake/smart_farm_interfacesConfig-version.cmake
[2.415s] -- Up-to-date symlink: /home/rokey/ROKEY_P3_A1/cobot3_ws/install/smart_farm_interfaces/share/smart_farm_interfaces/package.xml
[2.416s] -- Up-to-date: /home/rokey/ROKEY_P3_A1/cobot3_ws/install/smart_farm_interfaces/lib/libsmart_farm_interfaces__rosidl_generator_c.so
[2.417s] -- Up-to-date: /home/rokey/ROKEY_P3_A1/cobot3_ws/install/smart_farm_interfaces/lib/libsmart_farm_interfaces__rosidl_typesupport_fastrtps_c.so
[2.418s] -- Up-to-date: /home/rokey/ROKEY_P3_A1/cobot3_ws/install/smart_farm_interfaces/lib/libsmart_farm_interfaces__rosidl_typesupport_introspection_c.so
[2.419s] -- Up-to-date: /home/rokey/ROKEY_P3_A1/cobot3_ws/install/smart_farm_interfaces/lib/libsmart_farm_interfaces__rosidl_typesupport_c.so
[2.420s] -- Up-to-date: /home/rokey/ROKEY_P3_A1/cobot3_ws/install/smart_farm_interfaces/lib/libsmart_farm_interfaces__rosidl_typesupport_fastrtps_cpp.so
[2.421s] -- Up-to-date: /home/rokey/ROKEY_P3_A1/cobot3_ws/install/smart_farm_interfaces/lib/libsmart_farm_interfaces__rosidl_typesupport_introspection_cpp.so
[2.422s] -- Up-to-date: /home/rokey/ROKEY_P3_A1/cobot3_ws/install/smart_farm_interfaces/lib/libsmart_farm_interfaces__rosidl_typesupport_cpp.so
[2.499s] Listing '/home/rokey/ROKEY_P3_A1/cobot3_ws/install/smart_farm_interfaces/lib/python3.12/site-packages/smart_farm_interfaces'...
[2.499s] Listing '/home/rokey/ROKEY_P3_A1/cobot3_ws/install/smart_farm_interfaces/lib/python3.12/site-packages/smart_farm_interfaces/srv'...
[2.511s] -- Up-to-date: /home/rokey/ROKEY_P3_A1/cobot3_ws/install/smart_farm_interfaces/lib/libsmart_farm_interfaces__rosidl_generator_py.so
[2.513s] -- Up-to-date: /home/rokey/ROKEY_P3_A1/cobot3_ws/install/smart_farm_interfaces/share/smart_farm_interfaces/cmake/export_smart_farm_interfaces__rosidl_generator_cExport.cmake
[2.513s] -- Up-to-date: /home/rokey/ROKEY_P3_A1/cobot3_ws/install/smart_farm_interfaces/share/smart_farm_interfaces/cmake/export_smart_farm_interfaces__rosidl_generator_cExport-noconfig.cmake
[2.514s] -- Up-to-date: /home/rokey/ROKEY_P3_A1/cobot3_ws/install/smart_farm_interfaces/share/smart_farm_interfaces/cmake/export_smart_farm_interfaces__rosidl_typesupport_fastrtps_cExport.cmake
[2.515s] -- Up-to-date: /home/rokey/ROKEY_P3_A1/cobot3_ws/install/smart_farm_interfaces/share/smart_farm_interfaces/cmake/export_smart_farm_interfaces__rosidl_typesupport_fastrtps_cExport-noconfig.cmake
[2.517s] -- Up-to-date: /home/rokey/ROKEY_P3_A1/cobot3_ws/install/smart_farm_interfaces/share/smart_farm_interfaces/cmake/smart_farm_interfaces__rosidl_typesupport_introspection_cExport.cmake
[2.517s] -- Up-to-date: /home/rokey/ROKEY_P3_A1/cobot3_ws/install/smart_farm_interfaces/share/smart_farm_interfaces/cmake/smart_farm_interfaces__rosidl_typesupport_introspection_cExport-noconfig.cmake
[2.517s] -- Up-to-date: /home/rokey/ROKEY_P3_A1/cobot3_ws/install/smart_farm_interfaces/share/smart_farm_interfaces/cmake/smart_farm_interfaces__rosidl_typesupport_cExport.cmake
[2.518s] -- Up-to-date: /home/rokey/ROKEY_P3_A1/cobot3_ws/install/smart_farm_interfaces/share/smart_farm_interfaces/cmake/smart_farm_interfaces__rosidl_typesupport_cExport-noconfig.cmake
[2.519s] -- Up-to-date: /home/rokey/ROKEY_P3_A1/cobot3_ws/install/smart_farm_interfaces/share/smart_farm_interfaces/cmake/export_smart_farm_interfaces__rosidl_generator_cppExport.cmake
[2.519s] -- Up-to-date: /home/rokey/ROKEY_P3_A1/cobot3_ws/install/smart_farm_interfaces/share/smart_farm_interfaces/cmake/export_smart_farm_interfaces__rosidl_typesupport_fastrtps_cppExport.cmake
[2.520s] -- Up-to-date: /home/rokey/ROKEY_P3_A1/cobot3_ws/install/smart_farm_interfaces/share/smart_farm_interfaces/cmake/export_smart_farm_interfaces__rosidl_typesupport_fastrtps_cppExport-noconfig.cmake
[2.520s] -- Up-to-date: /home/rokey/ROKEY_P3_A1/cobot3_ws/install/smart_farm_interfaces/share/smart_farm_interfaces/cmake/smart_farm_interfaces__rosidl_typesupport_introspection_cppExport.cmake
[2.520s] -- Up-to-date: /home/rokey/ROKEY_P3_A1/cobot3_ws/install/smart_farm_interfaces/share/smart_farm_interfaces/cmake/smart_farm_interfaces__rosidl_typesupport_introspection_cppExport-noconfig.cmake
[2.521s] -- Up-to-date: /home/rokey/ROKEY_P3_A1/cobot3_ws/install/smart_farm_interfaces/share/smart_farm_interfaces/cmake/smart_farm_interfaces__rosidl_typesupport_cppExport.cmake
[2.521s] -- Up-to-date: /home/rokey/ROKEY_P3_A1/cobot3_ws/install/smart_farm_interfaces/share/smart_farm_interfaces/cmake/smart_farm_interfaces__rosidl_typesupport_cppExport-noconfig.cmake
[2.521s] -- Up-to-date: /home/rokey/ROKEY_P3_A1/cobot3_ws/install/smart_farm_interfaces/share/smart_farm_interfaces/cmake/export_smart_farm_interfaces__rosidl_generator_pyExport.cmake
[2.521s] -- Up-to-date: /home/rokey/ROKEY_P3_A1/cobot3_ws/install/smart_farm_interfaces/share/smart_farm_interfaces/cmake/export_smart_farm_interfaces__rosidl_generator_pyExport-noconfig.cmake
[2.525s] Invoked command in '/home/rokey/ROKEY_P3_A1/cobot3_ws/build/smart_farm_interfaces' returned '0': CMAKE_PREFIX_PATH=${CMAKE_PREFIX_PATH}:/opt/ros/jazzy DEBUGINFOD_URLS=https://debuginfod.ubuntu.com /usr/bin/cmake --install /home/rokey/ROKEY_P3_A1/cobot3_ws/build/smart_farm_interfaces
