-- The C compiler identification is GNU 13.3.0
-- The CXX compiler identification is GNU 13.3.0
-- Detecting C compiler ABI info
-- Detecting C compiler ABI info - done
-- Check for working C compiler: /usr/bin/cc - skipped
-- Detecting C compile features
-- Detecting C compile features - done
-- Detecting CXX compiler ABI info
-- Detecting CXX compiler ABI info - done
-- Check for working CXX compiler: /usr/bin/c++ - skipped
-- Detecting CXX compile features
-- Detecting CXX compile features - done
-- Found ament_cmake: 2.5.6 (/opt/ros/jazzy/share/ament_cmake/cmake)
-- Found Python3: /usr/bin/python3 (found version "3.12.3") found components: Interpreter 
-- Found rosidl_default_generators: 1.6.1 (/opt/ros/jazzy/share/rosidl_default_generators/cmake)
-- Using all available rosidl_typesupport_c: rosidl_typesupport_fastrtps_c;rosidl_typesupport_introspection_c
-- Using all available rosidl_typesupport_cpp: rosidl_typesupport_fastrtps_cpp;rosidl_typesupport_introspection_cpp
-- Found rosidl_adapter: 4.6.9 (/opt/ros/jazzy/share/rosidl_adapter/cmake)
-- Found ament_cmake_ros: 0.12.1 (/opt/ros/jazzy/share/ament_cmake_ros/cmake)
-- Using all available rosidl_typesupport_c: rosidl_typesupport_fastrtps_c;rosidl_typesupport_introspection_c
-- Using all available rosidl_typesupport_cpp: rosidl_typesupport_fastrtps_cpp;rosidl_typesupport_introspection_cpp
-- Found python_cmake_module: 0.11.1 (/opt/ros/jazzy/share/python_cmake_module/cmake)
-- Found PythonExtra: /usr/bin/python3  
-- Found Python3: /usr/bin/python3 (found version "3.12.3") found components: Interpreter Development NumPy Development.Module Development.Embed 
-- Found Python3: /usr/bin/python3 (found version "3.12.3") found components: Interpreter 
-- Found ament_lint_auto: 0.17.5 (/opt/ros/jazzy/share/ament_lint_auto/cmake)
-- Added test 'lint_cmake' to check CMake code style
-- Added test 'xmllint' to check XML markup files
-- Configuring done (2.3s)
-- Generating done (0.0s)
-- Build files have been written to: /home/shbong/ROKEY_P3_A1/cobot3_ws/build/smart_farm_interfaces
[  2%] [34m[1mGenerating Rust code for ROS interfaces[0m
[  5%] [34m[1mGenerating type hashes for ROS interfaces[0m
[  5%] Built target ament_cmake_python_copy_smart_farm_interfaces
[  5%] Built target smart_farm_interfaces__rosidl_generator_type_description
[  8%] [34m[1mGenerating C code for ROS interfaces[0m
[  8%] Built target smart_farm_interfaces__rs
[ 11%] [34m[1mGenerating C++ code for ROS interfaces[0m
running egg_info
creating smart_farm_interfaces.egg-info
writing smart_farm_interfaces.egg-info/PKG-INFO
writing dependency_links to smart_farm_interfaces.egg-info/dependency_links.txt
writing top-level names to smart_farm_interfaces.egg-info/top_level.txt
writing manifest file 'smart_farm_interfaces.egg-info/SOURCES.txt'
reading manifest file 'smart_farm_interfaces.egg-info/SOURCES.txt'
writing manifest file 'smart_farm_interfaces.egg-info/SOURCES.txt'
[ 11%] Built target ament_cmake_python_build_smart_farm_interfaces_egg
[ 11%] Built target smart_farm_interfaces__cpp
[ 14%] [32mBuilding C object CMakeFiles/smart_farm_interfaces__rosidl_generator_c.dir/rosidl_generator_c/smart_farm_interfaces/srv/detail/start_cycle__type_support.c.o[0m
[ 17%] [32mBuilding C object CMakeFiles/smart_farm_interfaces__rosidl_generator_c.dir/rosidl_generator_c/smart_farm_interfaces/srv/detail/start_cycle__description.c.o[0m
[ 20%] [32mBuilding C object CMakeFiles/smart_farm_interfaces__rosidl_generator_c.dir/rosidl_generator_c/smart_farm_interfaces/srv/detail/start_cycle__functions.c.o[0m
[ 22%] [32m[1mLinking C shared library libsmart_farm_interfaces__rosidl_generator_c.so[0m
[ 22%] Built target smart_farm_interfaces__rosidl_generator_c
[ 25%] [34m[1mGenerating C introspection for ROS interfaces[0m
[ 28%] [34m[1mGenerating C type support for eProsima Fast-RTPS[0m
[ 31%] [34m[1mGenerating C++ type support for eProsima Fast-RTPS[0m
[ 34%] [34m[1mGenerating C++ type support dispatch for ROS interfaces[0m
[ 37%] [34m[1mGenerating C++ introspection for ROS interfaces[0m
[ 40%] [34m[1mGenerating C type support dispatch for ROS interfaces[0m
[ 42%] [32mBuilding CXX object CMakeFiles/smart_farm_interfaces__rosidl_typesupport_c.dir/rosidl_typesupport_c/smart_farm_interfaces/srv/start_cycle__type_support.cpp.o[0m
[ 45%] [32mBuilding CXX object CMakeFiles/smart_farm_interfaces__rosidl_typesupport_cpp.dir/rosidl_typesupport_cpp/smart_farm_interfaces/srv/start_cycle__type_support.cpp.o[0m
[ 48%] [32m[1mLinking CXX shared library libsmart_farm_interfaces__rosidl_typesupport_c.so[0m
[ 51%] [32mBuilding CXX object CMakeFiles/smart_farm_interfaces__rosidl_typesupport_fastrtps_c.dir/rosidl_typesupport_fastrtps_c/smart_farm_interfaces/srv/detail/start_cycle__type_support_c.cpp.o[0m
[ 54%] [32mBuilding CXX object CMakeFiles/smart_farm_interfaces__rosidl_typesupport_introspection_cpp.dir/rosidl_typesupport_introspection_cpp/smart_farm_interfaces/srv/detail/start_cycle__type_support.cpp.o[0m
[ 57%] [32mBuilding CXX object CMakeFiles/smart_farm_interfaces__rosidl_typesupport_fastrtps_cpp.dir/rosidl_typesupport_fastrtps_cpp/smart_farm_interfaces/srv/detail/dds_fastrtps/start_cycle__type_support.cpp.o[0m
[ 60%] [32mBuilding C object CMakeFiles/smart_farm_interfaces__rosidl_typesupport_introspection_c.dir/rosidl_typesupport_introspection_c/smart_farm_interfaces/srv/detail/start_cycle__type_support.c.o[0m
[ 60%] Built target smart_farm_interfaces__rosidl_typesupport_c
[ 62%] [32m[1mLinking C shared library libsmart_farm_interfaces__rosidl_typesupport_introspection_c.so[0m
[ 62%] Built target smart_farm_interfaces__rosidl_typesupport_introspection_c
[ 65%] [32m[1mLinking CXX shared library libsmart_farm_interfaces__rosidl_typesupport_fastrtps_c.so[0m
[ 68%] [32m[1mLinking CXX shared library libsmart_farm_interfaces__rosidl_typesupport_cpp.so[0m
[ 71%] [32m[1mLinking CXX shared library libsmart_farm_interfaces__rosidl_typesupport_introspection_cpp.so[0m
[ 71%] Built target smart_farm_interfaces__rosidl_typesupport_cpp
[ 71%] Built target smart_farm_interfaces__rosidl_typesupport_fastrtps_c
[ 74%] [32m[1mLinking CXX shared library libsmart_farm_interfaces__rosidl_typesupport_fastrtps_cpp.so[0m
[ 74%] Built target smart_farm_interfaces__rosidl_typesupport_introspection_cpp
[ 74%] Built target smart_farm_interfaces__rosidl_typesupport_fastrtps_cpp
[ 74%] Built target smart_farm_interfaces
[ 77%] [34m[1mGenerating Python code for ROS interfaces[0m
[ 77%] Built target smart_farm_interfaces__py
[ 80%] [32mBuilding C object CMakeFiles/smart_farm_interfaces__rosidl_generator_py.dir/rosidl_generator_py/smart_farm_interfaces/srv/_start_cycle_s.c.o[0m
[ 82%] [32m[1mLinking C shared library libsmart_farm_interfaces__rosidl_generator_py.so[0m
[ 82%] Built target smart_farm_interfaces__rosidl_generator_py
[ 85%] [32mBuilding C object CMakeFiles/smart_farm_interfaces_s__rosidl_typesupport_introspection_c.dir/rosidl_generator_py/smart_farm_interfaces/_smart_farm_interfaces_s.ep.rosidl_typesupport_introspection_c.c.o[0m
[ 88%] [32mBuilding C object CMakeFiles/smart_farm_interfaces_s__rosidl_typesupport_fastrtps_c.dir/rosidl_generator_py/smart_farm_interfaces/_smart_farm_interfaces_s.ep.rosidl_typesupport_fastrtps_c.c.o[0m
[ 91%] [32mBuilding C object CMakeFiles/smart_farm_interfaces_s__rosidl_typesupport_c.dir/rosidl_generator_py/smart_farm_interfaces/_smart_farm_interfaces_s.ep.rosidl_typesupport_c.c.o[0m
[ 94%] [32m[1mLinking C shared module rosidl_generator_py/smart_farm_interfaces/smart_farm_interfaces_s__rosidl_typesupport_c.so[0m
[ 97%] [32m[1mLinking C shared module rosidl_generator_py/smart_farm_interfaces/smart_farm_interfaces_s__rosidl_typesupport_introspection_c.so[0m
[100%] [32m[1mLinking C shared module rosidl_generator_py/smart_farm_interfaces/smart_farm_interfaces_s__rosidl_typesupport_fastrtps_c.so[0m
[100%] Built target smart_farm_interfaces_s__rosidl_typesupport_c
[100%] Built target smart_farm_interfaces_s__rosidl_typesupport_fastrtps_c
[100%] Built target smart_farm_interfaces_s__rosidl_typesupport_introspection_c
-- Install configuration: ""
-- Installing: /home/shbong/ROKEY_P3_A1/cobot3_ws/install/smart_farm_interfaces/share/ament_index/resource_index/rosidl_interfaces/smart_farm_interfaces
-- Installing: /home/shbong/ROKEY_P3_A1/cobot3_ws/install/smart_farm_interfaces/share/smart_farm_interfaces/srv/StartCycle.json
-- Installing: /home/shbong/ROKEY_P3_A1/cobot3_ws/install/smart_farm_interfaces/include/smart_farm_interfaces/smart_farm_interfaces
-- Installing: /home/shbong/ROKEY_P3_A1/cobot3_ws/install/smart_farm_interfaces/include/smart_farm_interfaces/smart_farm_interfaces/srv
-- Installing: /home/shbong/ROKEY_P3_A1/cobot3_ws/install/smart_farm_interfaces/include/smart_farm_interfaces/smart_farm_interfaces/srv/start_cycle.h
-- Installing: /home/shbong/ROKEY_P3_A1/cobot3_ws/install/smart_farm_interfaces/include/smart_farm_interfaces/smart_farm_interfaces/srv/detail
-- Installing: /home/shbong/ROKEY_P3_A1/cobot3_ws/install/smart_farm_interfaces/include/smart_farm_interfaces/smart_farm_interfaces/srv/detail/start_cycle__type_support.h
-- Installing: /home/shbong/ROKEY_P3_A1/cobot3_ws/install/smart_farm_interfaces/include/smart_farm_interfaces/smart_farm_interfaces/srv/detail/start_cycle__description.c
-- Installing: /home/shbong/ROKEY_P3_A1/cobot3_ws/install/smart_farm_interfaces/include/smart_farm_interfaces/smart_farm_interfaces/srv/detail/start_cycle__functions.h
-- Installing: /home/shbong/ROKEY_P3_A1/cobot3_ws/install/smart_farm_interfaces/include/smart_farm_interfaces/smart_farm_interfaces/srv/detail/start_cycle__type_support.c
-- Installing: /home/shbong/ROKEY_P3_A1/cobot3_ws/install/smart_farm_interfaces/include/smart_farm_interfaces/smart_farm_interfaces/srv/detail/start_cycle__functions.c
-- Installing: /home/shbong/ROKEY_P3_A1/cobot3_ws/install/smart_farm_interfaces/include/smart_farm_interfaces/smart_farm_interfaces/srv/detail/start_cycle__struct.h
-- Installing: /home/shbong/ROKEY_P3_A1/cobot3_ws/install/smart_farm_interfaces/include/smart_farm_interfaces/smart_farm_interfaces/msg
-- Installing: /home/shbong/ROKEY_P3_A1/cobot3_ws/install/smart_farm_interfaces/include/smart_farm_interfaces/smart_farm_interfaces/msg/rosidl_generator_c__visibility_control.h
-- Installing: /home/shbong/ROKEY_P3_A1/cobot3_ws/install/smart_farm_interfaces/share/smart_farm_interfaces/environment/library_path.sh
-- Installing: /home/shbong/ROKEY_P3_A1/cobot3_ws/install/smart_farm_interfaces/share/smart_farm_interfaces/environment/library_path.dsv
-- Installing: /home/shbong/ROKEY_P3_A1/cobot3_ws/install/smart_farm_interfaces/lib/libsmart_farm_interfaces__rosidl_generator_c.so
-- Set non-toolchain portion of runtime path of "/home/shbong/ROKEY_P3_A1/cobot3_ws/install/smart_farm_interfaces/lib/libsmart_farm_interfaces__rosidl_generator_c.so" to ""
-- Up-to-date: /home/shbong/ROKEY_P3_A1/cobot3_ws/install/smart_farm_interfaces/include/smart_farm_interfaces/smart_farm_interfaces
-- Up-to-date: /home/shbong/ROKEY_P3_A1/cobot3_ws/install/smart_farm_interfaces/include/smart_farm_interfaces/smart_farm_interfaces/srv
-- Up-to-date: /home/shbong/ROKEY_P3_A1/cobot3_ws/install/smart_farm_interfaces/include/smart_farm_interfaces/smart_farm_interfaces/srv/detail
-- Installing: /home/shbong/ROKEY_P3_A1/cobot3_ws/install/smart_farm_interfaces/include/smart_farm_interfaces/smart_farm_interfaces/srv/detail/start_cycle__rosidl_typesupport_fastrtps_c.h
-- Up-to-date: /home/shbong/ROKEY_P3_A1/cobot3_ws/install/smart_farm_interfaces/include/smart_farm_interfaces/smart_farm_interfaces/msg
-- Installing: /home/shbong/ROKEY_P3_A1/cobot3_ws/install/smart_farm_interfaces/include/smart_farm_interfaces/smart_farm_interfaces/msg/rosidl_typesupport_fastrtps_c__visibility_control.h
-- Installing: /home/shbong/ROKEY_P3_A1/cobot3_ws/install/smart_farm_interfaces/lib/libsmart_farm_interfaces__rosidl_typesupport_fastrtps_c.so
-- Set non-toolchain portion of runtime path of "/home/shbong/ROKEY_P3_A1/cobot3_ws/install/smart_farm_interfaces/lib/libsmart_farm_interfaces__rosidl_typesupport_fastrtps_c.so" to ""
-- Up-to-date: /home/shbong/ROKEY_P3_A1/cobot3_ws/install/smart_farm_interfaces/include/smart_farm_interfaces/smart_farm_interfaces
-- Up-to-date: /home/shbong/ROKEY_P3_A1/cobot3_ws/install/smart_farm_interfaces/include/smart_farm_interfaces/smart_farm_interfaces/srv
-- Up-to-date: /home/shbong/ROKEY_P3_A1/cobot3_ws/install/smart_farm_interfaces/include/smart_farm_interfaces/smart_farm_interfaces/srv/detail
-- Up-to-date: /home/shbong/ROKEY_P3_A1/cobot3_ws/install/smart_farm_interfaces/include/smart_farm_interfaces/smart_farm_interfaces/srv/detail/start_cycle__type_support.c
-- Installing: /home/shbong/ROKEY_P3_A1/cobot3_ws/install/smart_farm_interfaces/include/smart_farm_interfaces/smart_farm_interfaces/srv/detail/start_cycle__rosidl_typesupport_introspection_c.h
-- Up-to-date: /home/shbong/ROKEY_P3_A1/cobot3_ws/install/smart_farm_interfaces/include/smart_farm_interfaces/smart_farm_interfaces/msg
-- Installing: /home/shbong/ROKEY_P3_A1/cobot3_ws/install/smart_farm_interfaces/include/smart_farm_interfaces/smart_farm_interfaces/msg/rosidl_typesupport_introspection_c__visibility_control.h
-- Installing: /home/shbong/ROKEY_P3_A1/cobot3_ws/install/smart_farm_interfaces/lib/libsmart_farm_interfaces__rosidl_typesupport_introspection_c.so
-- Set non-toolchain portion of runtime path of "/home/shbong/ROKEY_P3_A1/cobot3_ws/install/smart_farm_interfaces/lib/libsmart_farm_interfaces__rosidl_typesupport_introspection_c.so" to ""
-- Installing: /home/shbong/ROKEY_P3_A1/cobot3_ws/install/smart_farm_interfaces/lib/libsmart_farm_interfaces__rosidl_typesupport_c.so
-- Set non-toolchain portion of runtime path of "/home/shbong/ROKEY_P3_A1/cobot3_ws/install/smart_farm_interfaces/lib/libsmart_farm_interfaces__rosidl_typesupport_c.so" to ""
-- Up-to-date: /home/shbong/ROKEY_P3_A1/cobot3_ws/install/smart_farm_interfaces/include/smart_farm_interfaces/smart_farm_interfaces
-- Up-to-date: /home/shbong/ROKEY_P3_A1/cobot3_ws/install/smart_farm_interfaces/include/smart_farm_interfaces/smart_farm_interfaces/srv
-- Installing: /home/shbong/ROKEY_P3_A1/cobot3_ws/install/smart_farm_interfaces/include/smart_farm_interfaces/smart_farm_interfaces/srv/start_cycle.hpp
-- Up-to-date: /home/shbong/ROKEY_P3_A1/cobot3_ws/install/smart_farm_interfaces/include/smart_farm_interfaces/smart_farm_interfaces/srv/detail
-- Installing: /home/shbong/ROKEY_P3_A1/cobot3_ws/install/smart_farm_interfaces/include/smart_farm_interfaces/smart_farm_interfaces/srv/detail/start_cycle__struct.hpp
-- Installing: /home/shbong/ROKEY_P3_A1/cobot3_ws/install/smart_farm_interfaces/include/smart_farm_interfaces/smart_farm_interfaces/srv/detail/start_cycle__builder.hpp
-- Installing: /home/shbong/ROKEY_P3_A1/cobot3_ws/install/smart_farm_interfaces/include/smart_farm_interfaces/smart_farm_interfaces/srv/detail/start_cycle__type_support.hpp
-- Installing: /home/shbong/ROKEY_P3_A1/cobot3_ws/install/smart_farm_interfaces/include/smart_farm_interfaces/smart_farm_interfaces/srv/detail/start_cycle__traits.hpp
-- Up-to-date: /home/shbong/ROKEY_P3_A1/cobot3_ws/install/smart_farm_interfaces/include/smart_farm_interfaces/smart_farm_interfaces/msg
-- Installing: /home/shbong/ROKEY_P3_A1/cobot3_ws/install/smart_farm_interfaces/include/smart_farm_interfaces/smart_farm_interfaces/msg/rosidl_generator_cpp__visibility_control.hpp
-- Up-to-date: /home/shbong/ROKEY_P3_A1/cobot3_ws/install/smart_farm_interfaces/include/smart_farm_interfaces/smart_farm_interfaces
-- Up-to-date: /home/shbong/ROKEY_P3_A1/cobot3_ws/install/smart_farm_interfaces/include/smart_farm_interfaces/smart_farm_interfaces/srv
-- Up-to-date: /home/shbong/ROKEY_P3_A1/cobot3_ws/install/smart_farm_interfaces/include/smart_farm_interfaces/smart_farm_interfaces/srv/detail
-- Installing: /home/shbong/ROKEY_P3_A1/cobot3_ws/install/smart_farm_interfaces/include/smart_farm_interfaces/smart_farm_interfaces/srv/detail/start_cycle__rosidl_typesupport_fastrtps_cpp.hpp
-- Installing: /home/shbong/ROKEY_P3_A1/cobot3_ws/install/smart_farm_interfaces/include/smart_farm_interfaces/smart_farm_interfaces/srv/detail/dds_fastrtps
-- Up-to-date: /home/shbong/ROKEY_P3_A1/cobot3_ws/install/smart_farm_interfaces/include/smart_farm_interfaces/smart_farm_interfaces/msg
-- Installing: /home/shbong/ROKEY_P3_A1/cobot3_ws/install/smart_farm_interfaces/include/smart_farm_interfaces/smart_farm_interfaces/msg/rosidl_typesupport_fastrtps_cpp__visibility_control.h
-- Installing: /home/shbong/ROKEY_P3_A1/cobot3_ws/install/smart_farm_interfaces/lib/libsmart_farm_interfaces__rosidl_typesupport_fastrtps_cpp.so
-- Set non-toolchain portion of runtime path of "/home/shbong/ROKEY_P3_A1/cobot3_ws/install/smart_farm_interfaces/lib/libsmart_farm_interfaces__rosidl_typesupport_fastrtps_cpp.so" to ""
-- Up-to-date: /home/shbong/ROKEY_P3_A1/cobot3_ws/install/smart_farm_interfaces/include/smart_farm_interfaces/smart_farm_interfaces
-- Up-to-date: /home/shbong/ROKEY_P3_A1/cobot3_ws/install/smart_farm_interfaces/include/smart_farm_interfaces/smart_farm_interfaces/srv
-- Up-to-date: /home/shbong/ROKEY_P3_A1/cobot3_ws/install/smart_farm_interfaces/include/smart_farm_interfaces/smart_farm_interfaces/srv/detail
-- Installing: /home/shbong/ROKEY_P3_A1/cobot3_ws/install/smart_farm_interfaces/include/smart_farm_interfaces/smart_farm_interfaces/srv/detail/start_cycle__rosidl_typesupport_introspection_cpp.hpp
-- Installing: /home/shbong/ROKEY_P3_A1/cobot3_ws/install/smart_farm_interfaces/include/smart_farm_interfaces/smart_farm_interfaces/srv/detail/start_cycle__type_support.cpp
-- Installing: /home/shbong/ROKEY_P3_A1/cobot3_ws/install/smart_farm_interfaces/lib/libsmart_farm_interfaces__rosidl_typesupport_introspection_cpp.so
-- Set non-toolchain portion of runtime path of "/home/shbong/ROKEY_P3_A1/cobot3_ws/install/smart_farm_interfaces/lib/libsmart_farm_interfaces__rosidl_typesupport_introspection_cpp.so" to ""
-- Installing: /home/shbong/ROKEY_P3_A1/cobot3_ws/install/smart_farm_interfaces/lib/libsmart_farm_interfaces__rosidl_typesupport_cpp.so
-- Set non-toolchain portion of runtime path of "/home/shbong/ROKEY_P3_A1/cobot3_ws/install/smart_farm_interfaces/lib/libsmart_farm_interfaces__rosidl_typesupport_cpp.so" to ""
-- Installing: /home/shbong/ROKEY_P3_A1/cobot3_ws/install/smart_farm_interfaces/share/smart_farm_interfaces/environment/pythonpath.sh
-- Installing: /home/shbong/ROKEY_P3_A1/cobot3_ws/install/smart_farm_interfaces/share/smart_farm_interfaces/environment/pythonpath.dsv
-- Installing: /home/shbong/ROKEY_P3_A1/cobot3_ws/install/smart_farm_interfaces/lib/python3.12/site-packages/smart_farm_interfaces-0.0.0-py3.12.egg-info
-- Installing: /home/shbong/ROKEY_P3_A1/cobot3_ws/install/smart_farm_interfaces/lib/python3.12/site-packages/smart_farm_interfaces-0.0.0-py3.12.egg-info/PKG-INFO
-- Installing: /home/shbong/ROKEY_P3_A1/cobot3_ws/install/smart_farm_interfaces/lib/python3.12/site-packages/smart_farm_interfaces-0.0.0-py3.12.egg-info/top_level.txt
-- Installing: /home/shbong/ROKEY_P3_A1/cobot3_ws/install/smart_farm_interfaces/lib/python3.12/site-packages/smart_farm_interfaces-0.0.0-py3.12.egg-info/dependency_links.txt
-- Installing: /home/shbong/ROKEY_P3_A1/cobot3_ws/install/smart_farm_interfaces/lib/python3.12/site-packages/smart_farm_interfaces-0.0.0-py3.12.egg-info/SOURCES.txt
-- Installing: /home/shbong/ROKEY_P3_A1/cobot3_ws/install/smart_farm_interfaces/lib/python3.12/site-packages/smart_farm_interfaces
-- Installing: /home/shbong/ROKEY_P3_A1/cobot3_ws/install/smart_farm_interfaces/lib/python3.12/site-packages/smart_farm_interfaces/srv
-- Installing: /home/shbong/ROKEY_P3_A1/cobot3_ws/install/smart_farm_interfaces/lib/python3.12/site-packages/smart_farm_interfaces/srv/_start_cycle.py
-- Installing: /home/shbong/ROKEY_P3_A1/cobot3_ws/install/smart_farm_interfaces/lib/python3.12/site-packages/smart_farm_interfaces/srv/_start_cycle_s.c
-- Installing: /home/shbong/ROKEY_P3_A1/cobot3_ws/install/smart_farm_interfaces/lib/python3.12/site-packages/smart_farm_interfaces/srv/__init__.py
-- Installing: /home/shbong/ROKEY_P3_A1/cobot3_ws/install/smart_farm_interfaces/lib/python3.12/site-packages/smart_farm_interfaces/smart_farm_interfaces_s__rosidl_typesupport_fastrtps_c.so
-- Installing: /home/shbong/ROKEY_P3_A1/cobot3_ws/install/smart_farm_interfaces/lib/python3.12/site-packages/smart_farm_interfaces/_smart_farm_interfaces_s.ep.rosidl_typesupport_c.c
-- Installing: /home/shbong/ROKEY_P3_A1/cobot3_ws/install/smart_farm_interfaces/lib/python3.12/site-packages/smart_farm_interfaces/_smart_farm_interfaces_s.ep.rosidl_typesupport_fastrtps_c.c
-- Installing: /home/shbong/ROKEY_P3_A1/cobot3_ws/install/smart_farm_interfaces/lib/python3.12/site-packages/smart_farm_interfaces/smart_farm_interfaces_s__rosidl_typesupport_introspection_c.so
-- Installing: /home/shbong/ROKEY_P3_A1/cobot3_ws/install/smart_farm_interfaces/lib/python3.12/site-packages/smart_farm_interfaces/smart_farm_interfaces_s__rosidl_typesupport_c.so
-- Installing: /home/shbong/ROKEY_P3_A1/cobot3_ws/install/smart_farm_interfaces/lib/python3.12/site-packages/smart_farm_interfaces/__init__.py
-- Installing: /home/shbong/ROKEY_P3_A1/cobot3_ws/install/smart_farm_interfaces/lib/python3.12/site-packages/smart_farm_interfaces/_smart_farm_interfaces_s.ep.rosidl_typesupport_introspection_c.c
Listing '/home/shbong/ROKEY_P3_A1/cobot3_ws/install/smart_farm_interfaces/lib/python3.12/site-packages/smart_farm_interfaces'...
Compiling '/home/shbong/ROKEY_P3_A1/cobot3_ws/install/smart_farm_interfaces/lib/python3.12/site-packages/smart_farm_interfaces/__init__.py'...
Listing '/home/shbong/ROKEY_P3_A1/cobot3_ws/install/smart_farm_interfaces/lib/python3.12/site-packages/smart_farm_interfaces/srv'...
Compiling '/home/shbong/ROKEY_P3_A1/cobot3_ws/install/smart_farm_interfaces/lib/python3.12/site-packages/smart_farm_interfaces/srv/__init__.py'...
Compiling '/home/shbong/ROKEY_P3_A1/cobot3_ws/install/smart_farm_interfaces/lib/python3.12/site-packages/smart_farm_interfaces/srv/_start_cycle.py'...
-- Installing: /home/shbong/ROKEY_P3_A1/cobot3_ws/install/smart_farm_interfaces/lib/python3.12/site-packages/smart_farm_interfaces/smart_farm_interfaces_s__rosidl_typesupport_fastrtps_c.so
-- Set non-toolchain portion of runtime path of "/home/shbong/ROKEY_P3_A1/cobot3_ws/install/smart_farm_interfaces/lib/python3.12/site-packages/smart_farm_interfaces/smart_farm_interfaces_s__rosidl_typesupport_fastrtps_c.so" to ""
-- Installing: /home/shbong/ROKEY_P3_A1/cobot3_ws/install/smart_farm_interfaces/lib/python3.12/site-packages/smart_farm_interfaces/smart_farm_interfaces_s__rosidl_typesupport_introspection_c.so
-- Set non-toolchain portion of runtime path of "/home/shbong/ROKEY_P3_A1/cobot3_ws/install/smart_farm_interfaces/lib/python3.12/site-packages/smart_farm_interfaces/smart_farm_interfaces_s__rosidl_typesupport_introspection_c.so" to ""
-- Installing: /home/shbong/ROKEY_P3_A1/cobot3_ws/install/smart_farm_interfaces/lib/python3.12/site-packages/smart_farm_interfaces/smart_farm_interfaces_s__rosidl_typesupport_c.so
-- Set non-toolchain portion of runtime path of "/home/shbong/ROKEY_P3_A1/cobot3_ws/install/smart_farm_interfaces/lib/python3.12/site-packages/smart_farm_interfaces/smart_farm_interfaces_s__rosidl_typesupport_c.so" to ""
-- Installing: /home/shbong/ROKEY_P3_A1/cobot3_ws/install/smart_farm_interfaces/lib/libsmart_farm_interfaces__rosidl_generator_py.so
-- Set non-toolchain portion of runtime path of "/home/shbong/ROKEY_P3_A1/cobot3_ws/install/smart_farm_interfaces/lib/libsmart_farm_interfaces__rosidl_generator_py.so" to ""
-- Installing: /home/shbong/ROKEY_P3_A1/cobot3_ws/install/smart_farm_interfaces/share/ament_index/resource_index/rust_packages/smart_farm_interfaces
-- Installing: /home/shbong/ROKEY_P3_A1/cobot3_ws/install/smart_farm_interfaces/share/smart_farm_interfaces/rust
-- Installing: /home/shbong/ROKEY_P3_A1/cobot3_ws/install/smart_farm_interfaces/share/smart_farm_interfaces/rust/build.rs
-- Installing: /home/shbong/ROKEY_P3_A1/cobot3_ws/install/smart_farm_interfaces/share/smart_farm_interfaces/rust/src
-- Installing: /home/shbong/ROKEY_P3_A1/cobot3_ws/install/smart_farm_interfaces/share/smart_farm_interfaces/rust/src/srv
-- Installing: /home/shbong/ROKEY_P3_A1/cobot3_ws/install/smart_farm_interfaces/share/smart_farm_interfaces/rust/src/srv/rmw.rs
-- Installing: /home/shbong/ROKEY_P3_A1/cobot3_ws/install/smart_farm_interfaces/share/smart_farm_interfaces/rust/src/srv.rs
-- Installing: /home/shbong/ROKEY_P3_A1/cobot3_ws/install/smart_farm_interfaces/share/smart_farm_interfaces/rust/src/lib.rs
-- Installing: /home/shbong/ROKEY_P3_A1/cobot3_ws/install/smart_farm_interfaces/share/smart_farm_interfaces/rust/Cargo.toml
-- Installing: /home/shbong/ROKEY_P3_A1/cobot3_ws/install/smart_farm_interfaces/share/smart_farm_interfaces/srv/StartCycle.idl
-- Installing: /home/shbong/ROKEY_P3_A1/cobot3_ws/install/smart_farm_interfaces/share/smart_farm_interfaces/srv/StartCycle.srv
-- Installing: /home/shbong/ROKEY_P3_A1/cobot3_ws/install/smart_farm_interfaces/share/ament_index/resource_index/package_run_dependencies/smart_farm_interfaces
-- Installing: /home/shbong/ROKEY_P3_A1/cobot3_ws/install/smart_farm_interfaces/share/ament_index/resource_index/parent_prefix_path/smart_farm_interfaces
-- Installing: /home/shbong/ROKEY_P3_A1/cobot3_ws/install/smart_farm_interfaces/share/smart_farm_interfaces/environment/ament_prefix_path.sh
-- Installing: /home/shbong/ROKEY_P3_A1/cobot3_ws/install/smart_farm_interfaces/share/smart_farm_interfaces/environment/ament_prefix_path.dsv
-- Installing: /home/shbong/ROKEY_P3_A1/cobot3_ws/install/smart_farm_interfaces/share/smart_farm_interfaces/environment/path.sh
-- Installing: /home/shbong/ROKEY_P3_A1/cobot3_ws/install/smart_farm_interfaces/share/smart_farm_interfaces/environment/path.dsv
-- Installing: /home/shbong/ROKEY_P3_A1/cobot3_ws/install/smart_farm_interfaces/share/smart_farm_interfaces/local_setup.bash
-- Installing: /home/shbong/ROKEY_P3_A1/cobot3_ws/install/smart_farm_interfaces/share/smart_farm_interfaces/local_setup.sh
-- Installing: /home/shbong/ROKEY_P3_A1/cobot3_ws/install/smart_farm_interfaces/share/smart_farm_interfaces/local_setup.zsh
-- Installing: /home/shbong/ROKEY_P3_A1/cobot3_ws/install/smart_farm_interfaces/share/smart_farm_interfaces/local_setup.dsv
-- Installing: /home/shbong/ROKEY_P3_A1/cobot3_ws/install/smart_farm_interfaces/share/smart_farm_interfaces/package.dsv
-- Installing: /home/shbong/ROKEY_P3_A1/cobot3_ws/install/smart_farm_interfaces/share/ament_index/resource_index/packages/smart_farm_interfaces
-- Installing: /home/shbong/ROKEY_P3_A1/cobot3_ws/install/smart_farm_interfaces/share/smart_farm_interfaces/cmake/export_smart_farm_interfaces__rosidl_generator_cExport.cmake
-- Installing: /home/shbong/ROKEY_P3_A1/cobot3_ws/install/smart_farm_interfaces/share/smart_farm_interfaces/cmake/export_smart_farm_interfaces__rosidl_generator_cExport-noconfig.cmake
-- Installing: /home/shbong/ROKEY_P3_A1/cobot3_ws/install/smart_farm_interfaces/share/smart_farm_interfaces/cmake/export_smart_farm_interfaces__rosidl_typesupport_fastrtps_cExport.cmake
-- Installing: /home/shbong/ROKEY_P3_A1/cobot3_ws/install/smart_farm_interfaces/share/smart_farm_interfaces/cmake/export_smart_farm_interfaces__rosidl_typesupport_fastrtps_cExport-noconfig.cmake
-- Installing: /home/shbong/ROKEY_P3_A1/cobot3_ws/install/smart_farm_interfaces/share/smart_farm_interfaces/cmake/smart_farm_interfaces__rosidl_typesupport_introspection_cExport.cmake
-- Installing: /home/shbong/ROKEY_P3_A1/cobot3_ws/install/smart_farm_interfaces/share/smart_farm_interfaces/cmake/smart_farm_interfaces__rosidl_typesupport_introspection_cExport-noconfig.cmake
-- Installing: /home/shbong/ROKEY_P3_A1/cobot3_ws/install/smart_farm_interfaces/share/smart_farm_interfaces/cmake/smart_farm_interfaces__rosidl_typesupport_cExport.cmake
-- Installing: /home/shbong/ROKEY_P3_A1/cobot3_ws/install/smart_farm_interfaces/share/smart_farm_interfaces/cmake/smart_farm_interfaces__rosidl_typesupport_cExport-noconfig.cmake
-- Installing: /home/shbong/ROKEY_P3_A1/cobot3_ws/install/smart_farm_interfaces/share/smart_farm_interfaces/cmake/export_smart_farm_interfaces__rosidl_generator_cppExport.cmake
-- Installing: /home/shbong/ROKEY_P3_A1/cobot3_ws/install/smart_farm_interfaces/share/smart_farm_interfaces/cmake/export_smart_farm_interfaces__rosidl_typesupport_fastrtps_cppExport.cmake
-- Installing: /home/shbong/ROKEY_P3_A1/cobot3_ws/install/smart_farm_interfaces/share/smart_farm_interfaces/cmake/export_smart_farm_interfaces__rosidl_typesupport_fastrtps_cppExport-noconfig.cmake
-- Installing: /home/shbong/ROKEY_P3_A1/cobot3_ws/install/smart_farm_interfaces/share/smart_farm_interfaces/cmake/smart_farm_interfaces__rosidl_typesupport_introspection_cppExport.cmake
-- Installing: /home/shbong/ROKEY_P3_A1/cobot3_ws/install/smart_farm_interfaces/share/smart_farm_interfaces/cmake/smart_farm_interfaces__rosidl_typesupport_introspection_cppExport-noconfig.cmake
-- Installing: /home/shbong/ROKEY_P3_A1/cobot3_ws/install/smart_farm_interfaces/share/smart_farm_interfaces/cmake/smart_farm_interfaces__rosidl_typesupport_cppExport.cmake
-- Installing: /home/shbong/ROKEY_P3_A1/cobot3_ws/install/smart_farm_interfaces/share/smart_farm_interfaces/cmake/smart_farm_interfaces__rosidl_typesupport_cppExport-noconfig.cmake
-- Installing: /home/shbong/ROKEY_P3_A1/cobot3_ws/install/smart_farm_interfaces/share/smart_farm_interfaces/cmake/export_smart_farm_interfaces__rosidl_generator_pyExport.cmake
-- Installing: /home/shbong/ROKEY_P3_A1/cobot3_ws/install/smart_farm_interfaces/share/smart_farm_interfaces/cmake/export_smart_farm_interfaces__rosidl_generator_pyExport-noconfig.cmake
-- Installing: /home/shbong/ROKEY_P3_A1/cobot3_ws/install/smart_farm_interfaces/share/smart_farm_interfaces/cmake/rosidl_cmake-extras.cmake
-- Installing: /home/shbong/ROKEY_P3_A1/cobot3_ws/install/smart_farm_interfaces/share/smart_farm_interfaces/cmake/ament_cmake_export_dependencies-extras.cmake
-- Installing: /home/shbong/ROKEY_P3_A1/cobot3_ws/install/smart_farm_interfaces/share/smart_farm_interfaces/cmake/ament_cmake_export_include_directories-extras.cmake
-- Installing: /home/shbong/ROKEY_P3_A1/cobot3_ws/install/smart_farm_interfaces/share/smart_farm_interfaces/cmake/ament_cmake_export_libraries-extras.cmake
-- Installing: /home/shbong/ROKEY_P3_A1/cobot3_ws/install/smart_farm_interfaces/share/smart_farm_interfaces/cmake/ament_cmake_export_targets-extras.cmake
-- Installing: /home/shbong/ROKEY_P3_A1/cobot3_ws/install/smart_farm_interfaces/share/smart_farm_interfaces/cmake/rosidl_cmake_export_typesupport_targets-extras.cmake
-- Installing: /home/shbong/ROKEY_P3_A1/cobot3_ws/install/smart_farm_interfaces/share/smart_farm_interfaces/cmake/rosidl_cmake_export_typesupport_libraries-extras.cmake
-- Installing: /home/shbong/ROKEY_P3_A1/cobot3_ws/install/smart_farm_interfaces/share/smart_farm_interfaces/cmake/rosidl_cmake_aggregate_target-extras.cmake
-- Installing: /home/shbong/ROKEY_P3_A1/cobot3_ws/install/smart_farm_interfaces/share/smart_farm_interfaces/cmake/smart_farm_interfacesConfig.cmake
-- Installing: /home/shbong/ROKEY_P3_A1/cobot3_ws/install/smart_farm_interfaces/share/smart_farm_interfaces/cmake/smart_farm_interfacesConfig-version.cmake
-- Installing: /home/shbong/ROKEY_P3_A1/cobot3_ws/install/smart_farm_interfaces/share/smart_farm_interfaces/package.xml
