[0.011s] Invoking command in '/home/shbong/ROKEY_P3_A1/cobot3_ws/build/smart_farm_interfaces': CMAKE_PREFIX_PATH=${CMAKE_PREFIX_PATH}:/opt/ros/jazzy DEBUGINFOD_URLS=https://debuginfod.ubuntu.com /usr/bin/cmake /home/shbong/ROKEY_P3_A1/cobot3_ws/src/smart_farm_interfaces -DCMAKE_INSTALL_PREFIX=/home/shbong/ROKEY_P3_A1/cobot3_ws/install/smart_farm_interfaces
[0.060s] -- The C compiler identification is GNU 13.3.0
[0.099s] -- The CXX compiler identification is GNU 13.3.0
[0.113s] -- Detecting C compiler ABI info
[0.191s] -- Detecting C compiler ABI info - done
[0.199s] -- Check for working C compiler: /usr/bin/cc - skipped
[0.200s] -- Detecting C compile features
[0.200s] -- Detecting C compile features - done
[0.210s] -- Detecting CXX compiler ABI info
[0.295s] -- Detecting CXX compiler ABI info - done
[0.301s] -- Check for working CXX compiler: /usr/bin/c++ - skipped
[0.301s] -- Detecting CXX compile features
[0.302s] -- Detecting CXX compile features - done
[0.304s] -- Found ament_cmake: 2.5.6 (/opt/ros/jazzy/share/ament_cmake/cmake)
[0.411s] -- Found Python3: /usr/bin/python3 (found version "3.12.3") found components: Interpreter 
[0.497s] -- Found rosidl_default_generators: 1.6.1 (/opt/ros/jazzy/share/rosidl_default_generators/cmake)
[0.502s] -- Using all available rosidl_typesupport_c: rosidl_typesupport_fastrtps_c;rosidl_typesupport_introspection_c
[0.543s] -- Using all available rosidl_typesupport_cpp: rosidl_typesupport_fastrtps_cpp;rosidl_typesupport_introspection_cpp
[0.579s] -- Found rosidl_adapter: 4.6.9 (/opt/ros/jazzy/share/rosidl_adapter/cmake)
[1.041s] -- Found ament_cmake_ros: 0.12.1 (/opt/ros/jazzy/share/ament_cmake_ros/cmake)
[1.386s] -- Using all available rosidl_typesupport_c: rosidl_typesupport_fastrtps_c;rosidl_typesupport_introspection_c
[1.812s] -- Using all available rosidl_typesupport_cpp: rosidl_typesupport_fastrtps_cpp;rosidl_typesupport_introspection_cpp
[1.816s] -- Found python_cmake_module: 0.11.1 (/opt/ros/jazzy/share/python_cmake_module/cmake)
[1.918s] -- Found PythonExtra: /usr/bin/python3  
[2.229s] -- Found Python3: /usr/bin/python3 (found version "3.12.3") found components: Interpreter Development NumPy Development.Module Development.Embed 
[2.275s] -- Found Python3: /usr/bin/python3 (found version "3.12.3") found components: Interpreter 
[2.277s] -- Found ament_lint_auto: 0.17.5 (/opt/ros/jazzy/share/ament_lint_auto/cmake)
[2.294s] -- Added test 'lint_cmake' to check CMake code style
[2.294s] -- Added test 'xmllint' to check XML markup files
[2.296s] -- Configuring done (2.3s)
[2.315s] -- Generating done (0.0s)
[2.322s] -- Build files have been written to: /home/shbong/ROKEY_P3_A1/cobot3_ws/build/smart_farm_interfaces
[2.330s] Invoked command in '/home/shbong/ROKEY_P3_A1/cobot3_ws/build/smart_farm_interfaces' returned '0': CMAKE_PREFIX_PATH=${CMAKE_PREFIX_PATH}:/opt/ros/jazzy DEBUGINFOD_URLS=https://debuginfod.ubuntu.com /usr/bin/cmake /home/shbong/ROKEY_P3_A1/cobot3_ws/src/smart_farm_interfaces -DCMAKE_INSTALL_PREFIX=/home/shbong/ROKEY_P3_A1/cobot3_ws/install/smart_farm_interfaces
[2.331s] Invoking command in '/home/shbong/ROKEY_P3_A1/cobot3_ws/build/smart_farm_interfaces': CMAKE_PREFIX_PATH=${CMAKE_PREFIX_PATH}:/opt/ros/jazzy DEBUGINFOD_URLS=https://debuginfod.ubuntu.com /usr/bin/cmake --build /home/shbong/ROKEY_P3_A1/cobot3_ws/build/smart_farm_interfaces -- -j22 -l22
[2.378s] [  2%] [34m[1mGenerating Rust code for ROS interfaces[0m
[2.378s] [  5%] [34m[1mGenerating type hashes for ROS interfaces[0m
[2.388s] [  5%] Built target ament_cmake_python_copy_smart_farm_interfaces
[2.529s] [  5%] Built target smart_farm_interfaces__rosidl_generator_type_description
[2.538s] [  8%] [34m[1mGenerating C code for ROS interfaces[0m
[2.539s] [  8%] Built target smart_farm_interfaces__rs
[2.551s] [ 11%] [34m[1mGenerating C++ code for ROS interfaces[0m
[2.610s] running egg_info
[2.611s] creating smart_farm_interfaces.egg-info
[2.630s] writing smart_farm_interfaces.egg-info/PKG-INFO
[2.630s] writing dependency_links to smart_farm_interfaces.egg-info/dependency_links.txt
[2.631s] writing top-level names to smart_farm_interfaces.egg-info/top_level.txt
[2.631s] writing manifest file 'smart_farm_interfaces.egg-info/SOURCES.txt'
[2.696s] reading manifest file 'smart_farm_interfaces.egg-info/SOURCES.txt'
[2.697s] writing manifest file 'smart_farm_interfaces.egg-info/SOURCES.txt'
[2.722s] [ 11%] Built target ament_cmake_python_build_smart_farm_interfaces_egg
[2.747s] [ 11%] Built target smart_farm_interfaces__cpp
[2.783s] [ 14%] [32mBuilding C object CMakeFiles/smart_farm_interfaces__rosidl_generator_c.dir/rosidl_generator_c/smart_farm_interfaces/srv/detail/start_cycle__type_support.c.o[0m
[2.785s] [ 17%] [32mBuilding C object CMakeFiles/smart_farm_interfaces__rosidl_generator_c.dir/rosidl_generator_c/smart_farm_interfaces/srv/detail/start_cycle__description.c.o[0m
[2.785s] [ 20%] [32mBuilding C object CMakeFiles/smart_farm_interfaces__rosidl_generator_c.dir/rosidl_generator_c/smart_farm_interfaces/srv/detail/start_cycle__functions.c.o[0m
[2.836s] [ 22%] [32m[1mLinking C shared library libsmart_farm_interfaces__rosidl_generator_c.so[0m
[2.870s] [ 22%] Built target smart_farm_interfaces__rosidl_generator_c
[2.879s] [ 25%] [34m[1mGenerating C introspection for ROS interfaces[0m
[2.881s] [ 28%] [34m[1mGenerating C type support for eProsima Fast-RTPS[0m
[2.881s] [ 31%] [34m[1mGenerating C++ type support for eProsima Fast-RTPS[0m
[2.881s] [ 34%] [34m[1mGenerating C++ type support dispatch for ROS interfaces[0m
[2.882s] [ 37%] [34m[1mGenerating C++ introspection for ROS interfaces[0m
[2.882s] [ 40%] [34m[1mGenerating C type support dispatch for ROS interfaces[0m
[3.060s] [ 42%] [32mBuilding CXX object CMakeFiles/smart_farm_interfaces__rosidl_typesupport_c.dir/rosidl_typesupport_c/smart_farm_interfaces/srv/start_cycle__type_support.cpp.o[0m
[3.102s] [ 45%] [32mBuilding CXX object CMakeFiles/smart_farm_interfaces__rosidl_typesupport_cpp.dir/rosidl_typesupport_cpp/smart_farm_interfaces/srv/start_cycle__type_support.cpp.o[0m
[3.103s] [ 48%] [32m[1mLinking CXX shared library libsmart_farm_interfaces__rosidl_typesupport_c.so[0m
[3.105s] [ 51%] [32mBuilding CXX object CMakeFiles/smart_farm_interfaces__rosidl_typesupport_fastrtps_c.dir/rosidl_typesupport_fastrtps_c/smart_farm_interfaces/srv/detail/start_cycle__type_support_c.cpp.o[0m
[3.112s] [ 54%] [32mBuilding CXX object CMakeFiles/smart_farm_interfaces__rosidl_typesupport_introspection_cpp.dir/rosidl_typesupport_introspection_cpp/smart_farm_interfaces/srv/detail/start_cycle__type_support.cpp.o[0m
[3.124s] [ 57%] [32mBuilding CXX object CMakeFiles/smart_farm_interfaces__rosidl_typesupport_fastrtps_cpp.dir/rosidl_typesupport_fastrtps_cpp/smart_farm_interfaces/srv/detail/dds_fastrtps/start_cycle__type_support.cpp.o[0m
[3.128s] [ 60%] [32mBuilding C object CMakeFiles/smart_farm_interfaces__rosidl_typesupport_introspection_c.dir/rosidl_typesupport_introspection_c/smart_farm_interfaces/srv/detail/start_cycle__type_support.c.o[0m
[3.143s] [ 60%] Built target smart_farm_interfaces__rosidl_typesupport_c
[3.178s] [ 62%] [32m[1mLinking C shared library libsmart_farm_interfaces__rosidl_typesupport_introspection_c.so[0m
[3.211s] [ 62%] Built target smart_farm_interfaces__rosidl_typesupport_introspection_c
[3.430s] [ 65%] [32m[1mLinking CXX shared library libsmart_farm_interfaces__rosidl_typesupport_fastrtps_c.so[0m
[3.431s] [ 68%] [32m[1mLinking CXX shared library libsmart_farm_interfaces__rosidl_typesupport_cpp.so[0m
[3.467s] [ 71%] [32m[1mLinking CXX shared library libsmart_farm_interfaces__rosidl_typesupport_introspection_cpp.so[0m
[3.490s] [ 71%] Built target smart_farm_interfaces__rosidl_typesupport_cpp
[3.493s] [ 71%] Built target smart_farm_interfaces__rosidl_typesupport_fastrtps_c
[3.517s] [ 74%] [32m[1mLinking CXX shared library libsmart_farm_interfaces__rosidl_typesupport_fastrtps_cpp.so[0m
[3.533s] [ 74%] Built target smart_farm_interfaces__rosidl_typesupport_introspection_cpp
[3.575s] [ 74%] Built target smart_farm_interfaces__rosidl_typesupport_fastrtps_cpp
[3.596s] [ 74%] Built target smart_farm_interfaces
[3.615s] [ 77%] [34m[1mGenerating Python code for ROS interfaces[0m
[3.885s] [ 77%] Built target smart_farm_interfaces__py
[3.902s] [ 80%] [32mBuilding C object CMakeFiles/smart_farm_interfaces__rosidl_generator_py.dir/rosidl_generator_py/smart_farm_interfaces/srv/_start_cycle_s.c.o[0m
[4.020s] [ 82%] [32m[1mLinking C shared library libsmart_farm_interfaces__rosidl_generator_py.so[0m
[4.057s] [ 82%] Built target smart_farm_interfaces__rosidl_generator_py
[4.075s] [ 85%] [32mBuilding C object CMakeFiles/smart_farm_interfaces_s__rosidl_typesupport_introspection_c.dir/rosidl_generator_py/smart_farm_interfaces/_smart_farm_interfaces_s.ep.rosidl_typesupport_introspection_c.c.o[0m
[4.076s] [ 88%] [32mBuilding C object CMakeFiles/smart_farm_interfaces_s__rosidl_typesupport_fastrtps_c.dir/rosidl_generator_py/smart_farm_interfaces/_smart_farm_interfaces_s.ep.rosidl_typesupport_fastrtps_c.c.o[0m
[4.077s] [ 91%] [32mBuilding C object CMakeFiles/smart_farm_interfaces_s__rosidl_typesupport_c.dir/rosidl_generator_py/smart_farm_interfaces/_smart_farm_interfaces_s.ep.rosidl_typesupport_c.c.o[0m
[4.148s] [ 94%] [32m[1mLinking C shared module rosidl_generator_py/smart_farm_interfaces/smart_farm_interfaces_s__rosidl_typesupport_c.so[0m
[4.153s] [ 97%] [32m[1mLinking C shared module rosidl_generator_py/smart_farm_interfaces/smart_farm_interfaces_s__rosidl_typesupport_introspection_c.so[0m
[4.161s] [100%] [32m[1mLinking C shared module rosidl_generator_py/smart_farm_interfaces/smart_farm_interfaces_s__rosidl_typesupport_fastrtps_c.so[0m
[4.173s] [100%] Built target smart_farm_interfaces_s__rosidl_typesupport_c
[4.184s] [100%] Built target smart_farm_interfaces_s__rosidl_typesupport_fastrtps_c
[4.185s] [100%] Built target smart_farm_interfaces_s__rosidl_typesupport_introspection_c
[4.193s] Invoked command in '/home/shbong/ROKEY_P3_A1/cobot3_ws/build/smart_farm_interfaces' returned '0': CMAKE_PREFIX_PATH=${CMAKE_PREFIX_PATH}:/opt/ros/jazzy DEBUGINFOD_URLS=https://debuginfod.ubuntu.com /usr/bin/cmake --build /home/shbong/ROKEY_P3_A1/cobot3_ws/build/smart_farm_interfaces -- -j22 -l22
[4.203s] Invoking command in '/home/shbong/ROKEY_P3_A1/cobot3_ws/build/smart_farm_interfaces': CMAKE_PREFIX_PATH=${CMAKE_PREFIX_PATH}:/opt/ros/jazzy DEBUGINFOD_URLS=https://debuginfod.ubuntu.com /usr/bin/cmake --install /home/shbong/ROKEY_P3_A1/cobot3_ws/build/smart_farm_interfaces
[4.210s] -- Install configuration: ""
[4.210s] -- Installing: /home/shbong/ROKEY_P3_A1/cobot3_ws/install/smart_farm_interfaces/share/ament_index/resource_index/rosidl_interfaces/smart_farm_interfaces
[4.210s] -- Installing: /home/shbong/ROKEY_P3_A1/cobot3_ws/install/smart_farm_interfaces/share/smart_farm_interfaces/srv/StartCycle.json
[4.211s] -- Installing: /home/shbong/ROKEY_P3_A1/cobot3_ws/install/smart_farm_interfaces/include/smart_farm_interfaces/smart_farm_interfaces
[4.211s] -- Installing: /home/shbong/ROKEY_P3_A1/cobot3_ws/install/smart_farm_interfaces/include/smart_farm_interfaces/smart_farm_interfaces/srv
[4.211s] -- Installing: /home/shbong/ROKEY_P3_A1/cobot3_ws/install/smart_farm_interfaces/include/smart_farm_interfaces/smart_farm_interfaces/srv/start_cycle.h
[4.211s] -- Installing: /home/shbong/ROKEY_P3_A1/cobot3_ws/install/smart_farm_interfaces/include/smart_farm_interfaces/smart_farm_interfaces/srv/detail
[4.211s] -- Installing: /home/shbong/ROKEY_P3_A1/cobot3_ws/install/smart_farm_interfaces/include/smart_farm_interfaces/smart_farm_interfaces/srv/detail/start_cycle__type_support.h
[4.211s] -- Installing: /home/shbong/ROKEY_P3_A1/cobot3_ws/install/smart_farm_interfaces/include/smart_farm_interfaces/smart_farm_interfaces/srv/detail/start_cycle__description.c
[4.211s] -- Installing: /home/shbong/ROKEY_P3_A1/cobot3_ws/install/smart_farm_interfaces/include/smart_farm_interfaces/smart_farm_interfaces/srv/detail/start_cycle__functions.h
[4.211s] -- Installing: /home/shbong/ROKEY_P3_A1/cobot3_ws/install/smart_farm_interfaces/include/smart_farm_interfaces/smart_farm_interfaces/srv/detail/start_cycle__type_support.c
[4.211s] -- Installing: /home/shbong/ROKEY_P3_A1/cobot3_ws/install/smart_farm_interfaces/include/smart_farm_interfaces/smart_farm_interfaces/srv/detail/start_cycle__functions.c
[4.211s] -- Installing: /home/shbong/ROKEY_P3_A1/cobot3_ws/install/smart_farm_interfaces/include/smart_farm_interfaces/smart_farm_interfaces/srv/detail/start_cycle__struct.h
[4.211s] -- Installing: /home/shbong/ROKEY_P3_A1/cobot3_ws/install/smart_farm_interfaces/include/smart_farm_interfaces/smart_farm_interfaces/msg
[4.211s] -- Installing: /home/shbong/ROKEY_P3_A1/cobot3_ws/install/smart_farm_interfaces/include/smart_farm_interfaces/smart_farm_interfaces/msg/rosidl_generator_c__visibility_control.h
[4.211s] -- Installing: /home/shbong/ROKEY_P3_A1/cobot3_ws/install/smart_farm_interfaces/share/smart_farm_interfaces/environment/library_path.sh
[4.211s] -- Installing: /home/shbong/ROKEY_P3_A1/cobot3_ws/install/smart_farm_interfaces/share/smart_farm_interfaces/environment/library_path.dsv
[4.212s] -- Installing: /home/shbong/ROKEY_P3_A1/cobot3_ws/install/smart_farm_interfaces/lib/libsmart_farm_interfaces__rosidl_generator_c.so
[4.212s] -- Set non-toolchain portion of runtime path of "/home/shbong/ROKEY_P3_A1/cobot3_ws/install/smart_farm_interfaces/lib/libsmart_farm_interfaces__rosidl_generator_c.so" to ""
[4.212s] -- Up-to-date: /home/shbong/ROKEY_P3_A1/cobot3_ws/install/smart_farm_interfaces/include/smart_farm_interfaces/smart_farm_interfaces
[4.212s] -- Up-to-date: /home/shbong/ROKEY_P3_A1/cobot3_ws/install/smart_farm_interfaces/include/smart_farm_interfaces/smart_farm_interfaces/srv
[4.212s] -- Up-to-date: /home/shbong/ROKEY_P3_A1/cobot3_ws/install/smart_farm_interfaces/include/smart_farm_interfaces/smart_farm_interfaces/srv/detail
[4.212s] -- Installing: /home/shbong/ROKEY_P3_A1/cobot3_ws/install/smart_farm_interfaces/include/smart_farm_interfaces/smart_farm_interfaces/srv/detail/start_cycle__rosidl_typesupport_fastrtps_c.h
[4.212s] -- Up-to-date: /home/shbong/ROKEY_P3_A1/cobot3_ws/install/smart_farm_interfaces/include/smart_farm_interfaces/smart_farm_interfaces/msg
[4.212s] -- Installing: /home/shbong/ROKEY_P3_A1/cobot3_ws/install/smart_farm_interfaces/include/smart_farm_interfaces/smart_farm_interfaces/msg/rosidl_typesupport_fastrtps_c__visibility_control.h
[4.212s] -- Installing: /home/shbong/ROKEY_P3_A1/cobot3_ws/install/smart_farm_interfaces/lib/libsmart_farm_interfaces__rosidl_typesupport_fastrtps_c.so
[4.212s] -- Set non-toolchain portion of runtime path of "/home/shbong/ROKEY_P3_A1/cobot3_ws/install/smart_farm_interfaces/lib/libsmart_farm_interfaces__rosidl_typesupport_fastrtps_c.so" to ""
[4.212s] -- Up-to-date: /home/shbong/ROKEY_P3_A1/cobot3_ws/install/smart_farm_interfaces/include/smart_farm_interfaces/smart_farm_interfaces
[4.212s] -- Up-to-date: /home/shbong/ROKEY_P3_A1/cobot3_ws/install/smart_farm_interfaces/include/smart_farm_interfaces/smart_farm_interfaces/srv
[4.212s] -- Up-to-date: /home/shbong/ROKEY_P3_A1/cobot3_ws/install/smart_farm_interfaces/include/smart_farm_interfaces/smart_farm_interfaces/srv/detail
[4.213s] -- Up-to-date: /home/shbong/ROKEY_P3_A1/cobot3_ws/install/smart_farm_interfaces/include/smart_farm_interfaces/smart_farm_interfaces/srv/detail/start_cycle__type_support.c
[4.213s] -- Installing: /home/shbong/ROKEY_P3_A1/cobot3_ws/install/smart_farm_interfaces/include/smart_farm_interfaces/smart_farm_interfaces/srv/detail/start_cycle__rosidl_typesupport_introspection_c.h
[4.213s] -- Up-to-date: /home/shbong/ROKEY_P3_A1/cobot3_ws/install/smart_farm_interfaces/include/smart_farm_interfaces/smart_farm_interfaces/msg
[4.213s] -- Installing: /home/shbong/ROKEY_P3_A1/cobot3_ws/install/smart_farm_interfaces/include/smart_farm_interfaces/smart_farm_interfaces/msg/rosidl_typesupport_introspection_c__visibility_control.h
[4.213s] -- Installing: /home/shbong/ROKEY_P3_A1/cobot3_ws/install/smart_farm_interfaces/lib/libsmart_farm_interfaces__rosidl_typesupport_introspection_c.so
[4.213s] -- Set non-toolchain portion of runtime path of "/home/shbong/ROKEY_P3_A1/cobot3_ws/install/smart_farm_interfaces/lib/libsmart_farm_interfaces__rosidl_typesupport_introspection_c.so" to ""
[4.213s] -- Installing: /home/shbong/ROKEY_P3_A1/cobot3_ws/install/smart_farm_interfaces/lib/libsmart_farm_interfaces__rosidl_typesupport_c.so
[4.213s] -- Set non-toolchain portion of runtime path of "/home/shbong/ROKEY_P3_A1/cobot3_ws/install/smart_farm_interfaces/lib/libsmart_farm_interfaces__rosidl_typesupport_c.so" to ""
[4.213s] -- Up-to-date: /home/shbong/ROKEY_P3_A1/cobot3_ws/install/smart_farm_interfaces/include/smart_farm_interfaces/smart_farm_interfaces
[4.213s] -- Up-to-date: /home/shbong/ROKEY_P3_A1/cobot3_ws/install/smart_farm_interfaces/include/smart_farm_interfaces/smart_farm_interfaces/srv
[4.213s] -- Installing: /home/shbong/ROKEY_P3_A1/cobot3_ws/install/smart_farm_interfaces/include/smart_farm_interfaces/smart_farm_interfaces/srv/start_cycle.hpp
[4.213s] -- Up-to-date: /home/shbong/ROKEY_P3_A1/cobot3_ws/install/smart_farm_interfaces/include/smart_farm_interfaces/smart_farm_interfaces/srv/detail
[4.213s] -- Installing: /home/shbong/ROKEY_P3_A1/cobot3_ws/install/smart_farm_interfaces/include/smart_farm_interfaces/smart_farm_interfaces/srv/detail/start_cycle__struct.hpp
[4.213s] -- Installing: /home/shbong/ROKEY_P3_A1/cobot3_ws/install/smart_farm_interfaces/include/smart_farm_interfaces/smart_farm_interfaces/srv/detail/start_cycle__builder.hpp
[4.213s] -- Installing: /home/shbong/ROKEY_P3_A1/cobot3_ws/install/smart_farm_interfaces/include/smart_farm_interfaces/smart_farm_interfaces/srv/detail/start_cycle__type_support.hpp
[4.213s] -- Installing: /home/shbong/ROKEY_P3_A1/cobot3_ws/install/smart_farm_interfaces/include/smart_farm_interfaces/smart_farm_interfaces/srv/detail/start_cycle__traits.hpp
[4.213s] -- Up-to-date: /home/shbong/ROKEY_P3_A1/cobot3_ws/install/smart_farm_interfaces/include/smart_farm_interfaces/smart_farm_interfaces/msg
[4.213s] -- Installing: /home/shbong/ROKEY_P3_A1/cobot3_ws/install/smart_farm_interfaces/include/smart_farm_interfaces/smart_farm_interfaces/msg/rosidl_generator_cpp__visibility_control.hpp
[4.213s] -- Up-to-date: /home/shbong/ROKEY_P3_A1/cobot3_ws/install/smart_farm_interfaces/include/smart_farm_interfaces/smart_farm_interfaces
[4.214s] -- Up-to-date: /home/shbong/ROKEY_P3_A1/cobot3_ws/install/smart_farm_interfaces/include/smart_farm_interfaces/smart_farm_interfaces/srv
[4.214s] -- Up-to-date: /home/shbong/ROKEY_P3_A1/cobot3_ws/install/smart_farm_interfaces/include/smart_farm_interfaces/smart_farm_interfaces/srv/detail
[4.214s] -- Installing: /home/shbong/ROKEY_P3_A1/cobot3_ws/install/smart_farm_interfaces/include/smart_farm_interfaces/smart_farm_interfaces/srv/detail/start_cycle__rosidl_typesupport_fastrtps_cpp.hpp
[4.214s] -- Installing: /home/shbong/ROKEY_P3_A1/cobot3_ws/install/smart_farm_interfaces/include/smart_farm_interfaces/smart_farm_interfaces/srv/detail/dds_fastrtps
[4.214s] -- Up-to-date: /home/shbong/ROKEY_P3_A1/cobot3_ws/install/smart_farm_interfaces/include/smart_farm_interfaces/smart_farm_interfaces/msg
[4.214s] -- Installing: /home/shbong/ROKEY_P3_A1/cobot3_ws/install/smart_farm_interfaces/include/smart_farm_interfaces/smart_farm_interfaces/msg/rosidl_typesupport_fastrtps_cpp__visibility_control.h
[4.214s] -- Installing: /home/shbong/ROKEY_P3_A1/cobot3_ws/install/smart_farm_interfaces/lib/libsmart_farm_interfaces__rosidl_typesupport_fastrtps_cpp.so
[4.214s] -- Set non-toolchain portion of runtime path of "/home/shbong/ROKEY_P3_A1/cobot3_ws/install/smart_farm_interfaces/lib/libsmart_farm_interfaces__rosidl_typesupport_fastrtps_cpp.so" to ""
[4.214s] -- Up-to-date: /home/shbong/ROKEY_P3_A1/cobot3_ws/install/smart_farm_interfaces/include/smart_farm_interfaces/smart_farm_interfaces
[4.214s] -- Up-to-date: /home/shbong/ROKEY_P3_A1/cobot3_ws/install/smart_farm_interfaces/include/smart_farm_interfaces/smart_farm_interfaces/srv
[4.214s] -- Up-to-date: /home/shbong/ROKEY_P3_A1/cobot3_ws/install/smart_farm_interfaces/include/smart_farm_interfaces/smart_farm_interfaces/srv/detail
[4.214s] -- Installing: /home/shbong/ROKEY_P3_A1/cobot3_ws/install/smart_farm_interfaces/include/smart_farm_interfaces/smart_farm_interfaces/srv/detail/start_cycle__rosidl_typesupport_introspection_cpp.hpp
[4.214s] -- Installing: /home/shbong/ROKEY_P3_A1/cobot3_ws/install/smart_farm_interfaces/include/smart_farm_interfaces/smart_farm_interfaces/srv/detail/start_cycle__type_support.cpp
[4.214s] -- Installing: /home/shbong/ROKEY_P3_A1/cobot3_ws/install/smart_farm_interfaces/lib/libsmart_farm_interfaces__rosidl_typesupport_introspection_cpp.so
[4.214s] -- Set non-toolchain portion of runtime path of "/home/shbong/ROKEY_P3_A1/cobot3_ws/install/smart_farm_interfaces/lib/libsmart_farm_interfaces__rosidl_typesupport_introspection_cpp.so" to ""
[4.214s] -- Installing: /home/shbong/ROKEY_P3_A1/cobot3_ws/install/smart_farm_interfaces/lib/libsmart_farm_interfaces__rosidl_typesupport_cpp.so
[4.214s] -- Set non-toolchain portion of runtime path of "/home/shbong/ROKEY_P3_A1/cobot3_ws/install/smart_farm_interfaces/lib/libsmart_farm_interfaces__rosidl_typesupport_cpp.so" to ""
[4.214s] -- Installing: /home/shbong/ROKEY_P3_A1/cobot3_ws/install/smart_farm_interfaces/share/smart_farm_interfaces/environment/pythonpath.sh
[4.214s] -- Installing: /home/shbong/ROKEY_P3_A1/cobot3_ws/install/smart_farm_interfaces/share/smart_farm_interfaces/environment/pythonpath.dsv
[4.214s] -- Installing: /home/shbong/ROKEY_P3_A1/cobot3_ws/install/smart_farm_interfaces/lib/python3.12/site-packages/smart_farm_interfaces-0.0.0-py3.12.egg-info
[4.215s] -- Installing: /home/shbong/ROKEY_P3_A1/cobot3_ws/install/smart_farm_interfaces/lib/python3.12/site-packages/smart_farm_interfaces-0.0.0-py3.12.egg-info/PKG-INFO
[4.215s] -- Installing: /home/shbong/ROKEY_P3_A1/cobot3_ws/install/smart_farm_interfaces/lib/python3.12/site-packages/smart_farm_interfaces-0.0.0-py3.12.egg-info/top_level.txt
[4.215s] -- Installing: /home/shbong/ROKEY_P3_A1/cobot3_ws/install/smart_farm_interfaces/lib/python3.12/site-packages/smart_farm_interfaces-0.0.0-py3.12.egg-info/dependency_links.txt
[4.215s] -- Installing: /home/shbong/ROKEY_P3_A1/cobot3_ws/install/smart_farm_interfaces/lib/python3.12/site-packages/smart_farm_interfaces-0.0.0-py3.12.egg-info/SOURCES.txt
[4.215s] -- Installing: /home/shbong/ROKEY_P3_A1/cobot3_ws/install/smart_farm_interfaces/lib/python3.12/site-packages/smart_farm_interfaces
[4.215s] -- Installing: /home/shbong/ROKEY_P3_A1/cobot3_ws/install/smart_farm_interfaces/lib/python3.12/site-packages/smart_farm_interfaces/srv
[4.215s] -- Installing: /home/shbong/ROKEY_P3_A1/cobot3_ws/install/smart_farm_interfaces/lib/python3.12/site-packages/smart_farm_interfaces/srv/_start_cycle.py
[4.215s] -- Installing: /home/shbong/ROKEY_P3_A1/cobot3_ws/install/smart_farm_interfaces/lib/python3.12/site-packages/smart_farm_interfaces/srv/_start_cycle_s.c
[4.215s] -- Installing: /home/shbong/ROKEY_P3_A1/cobot3_ws/install/smart_farm_interfaces/lib/python3.12/site-packages/smart_farm_interfaces/srv/__init__.py
[4.215s] -- Installing: /home/shbong/ROKEY_P3_A1/cobot3_ws/install/smart_farm_interfaces/lib/python3.12/site-packages/smart_farm_interfaces/smart_farm_interfaces_s__rosidl_typesupport_fastrtps_c.so
[4.215s] -- Installing: /home/shbong/ROKEY_P3_A1/cobot3_ws/install/smart_farm_interfaces/lib/python3.12/site-packages/smart_farm_interfaces/_smart_farm_interfaces_s.ep.rosidl_typesupport_c.c
[4.215s] -- Installing: /home/shbong/ROKEY_P3_A1/cobot3_ws/install/smart_farm_interfaces/lib/python3.12/site-packages/smart_farm_interfaces/_smart_farm_interfaces_s.ep.rosidl_typesupport_fastrtps_c.c
[4.215s] -- Installing: /home/shbong/ROKEY_P3_A1/cobot3_ws/install/smart_farm_interfaces/lib/python3.12/site-packages/smart_farm_interfaces/smart_farm_interfaces_s__rosidl_typesupport_introspection_c.so
[4.215s] -- Installing: /home/shbong/ROKEY_P3_A1/cobot3_ws/install/smart_farm_interfaces/lib/python3.12/site-packages/smart_farm_interfaces/smart_farm_interfaces_s__rosidl_typesupport_c.so
[4.215s] -- Installing: /home/shbong/ROKEY_P3_A1/cobot3_ws/install/smart_farm_interfaces/lib/python3.12/site-packages/smart_farm_interfaces/__init__.py
[4.215s] -- Installing: /home/shbong/ROKEY_P3_A1/cobot3_ws/install/smart_farm_interfaces/lib/python3.12/site-packages/smart_farm_interfaces/_smart_farm_interfaces_s.ep.rosidl_typesupport_introspection_c.c
[4.240s] Listing '/home/shbong/ROKEY_P3_A1/cobot3_ws/install/smart_farm_interfaces/lib/python3.12/site-packages/smart_farm_interfaces'...
[4.241s] Compiling '/home/shbong/ROKEY_P3_A1/cobot3_ws/install/smart_farm_interfaces/lib/python3.12/site-packages/smart_farm_interfaces/__init__.py'...
[4.241s] Listing '/home/shbong/ROKEY_P3_A1/cobot3_ws/install/smart_farm_interfaces/lib/python3.12/site-packages/smart_farm_interfaces/srv'...
[4.241s] Compiling '/home/shbong/ROKEY_P3_A1/cobot3_ws/install/smart_farm_interfaces/lib/python3.12/site-packages/smart_farm_interfaces/srv/__init__.py'...
[4.241s] Compiling '/home/shbong/ROKEY_P3_A1/cobot3_ws/install/smart_farm_interfaces/lib/python3.12/site-packages/smart_farm_interfaces/srv/_start_cycle.py'...
[4.244s] -- Installing: /home/shbong/ROKEY_P3_A1/cobot3_ws/install/smart_farm_interfaces/lib/python3.12/site-packages/smart_farm_interfaces/smart_farm_interfaces_s__rosidl_typesupport_fastrtps_c.so
[4.244s] -- Set non-toolchain portion of runtime path of "/home/shbong/ROKEY_P3_A1/cobot3_ws/install/smart_farm_interfaces/lib/python3.12/site-packages/smart_farm_interfaces/smart_farm_interfaces_s__rosidl_typesupport_fastrtps_c.so" to ""
[4.244s] -- Installing: /home/shbong/ROKEY_P3_A1/cobot3_ws/install/smart_farm_interfaces/lib/python3.12/site-packages/smart_farm_interfaces/smart_farm_interfaces_s__rosidl_typesupport_introspection_c.so
[4.244s] -- Set non-toolchain portion of runtime path of "/home/shbong/ROKEY_P3_A1/cobot3_ws/install/smart_farm_interfaces/lib/python3.12/site-packages/smart_farm_interfaces/smart_farm_interfaces_s__rosidl_typesupport_introspection_c.so" to ""
[4.245s] -- Installing: /home/shbong/ROKEY_P3_A1/cobot3_ws/install/smart_farm_interfaces/lib/python3.12/site-packages/smart_farm_interfaces/smart_farm_interfaces_s__rosidl_typesupport_c.so
[4.245s] -- Set non-toolchain portion of runtime path of "/home/shbong/ROKEY_P3_A1/cobot3_ws/install/smart_farm_interfaces/lib/python3.12/site-packages/smart_farm_interfaces/smart_farm_interfaces_s__rosidl_typesupport_c.so" to ""
[4.245s] -- Installing: /home/shbong/ROKEY_P3_A1/cobot3_ws/install/smart_farm_interfaces/lib/libsmart_farm_interfaces__rosidl_generator_py.so
[4.245s] -- Set non-toolchain portion of runtime path of "/home/shbong/ROKEY_P3_A1/cobot3_ws/install/smart_farm_interfaces/lib/libsmart_farm_interfaces__rosidl_generator_py.so" to ""
[4.245s] -- Installing: /home/shbong/ROKEY_P3_A1/cobot3_ws/install/smart_farm_interfaces/share/ament_index/resource_index/rust_packages/smart_farm_interfaces
[4.245s] -- Installing: /home/shbong/ROKEY_P3_A1/cobot3_ws/install/smart_farm_interfaces/share/smart_farm_interfaces/rust
[4.246s] -- Installing: /home/shbong/ROKEY_P3_A1/cobot3_ws/install/smart_farm_interfaces/share/smart_farm_interfaces/rust/build.rs
[4.246s] -- Installing: /home/shbong/ROKEY_P3_A1/cobot3_ws/install/smart_farm_interfaces/share/smart_farm_interfaces/rust/src
[4.246s] -- Installing: /home/shbong/ROKEY_P3_A1/cobot3_ws/install/smart_farm_interfaces/share/smart_farm_interfaces/rust/src/srv
[4.246s] -- Installing: /home/shbong/ROKEY_P3_A1/cobot3_ws/install/smart_farm_interfaces/share/smart_farm_interfaces/rust/src/srv/rmw.rs
[4.246s] -- Installing: /home/shbong/ROKEY_P3_A1/cobot3_ws/install/smart_farm_interfaces/share/smart_farm_interfaces/rust/src/srv.rs
[4.246s] -- Installing: /home/shbong/ROKEY_P3_A1/cobot3_ws/install/smart_farm_interfaces/share/smart_farm_interfaces/rust/src/lib.rs
[4.246s] -- Installing: /home/shbong/ROKEY_P3_A1/cobot3_ws/install/smart_farm_interfaces/share/smart_farm_interfaces/rust/Cargo.toml
[4.246s] -- Installing: /home/shbong/ROKEY_P3_A1/cobot3_ws/install/smart_farm_interfaces/share/smart_farm_interfaces/srv/StartCycle.idl
[4.247s] -- Installing: /home/shbong/ROKEY_P3_A1/cobot3_ws/install/smart_farm_interfaces/share/smart_farm_interfaces/srv/StartCycle.srv
[4.247s] -- Installing: /home/shbong/ROKEY_P3_A1/cobot3_ws/install/smart_farm_interfaces/share/ament_index/resource_index/package_run_dependencies/smart_farm_interfaces
[4.247s] -- Installing: /home/shbong/ROKEY_P3_A1/cobot3_ws/install/smart_farm_interfaces/share/ament_index/resource_index/parent_prefix_path/smart_farm_interfaces
[4.247s] -- Installing: /home/shbong/ROKEY_P3_A1/cobot3_ws/install/smart_farm_interfaces/share/smart_farm_interfaces/environment/ament_prefix_path.sh
[4.247s] -- Installing: /home/shbong/ROKEY_P3_A1/cobot3_ws/install/smart_farm_interfaces/share/smart_farm_interfaces/environment/ament_prefix_path.dsv
[4.247s] -- Installing: /home/shbong/ROKEY_P3_A1/cobot3_ws/install/smart_farm_interfaces/share/smart_farm_interfaces/environment/path.sh
[4.247s] -- Installing: /home/shbong/ROKEY_P3_A1/cobot3_ws/install/smart_farm_interfaces/share/smart_farm_interfaces/environment/path.dsv
[4.247s] -- Installing: /home/shbong/ROKEY_P3_A1/cobot3_ws/install/smart_farm_interfaces/share/smart_farm_interfaces/local_setup.bash
[4.247s] -- Installing: /home/shbong/ROKEY_P3_A1/cobot3_ws/install/smart_farm_interfaces/share/smart_farm_interfaces/local_setup.sh
[4.247s] -- Installing: /home/shbong/ROKEY_P3_A1/cobot3_ws/install/smart_farm_interfaces/share/smart_farm_interfaces/local_setup.zsh
[4.247s] -- Installing: /home/shbong/ROKEY_P3_A1/cobot3_ws/install/smart_farm_interfaces/share/smart_farm_interfaces/local_setup.dsv
[4.247s] -- Installing: /home/shbong/ROKEY_P3_A1/cobot3_ws/install/smart_farm_interfaces/share/smart_farm_interfaces/package.dsv
[4.247s] -- Installing: /home/shbong/ROKEY_P3_A1/cobot3_ws/install/smart_farm_interfaces/share/ament_index/resource_index/packages/smart_farm_interfaces
[4.247s] -- Installing: /home/shbong/ROKEY_P3_A1/cobot3_ws/install/smart_farm_interfaces/share/smart_farm_interfaces/cmake/export_smart_farm_interfaces__rosidl_generator_cExport.cmake
[4.247s] -- Installing: /home/shbong/ROKEY_P3_A1/cobot3_ws/install/smart_farm_interfaces/share/smart_farm_interfaces/cmake/export_smart_farm_interfaces__rosidl_generator_cExport-noconfig.cmake
[4.247s] -- Installing: /home/shbong/ROKEY_P3_A1/cobot3_ws/install/smart_farm_interfaces/share/smart_farm_interfaces/cmake/export_smart_farm_interfaces__rosidl_typesupport_fastrtps_cExport.cmake
[4.247s] -- Installing: /home/shbong/ROKEY_P3_A1/cobot3_ws/install/smart_farm_interfaces/share/smart_farm_interfaces/cmake/export_smart_farm_interfaces__rosidl_typesupport_fastrtps_cExport-noconfig.cmake
[4.248s] -- Installing: /home/shbong/ROKEY_P3_A1/cobot3_ws/install/smart_farm_interfaces/share/smart_farm_interfaces/cmake/smart_farm_interfaces__rosidl_typesupport_introspection_cExport.cmake
[4.248s] -- Installing: /home/shbong/ROKEY_P3_A1/cobot3_ws/install/smart_farm_interfaces/share/smart_farm_interfaces/cmake/smart_farm_interfaces__rosidl_typesupport_introspection_cExport-noconfig.cmake
[4.248s] -- Installing: /home/shbong/ROKEY_P3_A1/cobot3_ws/install/smart_farm_interfaces/share/smart_farm_interfaces/cmake/smart_farm_interfaces__rosidl_typesupport_cExport.cmake
[4.248s] -- Installing: /home/shbong/ROKEY_P3_A1/cobot3_ws/install/smart_farm_interfaces/share/smart_farm_interfaces/cmake/smart_farm_interfaces__rosidl_typesupport_cExport-noconfig.cmake
[4.248s] -- Installing: /home/shbong/ROKEY_P3_A1/cobot3_ws/install/smart_farm_interfaces/share/smart_farm_interfaces/cmake/export_smart_farm_interfaces__rosidl_generator_cppExport.cmake
[4.248s] -- Installing: /home/shbong/ROKEY_P3_A1/cobot3_ws/install/smart_farm_interfaces/share/smart_farm_interfaces/cmake/export_smart_farm_interfaces__rosidl_typesupport_fastrtps_cppExport.cmake
[4.248s] -- Installing: /home/shbong/ROKEY_P3_A1/cobot3_ws/install/smart_farm_interfaces/share/smart_farm_interfaces/cmake/export_smart_farm_interfaces__rosidl_typesupport_fastrtps_cppExport-noconfig.cmake
[4.248s] -- Installing: /home/shbong/ROKEY_P3_A1/cobot3_ws/install/smart_farm_interfaces/share/smart_farm_interfaces/cmake/smart_farm_interfaces__rosidl_typesupport_introspection_cppExport.cmake
[4.248s] -- Installing: /home/shbong/ROKEY_P3_A1/cobot3_ws/install/smart_farm_interfaces/share/smart_farm_interfaces/cmake/smart_farm_interfaces__rosidl_typesupport_introspection_cppExport-noconfig.cmake
[4.249s] -- Installing: /home/shbong/ROKEY_P3_A1/cobot3_ws/install/smart_farm_interfaces/share/smart_farm_interfaces/cmake/smart_farm_interfaces__rosidl_typesupport_cppExport.cmake
[4.249s] -- Installing: /home/shbong/ROKEY_P3_A1/cobot3_ws/install/smart_farm_interfaces/share/smart_farm_interfaces/cmake/smart_farm_interfaces__rosidl_typesupport_cppExport-noconfig.cmake
[4.249s] -- Installing: /home/shbong/ROKEY_P3_A1/cobot3_ws/install/smart_farm_interfaces/share/smart_farm_interfaces/cmake/export_smart_farm_interfaces__rosidl_generator_pyExport.cmake
[4.249s] -- Installing: /home/shbong/ROKEY_P3_A1/cobot3_ws/install/smart_farm_interfaces/share/smart_farm_interfaces/cmake/export_smart_farm_interfaces__rosidl_generator_pyExport-noconfig.cmake
[4.249s] -- Installing: /home/shbong/ROKEY_P3_A1/cobot3_ws/install/smart_farm_interfaces/share/smart_farm_interfaces/cmake/rosidl_cmake-extras.cmake
[4.249s] -- Installing: /home/shbong/ROKEY_P3_A1/cobot3_ws/install/smart_farm_interfaces/share/smart_farm_interfaces/cmake/ament_cmake_export_dependencies-extras.cmake
[4.249s] -- Installing: /home/shbong/ROKEY_P3_A1/cobot3_ws/install/smart_farm_interfaces/share/smart_farm_interfaces/cmake/ament_cmake_export_include_directories-extras.cmake
[4.249s] -- Installing: /home/shbong/ROKEY_P3_A1/cobot3_ws/install/smart_farm_interfaces/share/smart_farm_interfaces/cmake/ament_cmake_export_libraries-extras.cmake
[4.249s] -- Installing: /home/shbong/ROKEY_P3_A1/cobot3_ws/install/smart_farm_interfaces/share/smart_farm_interfaces/cmake/ament_cmake_export_targets-extras.cmake
[4.249s] -- Installing: /home/shbong/ROKEY_P3_A1/cobot3_ws/install/smart_farm_interfaces/share/smart_farm_interfaces/cmake/rosidl_cmake_export_typesupport_targets-extras.cmake
[4.249s] -- Installing: /home/shbong/ROKEY_P3_A1/cobot3_ws/install/smart_farm_interfaces/share/smart_farm_interfaces/cmake/rosidl_cmake_export_typesupport_libraries-extras.cmake
[4.249s] -- Installing: /home/shbong/ROKEY_P3_A1/cobot3_ws/install/smart_farm_interfaces/share/smart_farm_interfaces/cmake/rosidl_cmake_aggregate_target-extras.cmake
[4.249s] -- Installing: /home/shbong/ROKEY_P3_A1/cobot3_ws/install/smart_farm_interfaces/share/smart_farm_interfaces/cmake/smart_farm_interfacesConfig.cmake
[4.249s] -- Installing: /home/shbong/ROKEY_P3_A1/cobot3_ws/install/smart_farm_interfaces/share/smart_farm_interfaces/cmake/smart_farm_interfacesConfig-version.cmake
[4.249s] -- Installing: /home/shbong/ROKEY_P3_A1/cobot3_ws/install/smart_farm_interfaces/share/smart_farm_interfaces/package.xml
[4.251s] Invoked command in '/home/shbong/ROKEY_P3_A1/cobot3_ws/build/smart_farm_interfaces' returned '0': CMAKE_PREFIX_PATH=${CMAKE_PREFIX_PATH}:/opt/ros/jazzy DEBUGINFOD_URLS=https://debuginfod.ubuntu.com /usr/bin/cmake --install /home/shbong/ROKEY_P3_A1/cobot3_ws/build/smart_farm_interfaces
