running develop
running egg_info
creating nav_to_goal.egg-info
writing nav_to_goal.egg-info/PKG-INFO
writing dependency_links to nav_to_goal.egg-info/dependency_links.txt
writing entry points to nav_to_goal.egg-info/entry_points.txt
writing requirements to nav_to_goal.egg-info/requires.txt
writing top-level names to nav_to_goal.egg-info/top_level.txt
writing manifest file 'nav_to_goal.egg-info/SOURCES.txt'
reading manifest file 'nav_to_goal.egg-info/SOURCES.txt'
writing manifest file 'nav_to_goal.egg-info/SOURCES.txt'
running build_ext
Creating /home/rokey/ROKEY_P3_A1/cobot3_ws/install/nav_to_goal/lib/python3.12/site-packages/nav-to-goal.egg-link (link to .)
Installing detector script to /home/rokey/ROKEY_P3_A1/cobot3_ws/install/nav_to_goal/lib/nav_to_goal
Installing nav_through_pose script to /home/rokey/ROKEY_P3_A1/cobot3_ws/install/nav_to_goal/lib/nav_to_goal
Installing nav_to_pose script to /home/rokey/ROKEY_P3_A1/cobot3_ws/install/nav_to_goal/lib/nav_to_goal

Installed /home/rokey/ROKEY_P3_A1/cobot3_ws/build/nav_to_goal
running symlink_data
creating /home/rokey/ROKEY_P3_A1/cobot3_ws/install/nav_to_goal/share/ament_index
creating /home/rokey/ROKEY_P3_A1/cobot3_ws/install/nav_to_goal/share/ament_index/resource_index
creating /home/rokey/ROKEY_P3_A1/cobot3_ws/install/nav_to_goal/share/ament_index/resource_index/packages
symbolically linking /home/rokey/ROKEY_P3_A1/cobot3_ws/build/nav_to_goal/resource/nav_to_goal -> /home/rokey/ROKEY_P3_A1/cobot3_ws/install/nav_to_goal/share/ament_index/resource_index/packages
symbolically linking /home/rokey/ROKEY_P3_A1/cobot3_ws/build/nav_to_goal/package.xml -> /home/rokey/ROKEY_P3_A1/cobot3_ws/install/nav_to_goal/share/nav_to_goal
