[0.497s] Invoking command in '/home/rokey/ROKEY_P3_A1/cobot3_ws/build/nav_to_goal': DEBUGINFOD_URLS=https://debuginfod.ubuntu.com PYTHONPATH=/home/rokey/ROKEY_P3_A1/cobot3_ws/build/nav_to_goal/prefix_override:/usr/lib/python3/dist-packages/colcon_core/task/python/colcon_distutils_commands:/home/rokey/ROKEY_P3_A1/cobot3_ws/install/nav_to_goal/lib/python3.12/site-packages:${PYTHONPATH} /usr/bin/python3 -W ignore:setup.py install is deprecated -W ignore:easy_install command is deprecated setup.py develop --editable --build-directory /home/rokey/ROKEY_P3_A1/cobot3_ws/build/nav_to_goal/build --no-deps symlink_data
[0.635s] running develop
[0.713s] running egg_info
[0.714s] creating nav_to_goal.egg-info
[0.721s] writing nav_to_goal.egg-info/PKG-INFO
[0.721s] writing dependency_links to nav_to_goal.egg-info/dependency_links.txt
[0.721s] writing entry points to nav_to_goal.egg-info/entry_points.txt
[0.721s] writing requirements to nav_to_goal.egg-info/requires.txt
[0.721s] writing top-level names to nav_to_goal.egg-info/top_level.txt
[0.721s] writing manifest file 'nav_to_goal.egg-info/SOURCES.txt'
[0.736s] reading manifest file 'nav_to_goal.egg-info/SOURCES.txt'
[0.736s] writing manifest file 'nav_to_goal.egg-info/SOURCES.txt'
[0.744s] running build_ext
[0.744s] Creating /home/rokey/ROKEY_P3_A1/cobot3_ws/install/nav_to_goal/lib/python3.12/site-packages/nav-to-goal.egg-link (link to .)
[0.744s] Installing detector script to /home/rokey/ROKEY_P3_A1/cobot3_ws/install/nav_to_goal/lib/nav_to_goal
[0.744s] Installing nav_through_pose script to /home/rokey/ROKEY_P3_A1/cobot3_ws/install/nav_to_goal/lib/nav_to_goal
[0.744s] Installing nav_to_pose script to /home/rokey/ROKEY_P3_A1/cobot3_ws/install/nav_to_goal/lib/nav_to_goal
[0.745s] 
[0.745s] Installed /home/rokey/ROKEY_P3_A1/cobot3_ws/build/nav_to_goal
[0.745s] running symlink_data
[0.745s] creating /home/rokey/ROKEY_P3_A1/cobot3_ws/install/nav_to_goal/share/ament_index
[0.745s] creating /home/rokey/ROKEY_P3_A1/cobot3_ws/install/nav_to_goal/share/ament_index/resource_index
[0.745s] creating /home/rokey/ROKEY_P3_A1/cobot3_ws/install/nav_to_goal/share/ament_index/resource_index/packages
[0.745s] symbolically linking /home/rokey/ROKEY_P3_A1/cobot3_ws/build/nav_to_goal/resource/nav_to_goal -> /home/rokey/ROKEY_P3_A1/cobot3_ws/install/nav_to_goal/share/ament_index/resource_index/packages
[0.745s] symbolically linking /home/rokey/ROKEY_P3_A1/cobot3_ws/build/nav_to_goal/package.xml -> /home/rokey/ROKEY_P3_A1/cobot3_ws/install/nav_to_goal/share/nav_to_goal
[0.761s] Invoked command in '/home/rokey/ROKEY_P3_A1/cobot3_ws/build/nav_to_goal' returned '0': DEBUGINFOD_URLS=https://debuginfod.ubuntu.com PYTHONPATH=/home/rokey/ROKEY_P3_A1/cobot3_ws/build/nav_to_goal/prefix_override:/usr/lib/python3/dist-packages/colcon_core/task/python/colcon_distutils_commands:/home/rokey/ROKEY_P3_A1/cobot3_ws/install/nav_to_goal/lib/python3.12/site-packages:${PYTHONPATH} /usr/bin/python3 -W ignore:setup.py install is deprecated -W ignore:easy_install command is deprecated setup.py develop --editable --build-directory /home/rokey/ROKEY_P3_A1/cobot3_ws/build/nav_to_goal/build --no-deps symlink_data
