[0.007s] Invoking command in '/home/rokey/ROKEY_P3_A1/cobot3_ws/build/mir100_navigation': CMAKE_PREFIX_PATH=${CMAKE_PREFIX_PATH}:/opt/ros/jazzy DEBUGINFOD_URLS=https://debuginfod.ubuntu.com /usr/bin/cmake /home/rokey/ROKEY_P3_A1/cobot3_ws/src/mir100_navigation -DAMENT_CMAKE_SYMLINK_INSTALL=1 -DCMAKE_INSTALL_PREFIX=/home/rokey/ROKEY_P3_A1/cobot3_ws/install/mir100_navigation
[0.038s] -- The C compiler identification is GNU 13.3.0
[0.070s] -- The CXX compiler identification is GNU 13.3.0
[0.079s] -- Detecting C compiler ABI info
[0.131s] -- Detecting C compiler ABI info - done
[0.136s] -- Check for working C compiler: /usr/bin/cc - skipped
[0.136s] -- Detecting C compile features
[0.137s] -- Detecting C compile features - done
[0.142s] -- Detecting CXX compiler ABI info
[0.198s] -- Detecting CXX compiler ABI info - done
[0.204s] -- Check for working CXX compiler: /usr/bin/c++ - skipped
[0.204s] -- Detecting CXX compile features
[0.204s] -- Detecting CXX compile features - done
[0.207s] -- Found ament_cmake: 2.5.6 (/opt/ros/jazzy/share/ament_cmake/cmake)
[0.294s] -- Found Python3: /usr/bin/python3 (found version "3.12.3") found components: Interpreter 
[0.336s] -- Override CMake install command with custom implementation using symlinks instead of copying resources
[0.416s] -- Configuring done (0.4s)
[0.418s] -- Generating done (0.0s)
[0.419s] -- Build files have been written to: /home/rokey/ROKEY_P3_A1/cobot3_ws/build/mir100_navigation
[0.423s] Invoked command in '/home/rokey/ROKEY_P3_A1/cobot3_ws/build/mir100_navigation' returned '0': CMAKE_PREFIX_PATH=${CMAKE_PREFIX_PATH}:/opt/ros/jazzy DEBUGINFOD_URLS=https://debuginfod.ubuntu.com /usr/bin/cmake /home/rokey/ROKEY_P3_A1/cobot3_ws/src/mir100_navigation -DAMENT_CMAKE_SYMLINK_INSTALL=1 -DCMAKE_INSTALL_PREFIX=/home/rokey/ROKEY_P3_A1/cobot3_ws/install/mir100_navigation
[0.423s] Invoking command in '/home/rokey/ROKEY_P3_A1/cobot3_ws/build/mir100_navigation': CMAKE_PREFIX_PATH=${CMAKE_PREFIX_PATH}:/opt/ros/jazzy DEBUGINFOD_URLS=https://debuginfod.ubuntu.com /usr/bin/cmake --build /home/rokey/ROKEY_P3_A1/cobot3_ws/build/mir100_navigation -- -j24 -l24
[0.447s] Invoked command in '/home/rokey/ROKEY_P3_A1/cobot3_ws/build/mir100_navigation' returned '0': CMAKE_PREFIX_PATH=${CMAKE_PREFIX_PATH}:/opt/ros/jazzy DEBUGINFOD_URLS=https://debuginfod.ubuntu.com /usr/bin/cmake --build /home/rokey/ROKEY_P3_A1/cobot3_ws/build/mir100_navigation -- -j24 -l24
[0.454s] Invoking command in '/home/rokey/ROKEY_P3_A1/cobot3_ws/build/mir100_navigation': CMAKE_PREFIX_PATH=${CMAKE_PREFIX_PATH}:/opt/ros/jazzy DEBUGINFOD_URLS=https://debuginfod.ubuntu.com /usr/bin/cmake --install /home/rokey/ROKEY_P3_A1/cobot3_ws/build/mir100_navigation
[0.458s] -- Install configuration: ""
[0.458s] -- Execute custom install script
[0.459s] -- Symlinking: /home/rokey/ROKEY_P3_A1/cobot3_ws/install/mir100_navigation/share/mir100_navigation/launch/mir_navigation.launch.py
[0.463s] -- Symlinking: /home/rokey/ROKEY_P3_A1/cobot3_ws/install/mir100_navigation/share/mir100_navigation/params/mir100_navigation_params.yaml
[0.468s] -- Symlinking: /home/rokey/ROKEY_P3_A1/cobot3_ws/install/mir100_navigation/share/mir100_navigation/rviz2/mir100_navigation.rviz
[0.473s] -- Symlinking: /home/rokey/ROKEY_P3_A1/cobot3_ws/install/mir100_navigation/share/ament_index/resource_index/package_run_dependencies/mir100_navigation
[0.477s] -- Symlinking: /home/rokey/ROKEY_P3_A1/cobot3_ws/install/mir100_navigation/share/ament_index/resource_index/parent_prefix_path/mir100_navigation
[0.483s] -- Symlinking: /home/rokey/ROKEY_P3_A1/cobot3_ws/install/mir100_navigation/share/mir100_navigation/environment/ament_prefix_path.sh
[0.488s] -- Symlinking: /home/rokey/ROKEY_P3_A1/cobot3_ws/install/mir100_navigation/share/mir100_navigation/environment/ament_prefix_path.dsv
[0.493s] -- Symlinking: /home/rokey/ROKEY_P3_A1/cobot3_ws/install/mir100_navigation/share/mir100_navigation/environment/path.sh
[0.498s] -- Symlinking: /home/rokey/ROKEY_P3_A1/cobot3_ws/install/mir100_navigation/share/mir100_navigation/environment/path.dsv
[0.503s] -- Symlinking: /home/rokey/ROKEY_P3_A1/cobot3_ws/install/mir100_navigation/share/mir100_navigation/local_setup.bash
[0.508s] -- Symlinking: /home/rokey/ROKEY_P3_A1/cobot3_ws/install/mir100_navigation/share/mir100_navigation/local_setup.sh
[0.513s] -- Symlinking: /home/rokey/ROKEY_P3_A1/cobot3_ws/install/mir100_navigation/share/mir100_navigation/local_setup.zsh
[0.518s] -- Symlinking: /home/rokey/ROKEY_P3_A1/cobot3_ws/install/mir100_navigation/share/mir100_navigation/local_setup.dsv
[0.522s] -- Symlinking: /home/rokey/ROKEY_P3_A1/cobot3_ws/install/mir100_navigation/share/mir100_navigation/package.dsv
[0.527s] -- Symlinking: /home/rokey/ROKEY_P3_A1/cobot3_ws/install/mir100_navigation/share/ament_index/resource_index/packages/mir100_navigation
[0.532s] -- Symlinking: /home/rokey/ROKEY_P3_A1/cobot3_ws/install/mir100_navigation/share/mir100_navigation/cmake/mir100_navigationConfig.cmake
[0.537s] -- Symlinking: /home/rokey/ROKEY_P3_A1/cobot3_ws/install/mir100_navigation/share/mir100_navigation/cmake/mir100_navigationConfig-version.cmake
[0.542s] -- Symlinking: /home/rokey/ROKEY_P3_A1/cobot3_ws/install/mir100_navigation/share/mir100_navigation/package.xml
[0.548s] Invoked command in '/home/rokey/ROKEY_P3_A1/cobot3_ws/build/mir100_navigation' returned '0': CMAKE_PREFIX_PATH=${CMAKE_PREFIX_PATH}:/opt/ros/jazzy DEBUGINFOD_URLS=https://debuginfod.ubuntu.com /usr/bin/cmake --install /home/rokey/ROKEY_P3_A1/cobot3_ws/build/mir100_navigation
