[0.069s] DEBUG:colcon:Command line arguments: ['/usr/bin/colcon', 'build']
[0.069s] DEBUG:colcon:Parsed command line arguments: Namespace(log_base=None, log_level=None, verb_name='build', build_base='build', install_base='install', merge_install=False, symlink_install=False, test_result_base=None, continue_on_error=False, executor='parallel', parallel_workers=22, event_handlers=None, ignore_user_meta=False, metas=['./colcon.meta'], base_paths=['.'], packages_ignore=None, packages_ignore_regex=None, paths=None, packages_up_to=None, packages_up_to_regex=None, packages_above=None, packages_above_and_dependencies=None, packages_above_depth=None, packages_select_by_dep=None, packages_skip_by_dep=None, packages_skip_up_to=None, packages_select_build_failed=False, packages_skip_build_finished=False, packages_select_test_failures=False, packages_skip_test_passed=False, packages_select=None, packages_skip=None, packages_select_regex=None, packages_skip_regex=None, packages_start=None, packages_end=None, allow_overriding=[], cmake_args=None, cmake_target=None, cmake_target_skip_unavailable=False, cmake_clean_cache=False, cmake_clean_first=False, cmake_force_configure=False, ament_cmake_args=None, catkin_cmake_args=None, catkin_skip_building_tests=False, mixin_files=None, mixin=None, verb_parser=<colcon_mixin.mixin.mixin_argument.MixinArgumentDecorator object at 0x74a1ab2d7bf0>, verb_extension=<colcon_core.verb.build.BuildVerb object at 0x74a1ab377500>, main=<bound method BuildVerb.main of <colcon_core.verb.build.BuildVerb object at 0x74a1ab377500>>, mixin_verb=('build',))
[0.092s] Level 1:colcon.colcon_core.package_discovery:discover_packages(colcon_meta) check parameters
[0.092s] Level 1:colcon.colcon_core.package_discovery:discover_packages(recursive) check parameters
[0.092s] Level 1:colcon.colcon_core.package_discovery:discover_packages(ignore) check parameters
[0.092s] Level 1:colcon.colcon_core.package_discovery:discover_packages(path) check parameters
[0.092s] Level 1:colcon.colcon_core.package_discovery:discover_packages(colcon_meta) discover
[0.092s] Level 1:colcon.colcon_core.package_discovery:discover_packages(recursive) discover
[0.092s] INFO:colcon.colcon_core.package_discovery:Crawling recursively for packages in '/home/shbong/ROKEY_P3_A1/cobot3_ws'
[0.092s] Level 1:colcon.colcon_core.package_identification:_identify(.) by extensions ['ignore', 'ignore_ament_install']
[0.092s] Level 1:colcon.colcon_core.package_identification:_identify(.) by extension 'ignore'
[0.092s] Level 1:colcon.colcon_core.package_identification:_identify(.) by extension 'ignore_ament_install'
[0.092s] Level 1:colcon.colcon_core.package_identification:_identify(.) by extensions ['colcon_pkg']
[0.092s] Level 1:colcon.colcon_core.package_identification:_identify(.) by extension 'colcon_pkg'
[0.092s] Level 1:colcon.colcon_core.package_identification:_identify(.) by extensions ['colcon_meta']
[0.092s] Level 1:colcon.colcon_core.package_identification:_identify(.) by extension 'colcon_meta'
[0.092s] Level 1:colcon.colcon_core.package_identification:_identify(.) by extensions ['ros']
[0.092s] Level 1:colcon.colcon_core.package_identification:_identify(.) by extension 'ros'
[0.108s] Level 1:colcon.colcon_core.package_identification:_identify(.) by extensions ['cmake', 'python']
[0.108s] Level 1:colcon.colcon_core.package_identification:_identify(.) by extension 'cmake'
[0.108s] Level 1:colcon.colcon_core.package_identification:_identify(.) by extension 'python'
[0.108s] Level 1:colcon.colcon_core.package_identification:_identify(.) by extensions ['python_setup_py']
[0.108s] Level 1:colcon.colcon_core.package_identification:_identify(.) by extension 'python_setup_py'
[0.108s] Level 1:colcon.colcon_core.package_identification:_identify(build) by extensions ['ignore', 'ignore_ament_install']
[0.109s] Level 1:colcon.colcon_core.package_identification:_identify(build) by extension 'ignore'
[0.109s] Level 1:colcon.colcon_core.package_identification:_identify(build) ignored
[0.109s] Level 1:colcon.colcon_core.package_identification:_identify(install) by extensions ['ignore', 'ignore_ament_install']
[0.109s] Level 1:colcon.colcon_core.package_identification:_identify(install) by extension 'ignore'
[0.109s] Level 1:colcon.colcon_core.package_identification:_identify(install) ignored
[0.109s] Level 1:colcon.colcon_core.package_identification:_identify(issacpjt) by extensions ['ignore', 'ignore_ament_install']
[0.109s] Level 1:colcon.colcon_core.package_identification:_identify(issacpjt) by extension 'ignore'
[0.109s] Level 1:colcon.colcon_core.package_identification:_identify(issacpjt) by extension 'ignore_ament_install'
[0.109s] Level 1:colcon.colcon_core.package_identification:_identify(issacpjt) by extensions ['colcon_pkg']
[0.109s] Level 1:colcon.colcon_core.package_identification:_identify(issacpjt) by extension 'colcon_pkg'
[0.109s] Level 1:colcon.colcon_core.package_identification:_identify(issacpjt) by extensions ['colcon_meta']
[0.109s] Level 1:colcon.colcon_core.package_identification:_identify(issacpjt) by extension 'colcon_meta'
[0.109s] Level 1:colcon.colcon_core.package_identification:_identify(issacpjt) by extensions ['ros']
[0.109s] Level 1:colcon.colcon_core.package_identification:_identify(issacpjt) by extension 'ros'
[0.109s] Level 1:colcon.colcon_core.package_identification:_identify(issacpjt) by extensions ['cmake', 'python']
[0.109s] Level 1:colcon.colcon_core.package_identification:_identify(issacpjt) by extension 'cmake'
[0.109s] Level 1:colcon.colcon_core.package_identification:_identify(issacpjt) by extension 'python'
[0.109s] Level 1:colcon.colcon_core.package_identification:_identify(issacpjt) by extensions ['python_setup_py']
[0.109s] Level 1:colcon.colcon_core.package_identification:_identify(issacpjt) by extension 'python_setup_py'
[0.109s] Level 1:colcon.colcon_core.package_identification:_identify(log) by extensions ['ignore', 'ignore_ament_install']
[0.109s] Level 1:colcon.colcon_core.package_identification:_identify(log) by extension 'ignore'
[0.109s] Level 1:colcon.colcon_core.package_identification:_identify(log) ignored
[0.109s] Level 1:colcon.colcon_core.package_identification:_identify(nav2) by extensions ['ignore', 'ignore_ament_install']
[0.109s] Level 1:colcon.colcon_core.package_identification:_identify(nav2) by extension 'ignore'
[0.109s] Level 1:colcon.colcon_core.package_identification:_identify(nav2) by extension 'ignore_ament_install'
[0.109s] Level 1:colcon.colcon_core.package_identification:_identify(nav2) by extensions ['colcon_pkg']
[0.109s] Level 1:colcon.colcon_core.package_identification:_identify(nav2) by extension 'colcon_pkg'
[0.109s] Level 1:colcon.colcon_core.package_identification:_identify(nav2) by extensions ['colcon_meta']
[0.109s] Level 1:colcon.colcon_core.package_identification:_identify(nav2) by extension 'colcon_meta'
[0.109s] Level 1:colcon.colcon_core.package_identification:_identify(nav2) by extensions ['ros']
[0.109s] Level 1:colcon.colcon_core.package_identification:_identify(nav2) by extension 'ros'
[0.109s] Level 1:colcon.colcon_core.package_identification:_identify(nav2) by extensions ['cmake', 'python']
[0.109s] Level 1:colcon.colcon_core.package_identification:_identify(nav2) by extension 'cmake'
[0.109s] Level 1:colcon.colcon_core.package_identification:_identify(nav2) by extension 'python'
[0.110s] Level 1:colcon.colcon_core.package_identification:_identify(nav2) by extensions ['python_setup_py']
[0.110s] Level 1:colcon.colcon_core.package_identification:_identify(nav2) by extension 'python_setup_py'
[0.110s] Level 1:colcon.colcon_core.package_identification:_identify(nav2/config) by extensions ['ignore', 'ignore_ament_install']
[0.110s] Level 1:colcon.colcon_core.package_identification:_identify(nav2/config) by extension 'ignore'
[0.110s] Level 1:colcon.colcon_core.package_identification:_identify(nav2/config) by extension 'ignore_ament_install'
[0.110s] Level 1:colcon.colcon_core.package_identification:_identify(nav2/config) by extensions ['colcon_pkg']
[0.110s] Level 1:colcon.colcon_core.package_identification:_identify(nav2/config) by extension 'colcon_pkg'
[0.110s] Level 1:colcon.colcon_core.package_identification:_identify(nav2/config) by extensions ['colcon_meta']
[0.110s] Level 1:colcon.colcon_core.package_identification:_identify(nav2/config) by extension 'colcon_meta'
[0.110s] Level 1:colcon.colcon_core.package_identification:_identify(nav2/config) by extensions ['ros']
[0.110s] Level 1:colcon.colcon_core.package_identification:_identify(nav2/config) by extension 'ros'
[0.110s] Level 1:colcon.colcon_core.package_identification:_identify(nav2/config) by extensions ['cmake', 'python']
[0.110s] Level 1:colcon.colcon_core.package_identification:_identify(nav2/config) by extension 'cmake'
[0.110s] Level 1:colcon.colcon_core.package_identification:_identify(nav2/config) by extension 'python'
[0.110s] Level 1:colcon.colcon_core.package_identification:_identify(nav2/config) by extensions ['python_setup_py']
[0.110s] Level 1:colcon.colcon_core.package_identification:_identify(nav2/config) by extension 'python_setup_py'
[0.110s] Level 1:colcon.colcon_core.package_identification:_identify(nav2/maps) by extensions ['ignore', 'ignore_ament_install']
[0.110s] Level 1:colcon.colcon_core.package_identification:_identify(nav2/maps) by extension 'ignore'
[0.110s] Level 1:colcon.colcon_core.package_identification:_identify(nav2/maps) by extension 'ignore_ament_install'
[0.110s] Level 1:colcon.colcon_core.package_identification:_identify(nav2/maps) by extensions ['colcon_pkg']
[0.110s] Level 1:colcon.colcon_core.package_identification:_identify(nav2/maps) by extension 'colcon_pkg'
[0.110s] Level 1:colcon.colcon_core.package_identification:_identify(nav2/maps) by extensions ['colcon_meta']
[0.110s] Level 1:colcon.colcon_core.package_identification:_identify(nav2/maps) by extension 'colcon_meta'
[0.110s] Level 1:colcon.colcon_core.package_identification:_identify(nav2/maps) by extensions ['ros']
[0.110s] Level 1:colcon.colcon_core.package_identification:_identify(nav2/maps) by extension 'ros'
[0.110s] Level 1:colcon.colcon_core.package_identification:_identify(nav2/maps) by extensions ['cmake', 'python']
[0.110s] Level 1:colcon.colcon_core.package_identification:_identify(nav2/maps) by extension 'cmake'
[0.110s] Level 1:colcon.colcon_core.package_identification:_identify(nav2/maps) by extension 'python'
[0.110s] Level 1:colcon.colcon_core.package_identification:_identify(nav2/maps) by extensions ['python_setup_py']
[0.110s] Level 1:colcon.colcon_core.package_identification:_identify(nav2/maps) by extension 'python_setup_py'
[0.110s] Level 1:colcon.colcon_core.package_identification:_identify(src) by extensions ['ignore', 'ignore_ament_install']
[0.110s] Level 1:colcon.colcon_core.package_identification:_identify(src) by extension 'ignore'
[0.110s] Level 1:colcon.colcon_core.package_identification:_identify(src) by extension 'ignore_ament_install'
[0.110s] Level 1:colcon.colcon_core.package_identification:_identify(src) by extensions ['colcon_pkg']
[0.110s] Level 1:colcon.colcon_core.package_identification:_identify(src) by extension 'colcon_pkg'
[0.110s] Level 1:colcon.colcon_core.package_identification:_identify(src) by extensions ['colcon_meta']
[0.110s] Level 1:colcon.colcon_core.package_identification:_identify(src) by extension 'colcon_meta'
[0.110s] Level 1:colcon.colcon_core.package_identification:_identify(src) by extensions ['ros']
[0.110s] Level 1:colcon.colcon_core.package_identification:_identify(src) by extension 'ros'
[0.110s] Level 1:colcon.colcon_core.package_identification:_identify(src) by extensions ['cmake', 'python']
[0.110s] Level 1:colcon.colcon_core.package_identification:_identify(src) by extension 'cmake'
[0.110s] Level 1:colcon.colcon_core.package_identification:_identify(src) by extension 'python'
[0.110s] Level 1:colcon.colcon_core.package_identification:_identify(src) by extensions ['python_setup_py']
[0.110s] Level 1:colcon.colcon_core.package_identification:_identify(src) by extension 'python_setup_py'
[0.111s] Level 1:colcon.colcon_core.package_identification:_identify(src/smart_farm_interfaces) by extensions ['ignore', 'ignore_ament_install']
[0.111s] Level 1:colcon.colcon_core.package_identification:_identify(src/smart_farm_interfaces) by extension 'ignore'
[0.111s] Level 1:colcon.colcon_core.package_identification:_identify(src/smart_farm_interfaces) by extension 'ignore_ament_install'
[0.111s] Level 1:colcon.colcon_core.package_identification:_identify(src/smart_farm_interfaces) by extensions ['colcon_pkg']
[0.111s] Level 1:colcon.colcon_core.package_identification:_identify(src/smart_farm_interfaces) by extension 'colcon_pkg'
[0.111s] Level 1:colcon.colcon_core.package_identification:_identify(src/smart_farm_interfaces) by extensions ['colcon_meta']
[0.111s] Level 1:colcon.colcon_core.package_identification:_identify(src/smart_farm_interfaces) by extension 'colcon_meta'
[0.111s] Level 1:colcon.colcon_core.package_identification:_identify(src/smart_farm_interfaces) by extensions ['ros']
[0.111s] Level 1:colcon.colcon_core.package_identification:_identify(src/smart_farm_interfaces) by extension 'ros'
[0.112s] DEBUG:colcon.colcon_core.package_identification:Package 'src/smart_farm_interfaces' with type 'ros.ament_cmake' and name 'smart_farm_interfaces'
[0.112s] Level 1:colcon.colcon_core.package_discovery:discover_packages(recursive) using defaults
[0.112s] Level 1:colcon.colcon_core.package_discovery:discover_packages(ignore) discover
[0.112s] Level 1:colcon.colcon_core.package_discovery:discover_packages(ignore) using defaults
[0.112s] Level 1:colcon.colcon_core.package_discovery:discover_packages(path) discover
[0.112s] Level 1:colcon.colcon_core.package_discovery:discover_packages(path) using defaults
[0.123s] Level 1:colcon.colcon_core.package_discovery:discover_packages(prefix_path) check parameters
[0.123s] Level 1:colcon.colcon_core.package_discovery:discover_packages(prefix_path) discover
[0.125s] DEBUG:colcon.colcon_installed_package_information.package_discovery:Found 488 installed packages in /opt/ros/jazzy
[0.126s] Level 1:colcon.colcon_core.package_discovery:discover_packages(prefix_path) using defaults
[0.162s] Level 5:colcon.colcon_core.verb:set package 'smart_farm_interfaces' build argument 'cmake_args' from command line to 'None'
[0.162s] Level 5:colcon.colcon_core.verb:set package 'smart_farm_interfaces' build argument 'cmake_target' from command line to 'None'
[0.162s] Level 5:colcon.colcon_core.verb:set package 'smart_farm_interfaces' build argument 'cmake_target_skip_unavailable' from command line to 'False'
[0.162s] Level 5:colcon.colcon_core.verb:set package 'smart_farm_interfaces' build argument 'cmake_clean_cache' from command line to 'False'
[0.162s] Level 5:colcon.colcon_core.verb:set package 'smart_farm_interfaces' build argument 'cmake_clean_first' from command line to 'False'
[0.162s] Level 5:colcon.colcon_core.verb:set package 'smart_farm_interfaces' build argument 'cmake_force_configure' from command line to 'False'
[0.162s] Level 5:colcon.colcon_core.verb:set package 'smart_farm_interfaces' build argument 'ament_cmake_args' from command line to 'None'
[0.162s] Level 5:colcon.colcon_core.verb:set package 'smart_farm_interfaces' build argument 'catkin_cmake_args' from command line to 'None'
[0.162s] Level 5:colcon.colcon_core.verb:set package 'smart_farm_interfaces' build argument 'catkin_skip_building_tests' from command line to 'False'
[0.162s] DEBUG:colcon.colcon_core.verb:Building package 'smart_farm_interfaces' with the following arguments: {'ament_cmake_args': None, 'build_base': '/home/shbong/ROKEY_P3_A1/cobot3_ws/build/smart_farm_interfaces', 'catkin_cmake_args': None, 'catkin_skip_building_tests': False, 'cmake_args': None, 'cmake_clean_cache': False, 'cmake_clean_first': False, 'cmake_force_configure': False, 'cmake_target': None, 'cmake_target_skip_unavailable': False, 'install_base': '/home/shbong/ROKEY_P3_A1/cobot3_ws/install/smart_farm_interfaces', 'merge_install': False, 'path': '/home/shbong/ROKEY_P3_A1/cobot3_ws/src/smart_farm_interfaces', 'symlink_install': False, 'test_result_base': None}
[0.162s] INFO:colcon.colcon_core.executor:Executing jobs using 'parallel' executor
[0.163s] DEBUG:colcon.colcon_parallel_executor.executor.parallel:run_until_complete
[0.164s] INFO:colcon.colcon_ros.task.ament_cmake.build:Building ROS package in '/home/shbong/ROKEY_P3_A1/cobot3_ws/src/smart_farm_interfaces' with build type 'ament_cmake'
[0.164s] INFO:colcon.colcon_cmake.task.cmake.build:Building CMake package in '/home/shbong/ROKEY_P3_A1/cobot3_ws/src/smart_farm_interfaces'
[0.166s] INFO:colcon.colcon_core.plugin_system:Skipping extension 'colcon_core.shell.bat': Not used on non-Windows systems
[0.166s] INFO:colcon.colcon_core.shell:Skip shell extension 'powershell' for command environment: Not usable outside of PowerShell
[0.166s] DEBUG:colcon.colcon_core.shell:Skip shell extension 'dsv' for command environment
[0.176s] DEBUG:colcon.colcon_core.event_handler.log_command:Invoking command in '/home/shbong/ROKEY_P3_A1/cobot3_ws/build/smart_farm_interfaces': CMAKE_PREFIX_PATH=${CMAKE_PREFIX_PATH}:/opt/ros/jazzy DEBUGINFOD_URLS=https://debuginfod.ubuntu.com /usr/bin/cmake /home/shbong/ROKEY_P3_A1/cobot3_ws/src/smart_farm_interfaces -DCMAKE_INSTALL_PREFIX=/home/shbong/ROKEY_P3_A1/cobot3_ws/install/smart_farm_interfaces
[2.495s] DEBUG:colcon.colcon_core.event_handler.log_command:Invoked command in '/home/shbong/ROKEY_P3_A1/cobot3_ws/build/smart_farm_interfaces' returned '0': CMAKE_PREFIX_PATH=${CMAKE_PREFIX_PATH}:/opt/ros/jazzy DEBUGINFOD_URLS=https://debuginfod.ubuntu.com /usr/bin/cmake /home/shbong/ROKEY_P3_A1/cobot3_ws/src/smart_farm_interfaces -DCMAKE_INSTALL_PREFIX=/home/shbong/ROKEY_P3_A1/cobot3_ws/install/smart_farm_interfaces
[2.496s] DEBUG:colcon.colcon_core.event_handler.log_command:Invoking command in '/home/shbong/ROKEY_P3_A1/cobot3_ws/build/smart_farm_interfaces': CMAKE_PREFIX_PATH=${CMAKE_PREFIX_PATH}:/opt/ros/jazzy DEBUGINFOD_URLS=https://debuginfod.ubuntu.com /usr/bin/cmake --build /home/shbong/ROKEY_P3_A1/cobot3_ws/build/smart_farm_interfaces -- -j22 -l22
[4.358s] DEBUG:colcon.colcon_core.event_handler.log_command:Invoked command in '/home/shbong/ROKEY_P3_A1/cobot3_ws/build/smart_farm_interfaces' returned '0': CMAKE_PREFIX_PATH=${CMAKE_PREFIX_PATH}:/opt/ros/jazzy DEBUGINFOD_URLS=https://debuginfod.ubuntu.com /usr/bin/cmake --build /home/shbong/ROKEY_P3_A1/cobot3_ws/build/smart_farm_interfaces -- -j22 -l22
[4.367s] DEBUG:colcon.colcon_core.event_handler.log_command:Invoking command in '/home/shbong/ROKEY_P3_A1/cobot3_ws/build/smart_farm_interfaces': CMAKE_PREFIX_PATH=${CMAKE_PREFIX_PATH}:/opt/ros/jazzy DEBUGINFOD_URLS=https://debuginfod.ubuntu.com /usr/bin/cmake --install /home/shbong/ROKEY_P3_A1/cobot3_ws/build/smart_farm_interfaces
[4.415s] Level 1:colcon.colcon_core.environment:create_environment_scripts_only(smart_farm_interfaces)
[4.415s] DEBUG:colcon.colcon_core.event_handler.log_command:Invoked command in '/home/shbong/ROKEY_P3_A1/cobot3_ws/build/smart_farm_interfaces' returned '0': CMAKE_PREFIX_PATH=${CMAKE_PREFIX_PATH}:/opt/ros/jazzy DEBUGINFOD_URLS=https://debuginfod.ubuntu.com /usr/bin/cmake --install /home/shbong/ROKEY_P3_A1/cobot3_ws/build/smart_farm_interfaces
[4.417s] Level 1:colcon.colcon_core.environment:checking '/home/shbong/ROKEY_P3_A1/cobot3_ws/install/smart_farm_interfaces' for CMake module files
[4.417s] Level 1:colcon.colcon_core.environment:checking '/home/shbong/ROKEY_P3_A1/cobot3_ws/install/smart_farm_interfaces' for CMake config files
[4.417s] Level 1:colcon.colcon_core.shell:create_environment_hook('smart_farm_interfaces', 'cmake_prefix_path')
[4.417s] INFO:colcon.colcon_core.shell:Creating environment hook '/home/shbong/ROKEY_P3_A1/cobot3_ws/install/smart_farm_interfaces/share/smart_farm_interfaces/hook/cmake_prefix_path.ps1'
[4.418s] INFO:colcon.colcon_core.shell:Creating environment descriptor '/home/shbong/ROKEY_P3_A1/cobot3_ws/install/smart_farm_interfaces/share/smart_farm_interfaces/hook/cmake_prefix_path.dsv'
[4.418s] INFO:colcon.colcon_core.shell:Creating environment hook '/home/shbong/ROKEY_P3_A1/cobot3_ws/install/smart_farm_interfaces/share/smart_farm_interfaces/hook/cmake_prefix_path.sh'
[4.418s] Level 1:colcon.colcon_core.environment:checking '/home/shbong/ROKEY_P3_A1/cobot3_ws/install/smart_farm_interfaces/lib'
[4.418s] Level 1:colcon.colcon_core.shell:create_environment_hook('smart_farm_interfaces', 'ld_library_path_lib')
[4.418s] INFO:colcon.colcon_core.shell:Creating environment hook '/home/shbong/ROKEY_P3_A1/cobot3_ws/install/smart_farm_interfaces/share/smart_farm_interfaces/hook/ld_library_path_lib.ps1'
[4.419s] INFO:colcon.colcon_core.shell:Creating environment descriptor '/home/shbong/ROKEY_P3_A1/cobot3_ws/install/smart_farm_interfaces/share/smart_farm_interfaces/hook/ld_library_path_lib.dsv'
[4.419s] INFO:colcon.colcon_core.shell:Creating environment hook '/home/shbong/ROKEY_P3_A1/cobot3_ws/install/smart_farm_interfaces/share/smart_farm_interfaces/hook/ld_library_path_lib.sh'
[4.419s] Level 1:colcon.colcon_core.environment:checking '/home/shbong/ROKEY_P3_A1/cobot3_ws/install/smart_farm_interfaces/bin'
[4.419s] Level 1:colcon.colcon_core.environment:checking '/home/shbong/ROKEY_P3_A1/cobot3_ws/install/smart_farm_interfaces/lib/pkgconfig/smart_farm_interfaces.pc'
[4.419s] Level 1:colcon.colcon_core.environment:checking '/home/shbong/ROKEY_P3_A1/cobot3_ws/install/smart_farm_interfaces/lib/python3.12/site-packages'
[4.419s] Level 1:colcon.colcon_core.shell:create_environment_hook('smart_farm_interfaces', 'pythonpath')
[4.419s] INFO:colcon.colcon_core.shell:Creating environment hook '/home/shbong/ROKEY_P3_A1/cobot3_ws/install/smart_farm_interfaces/share/smart_farm_interfaces/hook/pythonpath.ps1'
[4.419s] INFO:colcon.colcon_core.shell:Creating environment descriptor '/home/shbong/ROKEY_P3_A1/cobot3_ws/install/smart_farm_interfaces/share/smart_farm_interfaces/hook/pythonpath.dsv'
[4.420s] INFO:colcon.colcon_core.shell:Creating environment hook '/home/shbong/ROKEY_P3_A1/cobot3_ws/install/smart_farm_interfaces/share/smart_farm_interfaces/hook/pythonpath.sh'
[4.420s] Level 1:colcon.colcon_core.environment:checking '/home/shbong/ROKEY_P3_A1/cobot3_ws/install/smart_farm_interfaces/bin'
[4.420s] INFO:colcon.colcon_core.shell:Creating package script '/home/shbong/ROKEY_P3_A1/cobot3_ws/install/smart_farm_interfaces/share/smart_farm_interfaces/package.ps1'
[4.421s] INFO:colcon.colcon_core.shell:Creating package descriptor '/home/shbong/ROKEY_P3_A1/cobot3_ws/install/smart_farm_interfaces/share/smart_farm_interfaces/package.dsv'
[4.421s] INFO:colcon.colcon_core.shell:Creating package script '/home/shbong/ROKEY_P3_A1/cobot3_ws/install/smart_farm_interfaces/share/smart_farm_interfaces/package.sh'
[4.422s] INFO:colcon.colcon_core.shell:Creating package script '/home/shbong/ROKEY_P3_A1/cobot3_ws/install/smart_farm_interfaces/share/smart_farm_interfaces/package.bash'
[4.422s] INFO:colcon.colcon_core.shell:Creating package script '/home/shbong/ROKEY_P3_A1/cobot3_ws/install/smart_farm_interfaces/share/smart_farm_interfaces/package.zsh'
[4.422s] Level 1:colcon.colcon_core.environment:create_file_with_runtime_dependencies(/home/shbong/ROKEY_P3_A1/cobot3_ws/install/smart_farm_interfaces/share/colcon-core/packages/smart_farm_interfaces)
[4.423s] Level 1:colcon.colcon_core.environment:create_environment_scripts_only(smart_farm_interfaces)
[4.423s] Level 1:colcon.colcon_core.environment:checking '/home/shbong/ROKEY_P3_A1/cobot3_ws/install/smart_farm_interfaces' for CMake module files
[4.423s] Level 1:colcon.colcon_core.environment:checking '/home/shbong/ROKEY_P3_A1/cobot3_ws/install/smart_farm_interfaces' for CMake config files
[4.423s] Level 1:colcon.colcon_core.shell:create_environment_hook('smart_farm_interfaces', 'cmake_prefix_path')
[4.423s] INFO:colcon.colcon_core.shell:Creating environment hook '/home/shbong/ROKEY_P3_A1/cobot3_ws/install/smart_farm_interfaces/share/smart_farm_interfaces/hook/cmake_prefix_path.ps1'
[4.424s] INFO:colcon.colcon_core.shell:Creating environment descriptor '/home/shbong/ROKEY_P3_A1/cobot3_ws/install/smart_farm_interfaces/share/smart_farm_interfaces/hook/cmake_prefix_path.dsv'
[4.424s] INFO:colcon.colcon_core.shell:Creating environment hook '/home/shbong/ROKEY_P3_A1/cobot3_ws/install/smart_farm_interfaces/share/smart_farm_interfaces/hook/cmake_prefix_path.sh'
[4.431s] Level 1:colcon.colcon_core.environment:checking '/home/shbong/ROKEY_P3_A1/cobot3_ws/install/smart_farm_interfaces/lib'
[4.431s] Level 1:colcon.colcon_core.shell:create_environment_hook('smart_farm_interfaces', 'ld_library_path_lib')
[4.431s] INFO:colcon.colcon_core.shell:Creating environment hook '/home/shbong/ROKEY_P3_A1/cobot3_ws/install/smart_farm_interfaces/share/smart_farm_interfaces/hook/ld_library_path_lib.ps1'
[4.431s] INFO:colcon.colcon_core.shell:Creating environment descriptor '/home/shbong/ROKEY_P3_A1/cobot3_ws/install/smart_farm_interfaces/share/smart_farm_interfaces/hook/ld_library_path_lib.dsv'
[4.431s] INFO:colcon.colcon_core.shell:Creating environment hook '/home/shbong/ROKEY_P3_A1/cobot3_ws/install/smart_farm_interfaces/share/smart_farm_interfaces/hook/ld_library_path_lib.sh'
[4.432s] Level 1:colcon.colcon_core.environment:checking '/home/shbong/ROKEY_P3_A1/cobot3_ws/install/smart_farm_interfaces/bin'
[4.432s] Level 1:colcon.colcon_core.environment:checking '/home/shbong/ROKEY_P3_A1/cobot3_ws/install/smart_farm_interfaces/lib/pkgconfig/smart_farm_interfaces.pc'
[4.432s] Level 1:colcon.colcon_core.environment:checking '/home/shbong/ROKEY_P3_A1/cobot3_ws/install/smart_farm_interfaces/lib/python3.12/site-packages'
[4.432s] Level 1:colcon.colcon_core.shell:create_environment_hook('smart_farm_interfaces', 'pythonpath')
[4.432s] INFO:colcon.colcon_core.shell:Creating environment hook '/home/shbong/ROKEY_P3_A1/cobot3_ws/install/smart_farm_interfaces/share/smart_farm_interfaces/hook/pythonpath.ps1'
[4.432s] INFO:colcon.colcon_core.shell:Creating environment descriptor '/home/shbong/ROKEY_P3_A1/cobot3_ws/install/smart_farm_interfaces/share/smart_farm_interfaces/hook/pythonpath.dsv'
[4.432s] INFO:colcon.colcon_core.shell:Creating environment hook '/home/shbong/ROKEY_P3_A1/cobot3_ws/install/smart_farm_interfaces/share/smart_farm_interfaces/hook/pythonpath.sh'
[4.433s] Level 1:colcon.colcon_core.environment:checking '/home/shbong/ROKEY_P3_A1/cobot3_ws/install/smart_farm_interfaces/bin'
[4.433s] INFO:colcon.colcon_core.shell:Creating package script '/home/shbong/ROKEY_P3_A1/cobot3_ws/install/smart_farm_interfaces/share/smart_farm_interfaces/package.ps1'
[4.433s] INFO:colcon.colcon_core.shell:Creating package descriptor '/home/shbong/ROKEY_P3_A1/cobot3_ws/install/smart_farm_interfaces/share/smart_farm_interfaces/package.dsv'
[4.434s] INFO:colcon.colcon_core.shell:Creating package script '/home/shbong/ROKEY_P3_A1/cobot3_ws/install/smart_farm_interfaces/share/smart_farm_interfaces/package.sh'
[4.434s] INFO:colcon.colcon_core.shell:Creating package script '/home/shbong/ROKEY_P3_A1/cobot3_ws/install/smart_farm_interfaces/share/smart_farm_interfaces/package.bash'
[4.434s] INFO:colcon.colcon_core.shell:Creating package script '/home/shbong/ROKEY_P3_A1/cobot3_ws/install/smart_farm_interfaces/share/smart_farm_interfaces/package.zsh'
[4.434s] Level 1:colcon.colcon_core.environment:create_file_with_runtime_dependencies(/home/shbong/ROKEY_P3_A1/cobot3_ws/install/smart_farm_interfaces/share/colcon-core/packages/smart_farm_interfaces)
[4.434s] DEBUG:colcon.colcon_parallel_executor.executor.parallel:closing loop
[4.435s] DEBUG:colcon.colcon_parallel_executor.executor.parallel:loop closed
[4.435s] DEBUG:colcon.colcon_parallel_executor.executor.parallel:run_until_complete finished with '0'
[4.435s] DEBUG:colcon.colcon_core.event_reactor:joining thread
[4.439s] INFO:colcon.colcon_core.plugin_system:Skipping extension 'colcon_notification.desktop_notification.terminal_notifier': Not used on non-Darwin systems
[4.439s] INFO:colcon.colcon_core.plugin_system:Skipping extension 'colcon_notification.desktop_notification.win32': Not used on non-Windows systems
[4.439s] INFO:colcon.colcon_notification.desktop_notification:Sending desktop notification using 'notify2'
[4.453s] DEBUG:colcon.colcon_core.event_reactor:joined thread
[4.453s] INFO:colcon.colcon_core.shell:Creating prefix script '/home/shbong/ROKEY_P3_A1/cobot3_ws/install/local_setup.ps1'
[4.454s] INFO:colcon.colcon_core.shell:Creating prefix util module '/home/shbong/ROKEY_P3_A1/cobot3_ws/install/_local_setup_util_ps1.py'
[4.454s] INFO:colcon.colcon_core.shell:Creating prefix chain script '/home/shbong/ROKEY_P3_A1/cobot3_ws/install/setup.ps1'
[4.455s] INFO:colcon.colcon_core.shell:Creating prefix script '/home/shbong/ROKEY_P3_A1/cobot3_ws/install/local_setup.sh'
[4.455s] INFO:colcon.colcon_core.shell:Creating prefix util module '/home/shbong/ROKEY_P3_A1/cobot3_ws/install/_local_setup_util_sh.py'
[4.455s] INFO:colcon.colcon_core.shell:Creating prefix chain script '/home/shbong/ROKEY_P3_A1/cobot3_ws/install/setup.sh'
[4.456s] INFO:colcon.colcon_core.shell:Creating prefix script '/home/shbong/ROKEY_P3_A1/cobot3_ws/install/local_setup.bash'
[4.456s] INFO:colcon.colcon_core.shell:Creating prefix chain script '/home/shbong/ROKEY_P3_A1/cobot3_ws/install/setup.bash'
[4.456s] INFO:colcon.colcon_core.shell:Creating prefix script '/home/shbong/ROKEY_P3_A1/cobot3_ws/install/local_setup.zsh'
[4.456s] INFO:colcon.colcon_core.shell:Creating prefix chain script '/home/shbong/ROKEY_P3_A1/cobot3_ws/install/setup.zsh'
