running develop
running egg_info
creating color_vision.egg-info
writing color_vision.egg-info/PKG-INFO
writing dependency_links to color_vision.egg-info/dependency_links.txt
writing entry points to color_vision.egg-info/entry_points.txt
writing requirements to color_vision.egg-info/requires.txt
writing top-level names to color_vision.egg-info/top_level.txt
writing manifest file 'color_vision.egg-info/SOURCES.txt'
reading manifest file 'color_vision.egg-info/SOURCES.txt'
writing manifest file 'color_vision.egg-info/SOURCES.txt'
running build_ext
Creating /home/rokey/ROKEY_P3_A1/cobot3_ws/install/color_vision/lib/python3.12/site-packages/color-vision.egg-link (link to .)
Installing color_detector script to /home/rokey/ROKEY_P3_A1/cobot3_ws/install/color_vision/lib/color_vision

Installed /home/rokey/ROKEY_P3_A1/cobot3_ws/build/color_vision
running symlink_data
creating /home/rokey/ROKEY_P3_A1/cobot3_ws/install/color_vision/share/ament_index
creating /home/rokey/ROKEY_P3_A1/cobot3_ws/install/color_vision/share/ament_index/resource_index
creating /home/rokey/ROKEY_P3_A1/cobot3_ws/install/color_vision/share/ament_index/resource_index/packages
symbolically linking /home/rokey/ROKEY_P3_A1/cobot3_ws/build/color_vision/resource/color_vision -> /home/rokey/ROKEY_P3_A1/cobot3_ws/install/color_vision/share/ament_index/resource_index/packages
symbolically linking /home/rokey/ROKEY_P3_A1/cobot3_ws/build/color_vision/package.xml -> /home/rokey/ROKEY_P3_A1/cobot3_ws/install/color_vision/share/color_vision
creating /home/rokey/ROKEY_P3_A1/cobot3_ws/install/color_vision/share/color_vision/config
symbolically linking /home/rokey/ROKEY_P3_A1/cobot3_ws/build/color_vision/config/color_detector.yaml -> /home/rokey/ROKEY_P3_A1/cobot3_ws/install/color_vision/share/color_vision/config
