[0.018s] Invoking command in '/home/rokey/ROKEY_P3_A1/cobot3_ws/build/mir100_navigation': CMAKE_PREFIX_PATH=${CMAKE_PREFIX_PATH}:/opt/ros/jazzy DEBUGINFOD_URLS=https://debuginfod.ubuntu.com /usr/bin/cmake --build /home/rokey/ROKEY_P3_A1/cobot3_ws/build/mir100_navigation -- -j8 -l8
[0.118s] Invoked command in '/home/rokey/ROKEY_P3_A1/cobot3_ws/build/mir100_navigation' returned '0': CMAKE_PREFIX_PATH=${CMAKE_PREFIX_PATH}:/opt/ros/jazzy DEBUGINFOD_URLS=https://debuginfod.ubuntu.com /usr/bin/cmake --build /home/rokey/ROKEY_P3_A1/cobot3_ws/build/mir100_navigation -- -j8 -l8
[0.132s] Invoking command in '/home/rokey/ROKEY_P3_A1/cobot3_ws/build/mir100_navigation': CMAKE_PREFIX_PATH=${CMAKE_PREFIX_PATH}:/opt/ros/jazzy DEBUGINFOD_URLS=https://debuginfod.ubuntu.com /usr/bin/cmake --install /home/rokey/ROKEY_P3_A1/cobot3_ws/build/mir100_navigation
[0.144s] -- Install configuration: ""
[0.145s] -- Execute custom install script
[0.148s] -- Up-to-date symlink: /home/rokey/ROKEY_P3_A1/cobot3_ws/install/mir100_navigation/share/mir100_navigation/launch/mir_navigation.launch.py
[0.149s] -- Up-to-date symlink: /home/rokey/ROKEY_P3_A1/cobot3_ws/install/mir100_navigation/share/mir100_navigation/params/mir100_navigation_params.yaml
[0.149s] -- Up-to-date symlink: /home/rokey/ROKEY_P3_A1/cobot3_ws/install/mir100_navigation/share/mir100_navigation/rviz2/mir100_navigation.rviz
[0.150s] -- Up-to-date symlink: /home/rokey/ROKEY_P3_A1/cobot3_ws/install/mir100_navigation/share/ament_index/resource_index/package_run_dependencies/mir100_navigation
[0.150s] -- Up-to-date symlink: /home/rokey/ROKEY_P3_A1/cobot3_ws/install/mir100_navigation/share/ament_index/resource_index/parent_prefix_path/mir100_navigation
[0.151s] -- Up-to-date symlink: /home/rokey/ROKEY_P3_A1/cobot3_ws/install/mir100_navigation/share/mir100_navigation/environment/ament_prefix_path.sh
[0.151s] -- Up-to-date symlink: /home/rokey/ROKEY_P3_A1/cobot3_ws/install/mir100_navigation/share/mir100_navigation/environment/ament_prefix_path.dsv
[0.151s] -- Up-to-date symlink: /home/rokey/ROKEY_P3_A1/cobot3_ws/install/mir100_navigation/share/mir100_navigation/environment/path.sh
[0.151s] -- Up-to-date symlink: /home/rokey/ROKEY_P3_A1/cobot3_ws/install/mir100_navigation/share/mir100_navigation/environment/path.dsv
[0.152s] -- Up-to-date symlink: /home/rokey/ROKEY_P3_A1/cobot3_ws/install/mir100_navigation/share/mir100_navigation/local_setup.bash
[0.152s] -- Up-to-date symlink: /home/rokey/ROKEY_P3_A1/cobot3_ws/install/mir100_navigation/share/mir100_navigation/local_setup.sh
[0.152s] -- Up-to-date symlink: /home/rokey/ROKEY_P3_A1/cobot3_ws/install/mir100_navigation/share/mir100_navigation/local_setup.zsh
[0.153s] -- Up-to-date symlink: /home/rokey/ROKEY_P3_A1/cobot3_ws/install/mir100_navigation/share/mir100_navigation/local_setup.dsv
[0.153s] -- Symlinking: /home/rokey/ROKEY_P3_A1/cobot3_ws/install/mir100_navigation/share/mir100_navigation/package.dsv
[0.166s] -- Up-to-date symlink: /home/rokey/ROKEY_P3_A1/cobot3_ws/install/mir100_navigation/share/ament_index/resource_index/packages/mir100_navigation
[0.167s] -- Up-to-date symlink: /home/rokey/ROKEY_P3_A1/cobot3_ws/install/mir100_navigation/share/mir100_navigation/cmake/mir100_navigationConfig.cmake
[0.167s] -- Up-to-date symlink: /home/rokey/ROKEY_P3_A1/cobot3_ws/install/mir100_navigation/share/mir100_navigation/cmake/mir100_navigationConfig-version.cmake
[0.167s] -- Up-to-date symlink: /home/rokey/ROKEY_P3_A1/cobot3_ws/install/mir100_navigation/share/mir100_navigation/package.xml
[0.169s] Invoked command in '/home/rokey/ROKEY_P3_A1/cobot3_ws/build/mir100_navigation' returned '0': CMAKE_PREFIX_PATH=${CMAKE_PREFIX_PATH}:/opt/ros/jazzy DEBUGINFOD_URLS=https://debuginfod.ubuntu.com /usr/bin/cmake --install /home/rokey/ROKEY_P3_A1/cobot3_ws/build/mir100_navigation
