[0.788s] Invoking command in '/home/rokey/ROKEY_P3_A1/cobot3_ws/build/smart_farm_interfaces': CMAKE_PREFIX_PATH=${CMAKE_PREFIX_PATH}:/opt/ros/jazzy DEBUGINFOD_URLS=https://debuginfod.ubuntu.com /usr/bin/cmake /home/rokey/ROKEY_P3_A1/cobot3_ws/src/smart_farm_interfaces -DAMENT_CMAKE_SYMLINK_INSTALL=1 -DCMAKE_INSTALL_PREFIX=/home/rokey/ROKEY_P3_A1/cobot3_ws/install/smart_farm_interfaces
[1.000s] -- The C compiler identification is GNU 13.3.0
[1.161s] -- The CXX compiler identification is GNU 13.3.0
[1.190s] -- Detecting C compiler ABI info
[1.402s] -- Detecting C compiler ABI info - done
[1.425s] -- Check for working C compiler: /usr/bin/cc - skipped
[1.426s] -- Detecting C compile features
[1.427s] -- Detecting C compile features - done
[1.446s] -- Detecting CXX compiler ABI info
[1.622s] -- Detecting CXX compiler ABI info - done
[1.639s] -- Check for working CXX compiler: /usr/bin/c++ - skipped
[1.640s] -- Detecting CXX compile features
[1.642s] -- Detecting CXX compile features - done
[1.678s] -- Found ament_cmake: 2.5.6 (/opt/ros/jazzy/share/ament_cmake/cmake)
[1.988s] -- Found Python3: /usr/bin/python3 (found version "3.12.3") found components: Interpreter 
[2.115s] -- Override CMake install command with custom implementation using symlinks instead of copying resources
[2.228s] -- Found rosidl_default_generators: 1.6.1 (/opt/ros/jazzy/share/rosidl_default_generators/cmake)
[2.251s] -- Using all available rosidl_typesupport_c: rosidl_typesupport_fastrtps_c;rosidl_typesupport_introspection_c
[2.377s] -- Using all available rosidl_typesupport_cpp: rosidl_typesupport_fastrtps_cpp;rosidl_typesupport_introspection_cpp
[2.563s] -- Found rosidl_adapter: 4.6.9 (/opt/ros/jazzy/share/rosidl_adapter/cmake)
[3.578s] -- Found ament_cmake_ros: 0.12.1 (/opt/ros/jazzy/share/ament_cmake_ros/cmake)
[4.143s] -- Using all available rosidl_typesupport_c: rosidl_typesupport_fastrtps_c;rosidl_typesupport_introspection_c
[5.117s] -- Using all available rosidl_typesupport_cpp: rosidl_typesupport_fastrtps_cpp;rosidl_typesupport_introspection_cpp
[5.126s] -- Found python_cmake_module: 0.11.1 (/opt/ros/jazzy/share/python_cmake_module/cmake)
[5.380s] -- Found PythonExtra: /usr/bin/python3  
[6.178s] -- Found Python3: /usr/bin/python3 (found version "3.12.3") found components: Interpreter Development NumPy Development.Module Development.Embed 
[6.274s] -- Found Python3: /usr/bin/python3 (found version "3.12.3") found components: Interpreter 
[6.282s] -- Found ament_lint_auto: 0.17.5 (/opt/ros/jazzy/share/ament_lint_auto/cmake)
[6.345s] -- Added test 'lint_cmake' to check CMake code style
[6.349s] -- Added test 'xmllint' to check XML markup files
[6.360s] -- Configuring done (5.6s)
[6.441s] -- Generating done (0.1s)
[6.461s] -- Build files have been written to: /home/rokey/ROKEY_P3_A1/cobot3_ws/build/smart_farm_interfaces
[6.498s] Invoked command in '/home/rokey/ROKEY_P3_A1/cobot3_ws/build/smart_farm_interfaces' returned '0': CMAKE_PREFIX_PATH=${CMAKE_PREFIX_PATH}:/opt/ros/jazzy DEBUGINFOD_URLS=https://debuginfod.ubuntu.com /usr/bin/cmake /home/rokey/ROKEY_P3_A1/cobot3_ws/src/smart_farm_interfaces -DAMENT_CMAKE_SYMLINK_INSTALL=1 -DCMAKE_INSTALL_PREFIX=/home/rokey/ROKEY_P3_A1/cobot3_ws/install/smart_farm_interfaces
[6.501s] Invoking command in '/home/rokey/ROKEY_P3_A1/cobot3_ws/build/smart_farm_interfaces': CMAKE_PREFIX_PATH=${CMAKE_PREFIX_PATH}:/opt/ros/jazzy DEBUGINFOD_URLS=https://debuginfod.ubuntu.com /usr/bin/cmake --build /home/rokey/ROKEY_P3_A1/cobot3_ws/build/smart_farm_interfaces -- -j8 -l8
[6.591s] [  2%] Generating type hashes for ROS interfaces
[6.592s] [  5%] Generating Rust code for ROS interfaces
[6.604s] [  5%] Built target ament_cmake_python_symlink_smart_farm_interfaces
[7.006s] [  5%] Built target smart_farm_interfaces__rosidl_generator_type_description
[7.023s] [  5%] Built target smart_farm_interfaces__rs
[7.027s] [  8%] Generating C code for ROS interfaces
[7.046s] [ 11%] Generating C++ code for ROS interfaces
[7.161s] running egg_info
[7.163s] creating smart_farm_interfaces.egg-info
[7.212s] writing smart_farm_interfaces.egg-info/PKG-INFO
[7.212s] writing dependency_links to smart_farm_interfaces.egg-info/dependency_links.txt
[7.213s] writing top-level names to smart_farm_interfaces.egg-info/top_level.txt
[7.213s] writing manifest file 'smart_farm_interfaces.egg-info/SOURCES.txt'
[7.328s] reading manifest file 'smart_farm_interfaces.egg-info/SOURCES.txt'
[7.328s] writing manifest file 'smart_farm_interfaces.egg-info/SOURCES.txt'
[7.385s] [ 11%] Built target ament_cmake_python_build_smart_farm_interfaces_egg
[7.539s] [ 11%] Built target smart_farm_interfaces__cpp
[7.564s] [ 17%] Building C object CMakeFiles/smart_farm_interfaces__rosidl_generator_c.dir/rosidl_generator_c/smart_farm_interfaces/srv/detail/start_cycle__functions.c.o
[7.564s] [ 17%] Building C object CMakeFiles/smart_farm_interfaces__rosidl_generator_c.dir/rosidl_generator_c/smart_farm_interfaces/srv/detail/start_cycle__type_support.c.o
[7.565s] [ 20%] Building C object CMakeFiles/smart_farm_interfaces__rosidl_generator_c.dir/rosidl_generator_c/smart_farm_interfaces/srv/detail/start_cycle__description.c.o
[7.733s] [ 22%] Linking C shared library libsmart_farm_interfaces__rosidl_generator_c.so
[7.796s] [ 22%] Built target smart_farm_interfaces__rosidl_generator_c
[7.821s] [ 28%] Generating C++ introspection for ROS interfaces
[7.821s] [ 28%] Generating C type support for eProsima Fast-RTPS
[7.821s] [ 34%] Generating C++ type support dispatch for ROS interfaces
[7.822s] [ 34%] Generating C++ type support for eProsima Fast-RTPS
[7.826s] [ 37%] Generating C type support dispatch for ROS interfaces
[7.828s] [ 40%] Generating C introspection for ROS interfaces
[8.669s] [ 42%] Building CXX object CMakeFiles/smart_farm_interfaces__rosidl_typesupport_cpp.dir/rosidl_typesupport_cpp/smart_farm_interfaces/srv/start_cycle__type_support.cpp.o
[8.713s] [ 45%] Building CXX object CMakeFiles/smart_farm_interfaces__rosidl_typesupport_introspection_cpp.dir/rosidl_typesupport_introspection_cpp/smart_farm_interfaces/srv/detail/start_cycle__type_support.cpp.o
[8.721s] [ 48%] Building CXX object CMakeFiles/smart_farm_interfaces__rosidl_typesupport_c.dir/rosidl_typesupport_c/smart_farm_interfaces/srv/start_cycle__type_support.cpp.o
[8.857s] [ 51%] Building C object CMakeFiles/smart_farm_interfaces__rosidl_typesupport_introspection_c.dir/rosidl_typesupport_introspection_c/smart_farm_interfaces/srv/detail/start_cycle__type_support.c.o
[8.871s] [ 54%] Building CXX object CMakeFiles/smart_farm_interfaces__rosidl_typesupport_fastrtps_c.dir/rosidl_typesupport_fastrtps_c/smart_farm_interfaces/srv/detail/start_cycle__type_support_c.cpp.o
[9.028s] [ 57%] Linking C shared library libsmart_farm_interfaces__rosidl_typesupport_introspection_c.so
[9.061s] [ 60%] Building CXX object CMakeFiles/smart_farm_interfaces__rosidl_typesupport_fastrtps_cpp.dir/rosidl_typesupport_fastrtps_cpp/smart_farm_interfaces/srv/detail/dds_fastrtps/start_cycle__type_support.cpp.o
[9.061s] [ 62%] Linking CXX shared library libsmart_farm_interfaces__rosidl_typesupport_c.so
[9.129s] [ 62%] Built target smart_farm_interfaces__rosidl_typesupport_introspection_c
[9.179s] [ 62%] Built target smart_farm_interfaces__rosidl_typesupport_c
[10.308s] [ 68%] Linking CXX shared library libsmart_farm_interfaces__rosidl_typesupport_cpp.so
[10.308s] [ 68%] Linking CXX shared library libsmart_farm_interfaces__rosidl_typesupport_introspection_cpp.so
[10.503s] [ 71%] Linking CXX shared library libsmart_farm_interfaces__rosidl_typesupport_fastrtps_c.so
[10.584s] [ 71%] Built target smart_farm_interfaces__rosidl_typesupport_introspection_cpp
[10.585s] [ 71%] Built target smart_farm_interfaces__rosidl_typesupport_cpp
[10.705s] [ 71%] Built target smart_farm_interfaces__rosidl_typesupport_fastrtps_c
[10.811s] [ 74%] Linking CXX shared library libsmart_farm_interfaces__rosidl_typesupport_fastrtps_cpp.so
[10.957s] [ 74%] Built target smart_farm_interfaces__rosidl_typesupport_fastrtps_cpp
[10.996s] [ 74%] Built target smart_farm_interfaces
[11.035s] [ 77%] Generating Python code for ROS interfaces
[11.679s] [ 77%] Built target smart_farm_interfaces__py
[11.710s] [ 80%] Building C object CMakeFiles/smart_farm_interfaces__rosidl_generator_py.dir/rosidl_generator_py/smart_farm_interfaces/srv/_start_cycle_s.c.o
[12.067s] [ 82%] Linking C shared library libsmart_farm_interfaces__rosidl_generator_py.so
[12.134s] [ 82%] Built target smart_farm_interfaces__rosidl_generator_py
[12.165s] [ 85%] Building C object CMakeFiles/smart_farm_interfaces_s__rosidl_typesupport_fastrtps_c.dir/rosidl_generator_py/smart_farm_interfaces/_smart_farm_interfaces_s.ep.rosidl_typesupport_fastrtps_c.c.o
[12.170s] [ 91%] Building C object CMakeFiles/smart_farm_interfaces_s__rosidl_typesupport_introspection_c.dir/rosidl_generator_py/smart_farm_interfaces/_smart_farm_interfaces_s.ep.rosidl_typesupport_introspection_c.c.o
[12.170s] [ 91%] Building C object CMakeFiles/smart_farm_interfaces_s__rosidl_typesupport_c.dir/rosidl_generator_py/smart_farm_interfaces/_smart_farm_interfaces_s.ep.rosidl_typesupport_c.c.o
[12.325s] [ 94%] Linking C shared module rosidl_generator_py/smart_farm_interfaces/smart_farm_interfaces_s__rosidl_typesupport_introspection_c.so
[12.326s] [ 97%] Linking C shared module rosidl_generator_py/smart_farm_interfaces/smart_farm_interfaces_s__rosidl_typesupport_c.so
[12.329s] [100%] Linking C shared module rosidl_generator_py/smart_farm_interfaces/smart_farm_interfaces_s__rosidl_typesupport_fastrtps_c.so
[12.373s] [100%] Built target smart_farm_interfaces_s__rosidl_typesupport_c
[12.373s] [100%] Built target smart_farm_interfaces_s__rosidl_typesupport_introspection_c
[12.376s] [100%] Built target smart_farm_interfaces_s__rosidl_typesupport_fastrtps_c
[12.398s] Invoked command in '/home/rokey/ROKEY_P3_A1/cobot3_ws/build/smart_farm_interfaces' returned '0': CMAKE_PREFIX_PATH=${CMAKE_PREFIX_PATH}:/opt/ros/jazzy DEBUGINFOD_URLS=https://debuginfod.ubuntu.com /usr/bin/cmake --build /home/rokey/ROKEY_P3_A1/cobot3_ws/build/smart_farm_interfaces -- -j8 -l8
[12.407s] Invoking command in '/home/rokey/ROKEY_P3_A1/cobot3_ws/build/smart_farm_interfaces': CMAKE_PREFIX_PATH=${CMAKE_PREFIX_PATH}:/opt/ros/jazzy DEBUGINFOD_URLS=https://debuginfod.ubuntu.com /usr/bin/cmake --install /home/rokey/ROKEY_P3_A1/cobot3_ws/build/smart_farm_interfaces
[12.425s] -- Install configuration: ""
[12.427s] -- Execute custom install script
[12.428s] -- Symlinking: /home/rokey/ROKEY_P3_A1/cobot3_ws/install/smart_farm_interfaces/share/ament_index/resource_index/rosidl_interfaces/smart_farm_interfaces
[12.446s] -- Symlinking: /home/rokey/ROKEY_P3_A1/cobot3_ws/install/smart_farm_interfaces/share/smart_farm_interfaces/srv/StartCycle.json
[12.462s] -- Symlinking: /home/rokey/ROKEY_P3_A1/cobot3_ws/install/smart_farm_interfaces/include/smart_farm_interfaces/smart_farm_interfaces/msg/rosidl_generator_c__visibility_control.h
[12.476s] -- Symlinking: /home/rokey/ROKEY_P3_A1/cobot3_ws/install/smart_farm_interfaces/include/smart_farm_interfaces/smart_farm_interfaces/srv/detail/start_cycle__functions.h
[12.491s] -- Symlinking: /home/rokey/ROKEY_P3_A1/cobot3_ws/install/smart_farm_interfaces/include/smart_farm_interfaces/smart_farm_interfaces/srv/detail/start_cycle__struct.h
[12.508s] -- Symlinking: /home/rokey/ROKEY_P3_A1/cobot3_ws/install/smart_farm_interfaces/include/smart_farm_interfaces/smart_farm_interfaces/srv/detail/start_cycle__type_support.h
[12.523s] -- Symlinking: /home/rokey/ROKEY_P3_A1/cobot3_ws/install/smart_farm_interfaces/include/smart_farm_interfaces/smart_farm_interfaces/srv/start_cycle.h
[12.537s] -- Symlinking: /home/rokey/ROKEY_P3_A1/cobot3_ws/install/smart_farm_interfaces/share/smart_farm_interfaces/environment/library_path.sh
[12.549s] -- Symlinking: /home/rokey/ROKEY_P3_A1/cobot3_ws/install/smart_farm_interfaces/share/smart_farm_interfaces/environment/library_path.dsv
[12.561s] -- Symlinking: /home/rokey/ROKEY_P3_A1/cobot3_ws/install/smart_farm_interfaces/include/smart_farm_interfaces/smart_farm_interfaces/msg/rosidl_typesupport_fastrtps_c__visibility_control.h
[12.573s] -- Symlinking: /home/rokey/ROKEY_P3_A1/cobot3_ws/install/smart_farm_interfaces/include/smart_farm_interfaces/smart_farm_interfaces/srv/detail/start_cycle__rosidl_typesupport_fastrtps_c.h
[12.586s] -- Symlinking: /home/rokey/ROKEY_P3_A1/cobot3_ws/install/smart_farm_interfaces/include/smart_farm_interfaces/smart_farm_interfaces/msg/rosidl_typesupport_introspection_c__visibility_control.h
[12.599s] -- Symlinking: /home/rokey/ROKEY_P3_A1/cobot3_ws/install/smart_farm_interfaces/include/smart_farm_interfaces/smart_farm_interfaces/srv/detail/start_cycle__rosidl_typesupport_introspection_c.h
[12.614s] -- Symlinking: /home/rokey/ROKEY_P3_A1/cobot3_ws/install/smart_farm_interfaces/include/smart_farm_interfaces/smart_farm_interfaces/msg/rosidl_generator_cpp__visibility_control.hpp
[12.626s] -- Symlinking: /home/rokey/ROKEY_P3_A1/cobot3_ws/install/smart_farm_interfaces/include/smart_farm_interfaces/smart_farm_interfaces/srv/detail/start_cycle__builder.hpp
[12.639s] -- Symlinking: /home/rokey/ROKEY_P3_A1/cobot3_ws/install/smart_farm_interfaces/include/smart_farm_interfaces/smart_farm_interfaces/srv/detail/start_cycle__struct.hpp
[12.652s] -- Symlinking: /home/rokey/ROKEY_P3_A1/cobot3_ws/install/smart_farm_interfaces/include/smart_farm_interfaces/smart_farm_interfaces/srv/detail/start_cycle__traits.hpp
[12.663s] -- Symlinking: /home/rokey/ROKEY_P3_A1/cobot3_ws/install/smart_farm_interfaces/include/smart_farm_interfaces/smart_farm_interfaces/srv/detail/start_cycle__type_support.hpp
[12.675s] -- Symlinking: /home/rokey/ROKEY_P3_A1/cobot3_ws/install/smart_farm_interfaces/include/smart_farm_interfaces/smart_farm_interfaces/srv/start_cycle.hpp
[12.688s] -- Symlinking: /home/rokey/ROKEY_P3_A1/cobot3_ws/install/smart_farm_interfaces/include/smart_farm_interfaces/smart_farm_interfaces/msg/rosidl_typesupport_fastrtps_cpp__visibility_control.h
[12.700s] -- Symlinking: /home/rokey/ROKEY_P3_A1/cobot3_ws/install/smart_farm_interfaces/include/smart_farm_interfaces/smart_farm_interfaces/srv/detail/start_cycle__rosidl_typesupport_fastrtps_cpp.hpp
[12.711s] -- Symlinking: /home/rokey/ROKEY_P3_A1/cobot3_ws/install/smart_farm_interfaces/include/smart_farm_interfaces/smart_farm_interfaces/srv/detail/start_cycle__rosidl_typesupport_introspection_cpp.hpp
[12.726s] -- Symlinking: /home/rokey/ROKEY_P3_A1/cobot3_ws/install/smart_farm_interfaces/share/smart_farm_interfaces/environment/pythonpath.sh
[12.741s] -- Symlinking: /home/rokey/ROKEY_P3_A1/cobot3_ws/install/smart_farm_interfaces/share/smart_farm_interfaces/environment/pythonpath.dsv
[12.755s] -- Symlinking: /home/rokey/ROKEY_P3_A1/cobot3_ws/install/smart_farm_interfaces/lib/python3.12/site-packages/smart_farm_interfaces-0.0.0-py3.12.egg-info/PKG-INFO
[12.768s] -- Symlinking: /home/rokey/ROKEY_P3_A1/cobot3_ws/install/smart_farm_interfaces/lib/python3.12/site-packages/smart_farm_interfaces-0.0.0-py3.12.egg-info/SOURCES.txt
[12.784s] -- Symlinking: /home/rokey/ROKEY_P3_A1/cobot3_ws/install/smart_farm_interfaces/lib/python3.12/site-packages/smart_farm_interfaces-0.0.0-py3.12.egg-info/dependency_links.txt
[12.797s] -- Symlinking: /home/rokey/ROKEY_P3_A1/cobot3_ws/install/smart_farm_interfaces/lib/python3.12/site-packages/smart_farm_interfaces-0.0.0-py3.12.egg-info/top_level.txt
[12.819s] -- Symlinking: /home/rokey/ROKEY_P3_A1/cobot3_ws/install/smart_farm_interfaces/lib/python3.12/site-packages/smart_farm_interfaces/__init__.py
[12.834s] -- Symlinking: /home/rokey/ROKEY_P3_A1/cobot3_ws/install/smart_farm_interfaces/lib/python3.12/site-packages/smart_farm_interfaces/_smart_farm_interfaces_s.ep.rosidl_typesupport_c.c
[12.845s] -- Symlinking: /home/rokey/ROKEY_P3_A1/cobot3_ws/install/smart_farm_interfaces/lib/python3.12/site-packages/smart_farm_interfaces/_smart_farm_interfaces_s.ep.rosidl_typesupport_fastrtps_c.c
[12.862s] -- Symlinking: /home/rokey/ROKEY_P3_A1/cobot3_ws/install/smart_farm_interfaces/lib/python3.12/site-packages/smart_farm_interfaces/_smart_farm_interfaces_s.ep.rosidl_typesupport_introspection_c.c
[12.874s] -- Symlinking: /home/rokey/ROKEY_P3_A1/cobot3_ws/install/smart_farm_interfaces/lib/python3.12/site-packages/smart_farm_interfaces/smart_farm_interfaces_s__rosidl_typesupport_c.so
[12.886s] -- Symlinking: /home/rokey/ROKEY_P3_A1/cobot3_ws/install/smart_farm_interfaces/lib/python3.12/site-packages/smart_farm_interfaces/smart_farm_interfaces_s__rosidl_typesupport_fastrtps_c.so
[12.897s] -- Symlinking: /home/rokey/ROKEY_P3_A1/cobot3_ws/install/smart_farm_interfaces/lib/python3.12/site-packages/smart_farm_interfaces/smart_farm_interfaces_s__rosidl_typesupport_introspection_c.so
[12.910s] -- Symlinking: /home/rokey/ROKEY_P3_A1/cobot3_ws/install/smart_farm_interfaces/lib/python3.12/site-packages/smart_farm_interfaces/srv/__init__.py
[12.923s] -- Symlinking: /home/rokey/ROKEY_P3_A1/cobot3_ws/install/smart_farm_interfaces/lib/python3.12/site-packages/smart_farm_interfaces/srv/_start_cycle.py
[12.935s] -- Symlinking: /home/rokey/ROKEY_P3_A1/cobot3_ws/install/smart_farm_interfaces/lib/python3.12/site-packages/smart_farm_interfaces/srv/_start_cycle_s.c
[12.945s] -- Up-to-date symlink: /home/rokey/ROKEY_P3_A1/cobot3_ws/install/smart_farm_interfaces/lib/python3.12/site-packages/smart_farm_interfaces/smart_farm_interfaces_s__rosidl_typesupport_fastrtps_c.so
[12.946s] -- Up-to-date symlink: /home/rokey/ROKEY_P3_A1/cobot3_ws/install/smart_farm_interfaces/lib/python3.12/site-packages/smart_farm_interfaces/smart_farm_interfaces_s__rosidl_typesupport_introspection_c.so
[12.946s] -- Up-to-date symlink: /home/rokey/ROKEY_P3_A1/cobot3_ws/install/smart_farm_interfaces/lib/python3.12/site-packages/smart_farm_interfaces/smart_farm_interfaces_s__rosidl_typesupport_c.so
[12.947s] -- Symlinking: /home/rokey/ROKEY_P3_A1/cobot3_ws/install/smart_farm_interfaces/share/smart_farm_interfaces/rust/Cargo.toml
[12.959s] -- Symlinking: /home/rokey/ROKEY_P3_A1/cobot3_ws/install/smart_farm_interfaces/share/smart_farm_interfaces/rust/build.rs
[12.975s] -- Symlinking: /home/rokey/ROKEY_P3_A1/cobot3_ws/install/smart_farm_interfaces/share/smart_farm_interfaces/rust/src/lib.rs
[12.989s] -- Symlinking: /home/rokey/ROKEY_P3_A1/cobot3_ws/install/smart_farm_interfaces/share/smart_farm_interfaces/rust/src/srv.rs
[13.001s] -- Symlinking: /home/rokey/ROKEY_P3_A1/cobot3_ws/install/smart_farm_interfaces/share/smart_farm_interfaces/rust/src/srv/rmw.rs
[13.013s] -- Symlinking: /home/rokey/ROKEY_P3_A1/cobot3_ws/install/smart_farm_interfaces/share/smart_farm_interfaces/srv/StartCycle.idl
[13.027s] -- Symlinking: /home/rokey/ROKEY_P3_A1/cobot3_ws/install/smart_farm_interfaces/share/smart_farm_interfaces/srv/StartCycle.srv
[13.040s] -- Symlinking: /home/rokey/ROKEY_P3_A1/cobot3_ws/install/smart_farm_interfaces/share/ament_index/resource_index/package_run_dependencies/smart_farm_interfaces
[13.053s] -- Symlinking: /home/rokey/ROKEY_P3_A1/cobot3_ws/install/smart_farm_interfaces/share/ament_index/resource_index/parent_prefix_path/smart_farm_interfaces
[13.067s] -- Symlinking: /home/rokey/ROKEY_P3_A1/cobot3_ws/install/smart_farm_interfaces/share/smart_farm_interfaces/environment/ament_prefix_path.sh
[13.079s] -- Symlinking: /home/rokey/ROKEY_P3_A1/cobot3_ws/install/smart_farm_interfaces/share/smart_farm_interfaces/environment/ament_prefix_path.dsv
[13.094s] -- Symlinking: /home/rokey/ROKEY_P3_A1/cobot3_ws/install/smart_farm_interfaces/share/smart_farm_interfaces/environment/path.sh
[13.108s] -- Symlinking: /home/rokey/ROKEY_P3_A1/cobot3_ws/install/smart_farm_interfaces/share/smart_farm_interfaces/environment/path.dsv
[13.120s] -- Symlinking: /home/rokey/ROKEY_P3_A1/cobot3_ws/install/smart_farm_interfaces/share/smart_farm_interfaces/local_setup.bash
[13.131s] -- Symlinking: /home/rokey/ROKEY_P3_A1/cobot3_ws/install/smart_farm_interfaces/share/smart_farm_interfaces/local_setup.sh
[13.143s] -- Symlinking: /home/rokey/ROKEY_P3_A1/cobot3_ws/install/smart_farm_interfaces/share/smart_farm_interfaces/local_setup.zsh
[13.156s] -- Symlinking: /home/rokey/ROKEY_P3_A1/cobot3_ws/install/smart_farm_interfaces/share/smart_farm_interfaces/local_setup.dsv
[13.169s] -- Symlinking: /home/rokey/ROKEY_P3_A1/cobot3_ws/install/smart_farm_interfaces/share/smart_farm_interfaces/package.dsv
[13.180s] -- Symlinking: /home/rokey/ROKEY_P3_A1/cobot3_ws/install/smart_farm_interfaces/share/ament_index/resource_index/packages/smart_farm_interfaces
[13.192s] -- Symlinking: /home/rokey/ROKEY_P3_A1/cobot3_ws/install/smart_farm_interfaces/share/smart_farm_interfaces/cmake/rosidl_cmake-extras.cmake
[13.204s] -- Symlinking: /home/rokey/ROKEY_P3_A1/cobot3_ws/install/smart_farm_interfaces/share/smart_farm_interfaces/cmake/ament_cmake_export_dependencies-extras.cmake
[13.219s] -- Symlinking: /home/rokey/ROKEY_P3_A1/cobot3_ws/install/smart_farm_interfaces/share/smart_farm_interfaces/cmake/ament_cmake_export_include_directories-extras.cmake
[13.237s] -- Symlinking: /home/rokey/ROKEY_P3_A1/cobot3_ws/install/smart_farm_interfaces/share/smart_farm_interfaces/cmake/ament_cmake_export_libraries-extras.cmake
[13.251s] -- Symlinking: /home/rokey/ROKEY_P3_A1/cobot3_ws/install/smart_farm_interfaces/share/smart_farm_interfaces/cmake/ament_cmake_export_targets-extras.cmake
[13.264s] -- Symlinking: /home/rokey/ROKEY_P3_A1/cobot3_ws/install/smart_farm_interfaces/share/smart_farm_interfaces/cmake/rosidl_cmake_export_typesupport_targets-extras.cmake
[13.277s] -- Symlinking: /home/rokey/ROKEY_P3_A1/cobot3_ws/install/smart_farm_interfaces/share/smart_farm_interfaces/cmake/rosidl_cmake_export_typesupport_libraries-extras.cmake
[13.289s] -- Symlinking: /home/rokey/ROKEY_P3_A1/cobot3_ws/install/smart_farm_interfaces/share/smart_farm_interfaces/cmake/rosidl_cmake_aggregate_target-extras.cmake
[13.301s] -- Symlinking: /home/rokey/ROKEY_P3_A1/cobot3_ws/install/smart_farm_interfaces/share/smart_farm_interfaces/cmake/smart_farm_interfacesConfig.cmake
[13.311s] -- Symlinking: /home/rokey/ROKEY_P3_A1/cobot3_ws/install/smart_farm_interfaces/share/smart_farm_interfaces/cmake/smart_farm_interfacesConfig-version.cmake
[13.323s] -- Symlinking: /home/rokey/ROKEY_P3_A1/cobot3_ws/install/smart_farm_interfaces/share/smart_farm_interfaces/package.xml
[13.336s] -- Installing: /home/rokey/ROKEY_P3_A1/cobot3_ws/install/smart_farm_interfaces/lib/libsmart_farm_interfaces__rosidl_generator_c.so
[13.337s] -- Set non-toolchain portion of runtime path of "/home/rokey/ROKEY_P3_A1/cobot3_ws/install/smart_farm_interfaces/lib/libsmart_farm_interfaces__rosidl_generator_c.so" to ""
[13.337s] -- Installing: /home/rokey/ROKEY_P3_A1/cobot3_ws/install/smart_farm_interfaces/lib/libsmart_farm_interfaces__rosidl_typesupport_fastrtps_c.so
[13.338s] -- Set non-toolchain portion of runtime path of "/home/rokey/ROKEY_P3_A1/cobot3_ws/install/smart_farm_interfaces/lib/libsmart_farm_interfaces__rosidl_typesupport_fastrtps_c.so" to ""
[13.338s] -- Installing: /home/rokey/ROKEY_P3_A1/cobot3_ws/install/smart_farm_interfaces/lib/libsmart_farm_interfaces__rosidl_typesupport_introspection_c.so
[13.338s] -- Set non-toolchain portion of runtime path of "/home/rokey/ROKEY_P3_A1/cobot3_ws/install/smart_farm_interfaces/lib/libsmart_farm_interfaces__rosidl_typesupport_introspection_c.so" to ""
[13.339s] -- Installing: /home/rokey/ROKEY_P3_A1/cobot3_ws/install/smart_farm_interfaces/lib/libsmart_farm_interfaces__rosidl_typesupport_c.so
[13.339s] -- Set non-toolchain portion of runtime path of "/home/rokey/ROKEY_P3_A1/cobot3_ws/install/smart_farm_interfaces/lib/libsmart_farm_interfaces__rosidl_typesupport_c.so" to ""
[13.339s] -- Installing: /home/rokey/ROKEY_P3_A1/cobot3_ws/install/smart_farm_interfaces/lib/libsmart_farm_interfaces__rosidl_typesupport_fastrtps_cpp.so
[13.340s] -- Set non-toolchain portion of runtime path of "/home/rokey/ROKEY_P3_A1/cobot3_ws/install/smart_farm_interfaces/lib/libsmart_farm_interfaces__rosidl_typesupport_fastrtps_cpp.so" to ""
[13.340s] -- Installing: /home/rokey/ROKEY_P3_A1/cobot3_ws/install/smart_farm_interfaces/lib/libsmart_farm_interfaces__rosidl_typesupport_introspection_cpp.so
[13.341s] -- Set non-toolchain portion of runtime path of "/home/rokey/ROKEY_P3_A1/cobot3_ws/install/smart_farm_interfaces/lib/libsmart_farm_interfaces__rosidl_typesupport_introspection_cpp.so" to ""
[13.341s] -- Installing: /home/rokey/ROKEY_P3_A1/cobot3_ws/install/smart_farm_interfaces/lib/libsmart_farm_interfaces__rosidl_typesupport_cpp.so
[13.341s] -- Set non-toolchain portion of runtime path of "/home/rokey/ROKEY_P3_A1/cobot3_ws/install/smart_farm_interfaces/lib/libsmart_farm_interfaces__rosidl_typesupport_cpp.so" to ""
[13.408s] Listing '/home/rokey/ROKEY_P3_A1/cobot3_ws/install/smart_farm_interfaces/lib/python3.12/site-packages/smart_farm_interfaces'...
[13.408s] Compiling '/home/rokey/ROKEY_P3_A1/cobot3_ws/install/smart_farm_interfaces/lib/python3.12/site-packages/smart_farm_interfaces/__init__.py'...
[13.408s] Listing '/home/rokey/ROKEY_P3_A1/cobot3_ws/install/smart_farm_interfaces/lib/python3.12/site-packages/smart_farm_interfaces/srv'...
[13.409s] Compiling '/home/rokey/ROKEY_P3_A1/cobot3_ws/install/smart_farm_interfaces/lib/python3.12/site-packages/smart_farm_interfaces/srv/__init__.py'...
[13.409s] Compiling '/home/rokey/ROKEY_P3_A1/cobot3_ws/install/smart_farm_interfaces/lib/python3.12/site-packages/smart_farm_interfaces/srv/_start_cycle.py'...
[13.419s] -- Installing: /home/rokey/ROKEY_P3_A1/cobot3_ws/install/smart_farm_interfaces/lib/libsmart_farm_interfaces__rosidl_generator_py.so
[13.420s] -- Set non-toolchain portion of runtime path of "/home/rokey/ROKEY_P3_A1/cobot3_ws/install/smart_farm_interfaces/lib/libsmart_farm_interfaces__rosidl_generator_py.so" to ""
[13.420s] -- Installing: /home/rokey/ROKEY_P3_A1/cobot3_ws/install/smart_farm_interfaces/share/smart_farm_interfaces/cmake/export_smart_farm_interfaces__rosidl_generator_cExport.cmake
[13.420s] -- Installing: /home/rokey/ROKEY_P3_A1/cobot3_ws/install/smart_farm_interfaces/share/smart_farm_interfaces/cmake/export_smart_farm_interfaces__rosidl_generator_cExport-noconfig.cmake
[13.421s] -- Installing: /home/rokey/ROKEY_P3_A1/cobot3_ws/install/smart_farm_interfaces/share/smart_farm_interfaces/cmake/export_smart_farm_interfaces__rosidl_typesupport_fastrtps_cExport.cmake
[13.422s] -- Installing: /home/rokey/ROKEY_P3_A1/cobot3_ws/install/smart_farm_interfaces/share/smart_farm_interfaces/cmake/export_smart_farm_interfaces__rosidl_typesupport_fastrtps_cExport-noconfig.cmake
[13.422s] -- Installing: /home/rokey/ROKEY_P3_A1/cobot3_ws/install/smart_farm_interfaces/share/smart_farm_interfaces/cmake/smart_farm_interfaces__rosidl_typesupport_introspection_cExport.cmake
[13.422s] -- Installing: /home/rokey/ROKEY_P3_A1/cobot3_ws/install/smart_farm_interfaces/share/smart_farm_interfaces/cmake/smart_farm_interfaces__rosidl_typesupport_introspection_cExport-noconfig.cmake
[13.423s] -- Installing: /home/rokey/ROKEY_P3_A1/cobot3_ws/install/smart_farm_interfaces/share/smart_farm_interfaces/cmake/smart_farm_interfaces__rosidl_typesupport_cExport.cmake
[13.423s] -- Installing: /home/rokey/ROKEY_P3_A1/cobot3_ws/install/smart_farm_interfaces/share/smart_farm_interfaces/cmake/smart_farm_interfaces__rosidl_typesupport_cExport-noconfig.cmake
[13.424s] -- Installing: /home/rokey/ROKEY_P3_A1/cobot3_ws/install/smart_farm_interfaces/share/smart_farm_interfaces/cmake/export_smart_farm_interfaces__rosidl_generator_cppExport.cmake
[13.424s] -- Installing: /home/rokey/ROKEY_P3_A1/cobot3_ws/install/smart_farm_interfaces/share/smart_farm_interfaces/cmake/export_smart_farm_interfaces__rosidl_typesupport_fastrtps_cppExport.cmake
[13.424s] -- Installing: /home/rokey/ROKEY_P3_A1/cobot3_ws/install/smart_farm_interfaces/share/smart_farm_interfaces/cmake/export_smart_farm_interfaces__rosidl_typesupport_fastrtps_cppExport-noconfig.cmake
[13.425s] -- Installing: /home/rokey/ROKEY_P3_A1/cobot3_ws/install/smart_farm_interfaces/share/smart_farm_interfaces/cmake/smart_farm_interfaces__rosidl_typesupport_introspection_cppExport.cmake
[13.425s] -- Installing: /home/rokey/ROKEY_P3_A1/cobot3_ws/install/smart_farm_interfaces/share/smart_farm_interfaces/cmake/smart_farm_interfaces__rosidl_typesupport_introspection_cppExport-noconfig.cmake
[13.426s] -- Installing: /home/rokey/ROKEY_P3_A1/cobot3_ws/install/smart_farm_interfaces/share/smart_farm_interfaces/cmake/smart_farm_interfaces__rosidl_typesupport_cppExport.cmake
[13.426s] -- Installing: /home/rokey/ROKEY_P3_A1/cobot3_ws/install/smart_farm_interfaces/share/smart_farm_interfaces/cmake/smart_farm_interfaces__rosidl_typesupport_cppExport-noconfig.cmake
[13.426s] -- Installing: /home/rokey/ROKEY_P3_A1/cobot3_ws/install/smart_farm_interfaces/share/smart_farm_interfaces/cmake/export_smart_farm_interfaces__rosidl_generator_pyExport.cmake
[13.427s] -- Installing: /home/rokey/ROKEY_P3_A1/cobot3_ws/install/smart_farm_interfaces/share/smart_farm_interfaces/cmake/export_smart_farm_interfaces__rosidl_generator_pyExport-noconfig.cmake
[13.432s] Invoked command in '/home/rokey/ROKEY_P3_A1/cobot3_ws/build/smart_farm_interfaces' returned '0': CMAKE_PREFIX_PATH=${CMAKE_PREFIX_PATH}:/opt/ros/jazzy DEBUGINFOD_URLS=https://debuginfod.ubuntu.com /usr/bin/cmake --install /home/rokey/ROKEY_P3_A1/cobot3_ws/build/smart_farm_interfaces
